Archive member included to satisfy reference by file (symbol)

D:/devkitPro/libgba/lib\libfat.a(libfat.o)
                              biosdumper.o (fatInitDefault)
D:/devkitPro/libgba/lib\libfat.a(disc.o)
                              D:/devkitPro/libgba/lib\libfat.a(libfat.o) (_FAT_disc_interfaces)
D:/devkitPro/libgba/lib\libfat.a(fatfile.o)
                              D:/devkitPro/libgba/lib\libfat.a(libfat.o) (_FAT_open_r)
D:/devkitPro/libgba/lib\libfat.a(cache.o)
                              D:/devkitPro/libgba/lib\libfat.a(fatfile.o) (_FAT_cache_readSectors)
D:/devkitPro/libgba/lib\libfat.a(fatdir.o)
                              D:/devkitPro/libgba/lib\libfat.a(libfat.o) (_FAT_stat_r)
D:/devkitPro/libgba/lib\libfat.a(directory.o)
                              D:/devkitPro/libgba/lib\libfat.a(fatfile.o) (_FAT_directory_entryGetCluster)
D:/devkitPro/libgba/lib\libfat.a(partition.o)
                              D:/devkitPro/libgba/lib\libfat.a(libfat.o) (_FAT_partition_constructor)
D:/devkitPro/libgba/lib\libfat.a(lock.o)
                              D:/devkitPro/libgba/lib\libfat.a(partition.o) (_FAT_lock_init)
D:/devkitPro/libgba/lib\libfat.a(filetime.o)
                              D:/devkitPro/libgba/lib\libfat.a(fatfile.o) (_FAT_filetime_getTimeFromRTC)
D:/devkitPro/libgba/lib\libfat.a(file_allocation_table.o)
                              D:/devkitPro/libgba/lib\libfat.a(fatfile.o) (_FAT_fat_nextCluster)
D:/devkitPro/libgba/lib\libgba.a(interrupt.o)
                              biosdumper.o (irqInit)
D:/devkitPro/libgba/lib\libgba.a(console.o)
                              biosdumper.o (consoleDemoInit)
D:/devkitPro/libgba/lib\libgba.a(disc.o)
                              D:/devkitPro/libgba/lib\libfat.a(disc.o) (discGetInterface)
D:/devkitPro/libgba/lib\libgba.a(io_m3sd.o)
                              D:/devkitPro/libgba/lib\libgba.a(disc.o) (_io_m3sd)
D:/devkitPro/libgba/lib\libgba.a(io_m3_common.o)
                              D:/devkitPro/libgba/lib\libgba.a(io_m3sd.o) (_M3_changeMode)
D:/devkitPro/libgba/lib\libgba.a(io_sccf.o)
                              D:/devkitPro/libgba/lib\libgba.a(disc.o) (_io_sccf)
D:/devkitPro/libgba/lib\libgba.a(io_scsd.o)
                              D:/devkitPro/libgba/lib\libgba.a(disc.o) (_io_scsd)
D:/devkitPro/libgba/lib\libgba.a(io_m3cf.o)
                              D:/devkitPro/libgba/lib\libgba.a(disc.o) (_io_m3cf)
D:/devkitPro/libgba/lib\libgba.a(io_cf_common.o)
                              D:/devkitPro/libgba/lib\libgba.a(io_sccf.o) (_CF_isInserted)
D:/devkitPro/libgba/lib\libgba.a(io_mpcf.o)
                              D:/devkitPro/libgba/lib\libgba.a(disc.o) (_io_mpcf)
D:/devkitPro/libgba/lib\libgba.a(InterruptDispatcher.o)
                              D:/devkitPro/libgba/lib\libgba.a(interrupt.o) (IntrMain)
D:/devkitPro/libgba/lib\libgba.a(Sound.o)
                              biosdumper.o (MidiKey2Freq)
D:/devkitPro/libgba/lib\libgba.a(io_scsd_s.o)
                              D:/devkitPro/libgba/lib\libgba.a(io_scsd.o) (_SCSD_writeData_s)
D:/devkitPro/libgba/lib\libgba.a(amiga.fnt.o)
                              D:/devkitPro/libgba/lib\libgba.a(console.o) (amiga_fnt_size)
D:/devkitPro/libgba/lib\libgba.a(CpuSet.o)
                              D:/devkitPro/libgba/lib\libgba.a(console.o) (CpuFastSet)
D:/devkitPro/libgba/lib\libgba.a(io_sd_common.o)
                              D:/devkitPro/libgba/lib\libgba.a(io_scsd.o) (_SD_CRC7)
D:/devkitPro/libgba/lib\libgba.a(io_sc_common.o)
                              D:/devkitPro/libgba/lib\libgba.a(io_sccf.o) (_SC_changeMode)
d:/devkitpro/devkitarm/bin/../lib/gcc/arm-none-eabi/9.1.0/thumb\libgcc.a(_udivsi3.o)
                              D:/devkitPro/libgba/lib\libfat.a(fatfile.o) (__aeabi_uidiv)
d:/devkitpro/devkitarm/bin/../lib/gcc/arm-none-eabi/9.1.0/thumb\libgcc.a(_divsi3.o)
                              D:/devkitPro/libgba/lib\libfat.a(directory.o) (__aeabi_idiv)
d:/devkitpro/devkitarm/bin/../lib/gcc/arm-none-eabi/9.1.0/thumb\libgcc.a(_dvmd_tls.o)
                              d:/devkitpro/devkitarm/bin/../lib/gcc/arm-none-eabi/9.1.0/thumb\libgcc.a(_udivsi3.o) (__aeabi_idiv0)
d:/devkitpro/devkitarm/bin/../lib/gcc/arm-none-eabi/9.1.0/thumb\libgcc.a(_aeabi_ldivmod.o)
                              D:/devkitPro/libgba/lib\libfat.a(directory.o) (__aeabi_ldivmod)
d:/devkitpro/devkitarm/bin/../lib/gcc/arm-none-eabi/9.1.0/thumb\libgcc.a(_muldi3.o)
                              D:/devkitPro/libgba/lib\libfat.a(partition.o) (__aeabi_lmul)
d:/devkitpro/devkitarm/bin/../lib/gcc/arm-none-eabi/9.1.0/thumb\libgcc.a(_udivmoddi4.o)
                              d:/devkitpro/devkitarm/bin/../lib/gcc/arm-none-eabi/9.1.0/thumb\libgcc.a(_aeabi_ldivmod.o) (__udivmoddi4)
d:/devkitpro/devkitarm/bin/../lib/gcc/arm-none-eabi/9.1.0/thumb\libgcc.a(_clzdi2.o)
                              d:/devkitpro/devkitarm/bin/../lib/gcc/arm-none-eabi/9.1.0/thumb\libgcc.a(_udivmoddi4.o) (__clzdi2)
[...]
Memory Configuration

Name             Origin             Length             Attributes
rom              0x0000000008000000 0x0000000002000000
iwram            0x0000000003000000 0x0000000000008000
ewram            0x0000000002000000 0x0000000000040000
*default*        0x0000000000000000 0xffffffffffffffff

Linker script and memory map

                0x0000000002000000                __text_start = ORIGIN (ewram)
                0x0000000002040000                __eheap_end = (ORIGIN (ewram) + LENGTH (ewram))
                0x0000000003000000                __iwram_start = ORIGIN (iwram)
                0x0000000003008000                __iwram_top = (ORIGIN (iwram) + LENGTH (iwram))
                0x0000000003007fa0                __sp_irq = (__iwram_top - 0x60)
                0x0000000003007f00                __sp_usr = (__sp_irq - 0xa0)
                0x0000000003007ff8                __irq_flags = 0x3007ff8
                0x0000000002000000                . = __text_start
                0x0000000002000000                . = __text_start

.crt0           0x0000000002000000      0x210
 *(.crt0)
 .crt0          0x0000000002000000      0x210 d:/devkitpro/devkitarm/bin/../lib/gcc/arm-none-eabi/9.1.0/../../../../arm-none-eabi/lib/thumb/gba_crt0.o
                0x0000000002000000                _start
                0x00000000020000c4                __boot_method
                0x00000000020000c5                __slave_number
                0x00000000020000e0                start_vector
                0x0000000002000210                . = ALIGN (0x4)

.init           0x0000000002000210        0xc
 *(SORT_NONE(.init))
 .init          0x0000000002000210        0x4 d:/devkitpro/devkitarm/bin/../lib/gcc/arm-none-eabi/9.1.0/thumb/crti.o
                0x0000000002000210                _init
 .init          0x0000000002000214        0x8 d:/devkitpro/devkitarm/bin/../lib/gcc/arm-none-eabi/9.1.0/thumb/crtn.o

.plt            0x000000000200021c        0x0
 *(.plt)
                0x000000000200021c                . = ALIGN (0x4)

.text           0x000000000200021c    0x10704
 *(EXCLUDE_FILE(*.iwram*) .text*)
 .text.deregister_tm_clones
                0x000000000200021c       0x2c d:/devkitpro/devkitarm/bin/../lib/gcc/arm-none-eabi/9.1.0/thumb/crtbegin.o
 .text.register_tm_clones
                0x0000000002000248       0x34 d:/devkitpro/devkitarm/bin/../lib/gcc/arm-none-eabi/9.1.0/thumb/crtbegin.o
 .text.__do_global_dtors_aux
                0x000000000200027c       0x30 d:/devkitpro/devkitarm/bin/../lib/gcc/arm-none-eabi/9.1.0/thumb/crtbegin.o
 .text.frame_dummy
                0x00000000020002ac       0x28 d:/devkitpro/devkitarm/bin/../lib/gcc/arm-none-eabi/9.1.0/thumb/crtbegin.o
 .text          0x00000000020002d4        0x4 biosdumper.o
                0x00000000020002d4                waitForever
 .text.startup  0x00000000020002d8      0x148 biosdumper.o
                0x00000000020002d8                main
 .text          0x0000000002000420      0x2c8 D:/devkitPro/libgba/lib\libfat.a(libfat.o)
                0x0000000002000420                fatMount
                0x00000000020004ec                fatMountSimple
                0x0000000002000504                fatUnmount
                0x000000000200053c                fatInit
                0x00000000020005f8                fatInitDefault
                0x0000000002000608                fatGetVolumeLabel
 .text          0x00000000020006e8     0x1504 D:/devkitPro/libgba/lib\libfat.a(fatfile.o)
                0x0000000002000a28                _FAT_findEntry
                0x0000000002000a88                FAT_getAttr
                0x0000000002000aa8                FAT_setAttr
                0x0000000002000b4c                _FAT_open_r
                0x0000000002000e28                _FAT_syncToDisc
                0x0000000002000e44                _FAT_close_r
                0x0000000002000ec0                _FAT_read_r
                0x000000000200125c                _FAT_write_r
                0x0000000002001800                _FAT_seek_r
                0x00000000020019a4                _FAT_fstat_r
                0x0000000002001a34                _FAT_ftruncate_r
                0x0000000002001ba4                _FAT_fsync_r
 .text          0x0000000002001bec      0x4f8 D:/devkitPro/libgba/lib\libfat.a(cache.o)
                0x0000000002001d38                _FAT_cache_constructor
                0x0000000002001dcc                _FAT_cache_readSectors
                0x0000000002001e30                _FAT_cache_readPartialSector
                0x0000000002001e74                _FAT_cache_readLittleEndianValue
                0x0000000002001ee8                _FAT_cache_writePartialSector
                0x0000000002001f0c                _FAT_cache_writeLittleEndianValue
                0x0000000002001f50                _FAT_cache_eraseWritePartialSector
                0x0000000002001fbc                _FAT_cache_writeSectors
                0x0000000002002034                _FAT_cache_flush
                0x0000000002002078                _FAT_cache_destructor
                0x00000000020020b0                _FAT_cache_invalidate
 .text          0x00000000020020e4      0x8d0 D:/devkitPro/libgba/lib\libfat.a(fatdir.o)
                0x00000000020020e4                _FAT_stat_r
                0x0000000002002178                _FAT_link_r
                0x0000000002002184                _FAT_unlink_r
                0x0000000002002324                _FAT_chdir_r
                0x0000000002002398                _FAT_rename_r
                0x0000000002002560                _FAT_mkdir_r
                0x0000000002002790                _FAT_statvfs_r
                0x000000000200280c                _FAT_diropen_r
                0x00000000020028c0                _FAT_dirreset_r
                0x0000000002002910                _FAT_dirnext_r
                0x0000000002002990                _FAT_dirclose_r
 .text          0x00000000020029b4     0x1408 D:/devkitPro/libgba/lib\libfat.a(directory.o)
                0x0000000002002c64                _FAT_directory_entryGetCluster
                0x0000000002002c84                _FAT_directory_getNextEntry
                0x0000000002002f08                _FAT_directory_getFirstEntry
                0x0000000002002f2c                _FAT_directory_getRootEntry
                0x0000000002002f90                _FAT_directory_getVolumeLabel
                0x0000000002003044                _FAT_directory_entryFromPosition
                0x00000000020031b0                _FAT_directory_entryFromPath
                0x00000000020033c8                _FAT_directory_removeEntry
                0x00000000020034ac                _FAT_directory_addEntry
                0x0000000002003c94                _FAT_directory_chdir
                0x0000000002003cdc                _FAT_directory_entryStat
 .text          0x0000000002003dbc      0x738 D:/devkitPro/libgba/lib\libfat.a(partition.o)
                0x0000000002003fb8                FindFirstValidPartition_buf
                0x00000000020040e0                FindFirstValidPartition
                0x000000000200410c                _FAT_partition_constructor_buf
                0x00000000020043e8                _FAT_partition_constructor
                0x000000000200442c                _FAT_partition_destructor
                0x0000000002004478                _FAT_partition_getPartitionFromPath
                0x0000000002004490                _FAT_partition_createFSinfo
                0x00000000020044ac                _FAT_partition_readFSinfo
                0x00000000020044c0                _FAT_partition_writeFSinfo
                0x00000000020044d4                _FAT_getCwdClusterPtr
 .text          0x00000000020044f4       0x10 D:/devkitPro/libgba/lib\libfat.a(lock.o)
                0x00000000020044f4                _FAT_lock_init
                0x00000000020044f8                _FAT_lock_deinit
                0x00000000020044fc                _FAT_lock
                0x0000000002004500                _FAT_unlock
 .text          0x0000000002004504       0x44 D:/devkitPro/libgba/lib\libfat.a(filetime.o)
                0x0000000002004504                _FAT_filetime_getTimeFromRTC
                0x0000000002004508                _FAT_filetime_getDateFromRTC
                0x000000000200450c                _FAT_filetime_to_time_t
 .text          0x0000000002004548      0x4f0 D:/devkitPro/libgba/lib\libfat.a(file_allocation_table.o)
                0x0000000002004680                _FAT_fat_nextCluster
                0x00000000020047ec                _FAT_fat_linkFreeCluster
                0x0000000002004898                _FAT_fat_linkFreeClusterCleared
                0x0000000002004904                _FAT_fat_clearLinks
                0x0000000002004920                _FAT_fat_trimChain
                0x00000000020049d0                _FAT_fat_lastCluster
                0x0000000002004a08                _FAT_fat_freeClusterCount
 .text          0x0000000002004a38      0x3b8 D:/devkitPro/libgba/lib\libgba.a(interrupt.o)
                0x0000000002004a38                dummy
                0x0000000002004a3c                InitInterrupt
                0x0000000002004a98                irqInit
                0x0000000002004af4                SetInterrupt
                0x0000000002004bd8                irqSet
                0x0000000002004cbc                EnableInterrupt
                0x0000000002004d08                irqEnable
                0x0000000002004d58                DisableInterrupt
                0x0000000002004da4                irqDisable
 .text          0x0000000002004df0      0x5ac D:/devkitPro/libgba/lib\libgba.a(console.o)
                0x0000000002004df0                con_read
                0x0000000002004df8                con_close
                0x0000000002004e00                con_open
                0x0000000002004e10                con_write
                0x0000000002005058                consoleCls
                0x0000000002005088                upcvt_4bit
                0x00000000020050dc                consoleInit
                0x00000000020051d8                consoleDemoInit
                0x00000000020052d8                consolePrintChar
 .text          0x000000000200539c       0x2c D:/devkitPro/libgba/lib\libgba.a(disc.o)
                0x000000000200539c                discGetInterface
 .text          0x00000000020053c8      0xafc D:/devkitPro/libgba/lib\libgba.a(io_m3sd.o)
                0x00000000020053c8                _M3SD_shutdown
                0x00000000020054c8                _M3SD_startUp
                0x00000000020054e0                _M3SD_clearStatus
                0x00000000020056c4                _M3SD_isInserted
                0x0000000002005734                _M3SD_readSectors
                0x0000000002005934                _M3SD_cmd_6byte_response
                0x0000000002005988                _M3SD_writeSectors
                0x0000000002005c0c                _M3SD_cmd_17byte_response
 .text          0x0000000002005ec4       0x70 D:/devkitPro/libgba/lib\libgba.a(io_m3_common.o)
                0x0000000002005ec4                _M3_changeMode
 .text          0x0000000002005f34       0x18 D:/devkitPro/libgba/lib\libgba.a(io_sccf.o)
                0x0000000002005f34                _SCCF_startup
 .text          0x0000000002005f4c      0xf44 D:/devkitPro/libgba/lib\libgba.a(io_scsd.o)
                0x0000000002005f4c                _SCSD_shutdown
                0x0000000002005f5c                _SCSD_isInserted
                0x00000000020060d4                _SCSD_clearStatus
                0x0000000002006220                _SCSD_startUp
                0x0000000002006374                _SCSD_cmd_17byte_response
                0x00000000020064f8                _SCSD_cmd_6byte_response
                0x000000000200667c                _SCSD_readSectors
                0x0000000002006b30                _SCSD_writeSectors
 .text          0x0000000002006e90       0x1c D:/devkitPro/libgba/lib\libgba.a(io_m3cf.o)
                0x0000000002006e90                _M3CF_startup
 .text          0x0000000002006eac      0x3b4 D:/devkitPro/libgba/lib\libgba.a(io_cf_common.o)
                0x0000000002006eac                _CF_isInserted
                0x0000000002006ec8                _CF_clearStatus
                0x0000000002006f38                _CF_readSectors
                0x0000000002007078                _CF_writeSectors
                0x00000000020071a8                _CF_shutdown
                0x0000000002007218                _CF_startup
 .text          0x0000000002007260       0x14 D:/devkitPro/libgba/lib\libgba.a(io_mpcf.o)
                0x0000000002007260                _MPCF_startup
 .text          0x0000000002007274        0xc D:/devkitPro/libgba/lib\libgba.a(Sound.o)
                0x0000000002007274                SoundDriverMode
                0x0000000002007278                SoundDriverInit
                0x000000000200727c                MidiKey2Freq
 .text          0x0000000002007280       0xb8 D:/devkitPro/libgba/lib\libgba.a(io_scsd_s.o)
                0x0000000002007280                _SCSD_writeData_s
 .text          0x0000000002007338        0x8 D:/devkitPro/libgba/lib\libgba.a(CpuSet.o)
                0x0000000002007338                CpuSet
                0x000000000200733c                CpuFastSet
 .text          0x0000000002007340      0x2bc D:/devkitPro/libgba/lib\libgba.a(io_sd_common.o)
                0x0000000002007340                _SD_CRC7
                0x00000000020073d8                _SD_CRC16
                0x00000000020074e8                _SD_InitCard
 .text          0x00000000020075fc       0x18 D:/devkitPro/libgba/lib\libgba.a(io_sc_common.o)
                0x00000000020075fc                _SC_changeMode
 .text          0x0000000002007614      0x11c d:/devkitpro/devkitarm/bin/../lib/gcc/arm-none-eabi/9.1.0/thumb\libgcc.a(_udivsi3.o)
                0x0000000002007614                __aeabi_uidiv
                0x0000000002007614                __udivsi3
                0x0000000002007710                __aeabi_uidivmod
 .text          0x0000000002007730      0x150 d:/devkitpro/devkitarm/bin/../lib/gcc/arm-none-eabi/9.1.0/thumb\libgcc.a(_divsi3.o)
                0x0000000002007730                __divsi3
                0x0000000002007730                __aeabi_idiv
                0x0000000002007860                __aeabi_idivmod
 .text          0x0000000002007880        0x4 d:/devkitpro/devkitarm/bin/../lib/gcc/arm-none-eabi/9.1.0/thumb\libgcc.a(_dvmd_tls.o)
                0x0000000002007880                __aeabi_idiv0
                0x0000000002007880                __aeabi_ldiv0
 .text          0x0000000002007884       0xd4 d:/devkitpro/devkitarm/bin/../lib/gcc/arm-none-eabi/9.1.0/thumb\libgcc.a(_aeabi_ldivmod.o)
                0x0000000002007884                __aeabi_ldivmod
 .text.__muldi3
                0x0000000002007958       0x54 d:/devkitpro/devkitarm/bin/../lib/gcc/arm-none-eabi/9.1.0/thumb\libgcc.a(_muldi3.o)
                0x0000000002007958                __muldi3
                0x0000000002007958                __aeabi_lmul
 .text.__udivmoddi4
                0x00000000020079ac      0x19c d:/devkitpro/devkitarm/bin/../lib/gcc/arm-none-eabi/9.1.0/thumb\libgcc.a(_udivmoddi4.o)
                0x00000000020079ac                __udivmoddi4
 .text          0x0000000002007b48       0x28 d:/devkitpro/devkitarm/bin/../lib/gcc/arm-none-eabi/9.1.0/thumb\libgcc.a(_clzdi2.o)
                0x0000000002007b48                __clzdi2
 .text          0x0000000002007b70       0x48 d:/devkitpro/devkitarm/bin/../lib/gcc/arm-none-eabi/9.1.0/thumb\libgcc.a(_clzsi2.o)
                0x0000000002007b70                __clzsi2
 .text.calloc   0x0000000002007bb8       0x18 d:/devkitpro/devkitarm/bin/../lib/gcc/arm-none-eabi/9.1.0/../../../../arm-none-eabi/lib/thumb\libg.a(lib_a-calloc.o)
                0x0000000002007bb8                calloc
 .text._calloc_r
                0x0000000002007bd0       0x60 d:/devkitpro/devkitarm/bin/../lib/gcc/arm-none-eabi/9.1.0/../../../../arm-none-eabi/lib/thumb\libg.a(lib_a-callocr.o)
                0x0000000002007bd0                _calloc_r
 .text._fclose_r
                0x0000000002007c30       0xe8 d:/devkitpro/devkitarm/bin/../lib/gcc/arm-none-eabi/9.1.0/../../../../arm-none-eabi/lib/thumb\libg.a(lib_a-fclose.o)
                0x0000000002007c30                _fclose_r
 .text.fclose   0x0000000002007d18       0x14 d:/devkitpro/devkitarm/bin/../lib/gcc/arm-none-eabi/9.1.0/../../../../arm-none-eabi/lib/thumb\libg.a(lib_a-fclose.o)
                0x0000000002007d18                fclose
 .text.__sflush_r
                0x0000000002007d2c      0x1c0 d:/devkitpro/devkitarm/bin/../lib/gcc/arm-none-eabi/9.1.0/../../../../arm-none-eabi/lib/thumb\libg.a(lib_a-fflush.o)
                0x0000000002007d2c                __sflush_r
 .text._fflush_r
                0x0000000002007eec       0x70 d:/devkitpro/devkitarm/bin/../lib/gcc/arm-none-eabi/9.1.0/../../../../arm-none-eabi/lib/thumb\libg.a(lib_a-fflush.o)
                0x0000000002007eec                _fflush_r
 .text.fflush   0x0000000002007f5c       0x2c d:/devkitpro/devkitarm/bin/../lib/gcc/arm-none-eabi/9.1.0/../../../../arm-none-eabi/lib/thumb\libg.a(lib_a-fflush.o)
                0x0000000002007f5c                fflush
 .text.std      0x0000000002007f88       0x54 d:/devkitpro/devkitarm/bin/../lib/gcc/arm-none-eabi/9.1.0/../../../../arm-none-eabi/lib/thumb\libg.a(lib_a-findfp.o)
 .text._cleanup_r
                0x0000000002007fdc       0x14 d:/devkitpro/devkitarm/bin/../lib/gcc/arm-none-eabi/9.1.0/../../../../arm-none-eabi/lib/thumb\libg.a(lib_a-findfp.o)
                0x0000000002007fdc                _cleanup_r
 .text.__sfmoreglue
                0x0000000002007ff0       0x34 d:/devkitpro/devkitarm/bin/../lib/gcc/arm-none-eabi/9.1.0/../../../../arm-none-eabi/lib/thumb\libg.a(lib_a-findfp.o)
                0x0000000002007ff0                __sfmoreglue
 .text.__sinit  0x0000000002008024       0x64 d:/devkitpro/devkitarm/bin/../lib/gcc/arm-none-eabi/9.1.0/../../../../arm-none-eabi/lib/thumb\libg.a(lib_a-findfp.o)
                0x0000000002008024                __sinit
 .text.__sfp    0x0000000002008088       0xb4 d:/devkitpro/devkitarm/bin/../lib/gcc/arm-none-eabi/9.1.0/../../../../arm-none-eabi/lib/thumb\libg.a(lib_a-findfp.o)
                0x0000000002008088                __sfp
 .text.__sfp_lock_acquire
                0x000000000200813c       0x14 d:/devkitpro/devkitarm/bin/../lib/gcc/arm-none-eabi/9.1.0/../../../../arm-none-eabi/lib/thumb\libg.a(lib_a-findfp.o)
                0x000000000200813c                __sfp_lock_acquire
 .text.__sfp_lock_release
                0x0000000002008150       0x14 d:/devkitpro/devkitarm/bin/../lib/gcc/arm-none-eabi/9.1.0/../../../../arm-none-eabi/lib/thumb\libg.a(lib_a-findfp.o)
                0x0000000002008150                __sfp_lock_release
 .text._fopen_r
                0x0000000002008164       0xb8 d:/devkitpro/devkitarm/bin/../lib/gcc/arm-none-eabi/9.1.0/../../../../arm-none-eabi/lib/thumb\libg.a(lib_a-fopen.o)
                0x0000000002008164                _fopen_r
 .text.fopen    0x000000000200821c       0x18 d:/devkitpro/devkitarm/bin/../lib/gcc/arm-none-eabi/9.1.0/../../../../arm-none-eabi/lib/thumb\libg.a(lib_a-fopen.o)
                0x000000000200821c                fopen
 .text._malloc_trim_r
                0x0000000002008234       0xa0 d:/devkitpro/devkitarm/bin/../lib/gcc/arm-none-eabi/9.1.0/../../../../arm-none-eabi/lib/thumb\libg.a(lib_a-freer.o)
                0x0000000002008234                _malloc_trim_r
 .text._free_r  0x00000000020082d4      0x1e0 d:/devkitpro/devkitarm/bin/../lib/gcc/arm-none-eabi/9.1.0/../../../../arm-none-eabi/lib/thumb\libg.a(lib_a-freer.o)
                0x00000000020082d4                _free_r
 .text._fseek_r
                0x00000000020084b4       0x18 d:/devkitpro/devkitarm/bin/../lib/gcc/arm-none-eabi/9.1.0/../../../../arm-none-eabi/lib/thumb\libg.a(lib_a-fseek.o)
                0x00000000020084b4                _fseek_r
 .text._fseeko_r
                0x00000000020084cc      0x414 d:/devkitpro/devkitarm/bin/../lib/gcc/arm-none-eabi/9.1.0/../../../../arm-none-eabi/lib/thumb\libg.a(lib_a-fseeko.o)
                0x00000000020084cc                _fseeko_r
 .text._fwalk   0x00000000020088e0       0x48 d:/devkitpro/devkitarm/bin/../lib/gcc/arm-none-eabi/9.1.0/../../../../arm-none-eabi/lib/thumb\libg.a(lib_a-fwalk.o)
                0x00000000020088e0                _fwalk
 .text._fwalk_reent
                0x0000000002008928       0x50 d:/devkitpro/devkitarm/bin/../lib/gcc/arm-none-eabi/9.1.0/../../../../arm-none-eabi/lib/thumb\libg.a(lib_a-fwalk.o)
                0x0000000002008928                _fwalk_reent
 .text._fwrite_r
                0x0000000002008978       0x94 d:/devkitpro/devkitarm/bin/../lib/gcc/arm-none-eabi/9.1.0/../../../../arm-none-eabi/lib/thumb\libg.a(lib_a-fwrite.o)
                0x0000000002008978                _fwrite_r
 .text.fwrite   0x0000000002008a0c       0x24 d:/devkitpro/devkitarm/bin/../lib/gcc/arm-none-eabi/9.1.0/../../../../arm-none-eabi/lib/thumb\libg.a(lib_a-fwrite.o)
                0x0000000002008a0c                fwrite
 .text.__libc_init_array
                0x0000000002008a30       0x50 d:/devkitpro/devkitarm/bin/../lib/gcc/arm-none-eabi/9.1.0/../../../../arm-none-eabi/lib/thumb\libg.a(lib_a-init.o)
                0x0000000002008a30                __libc_init_array
 .text.iprintf  0x0000000002008a80       0x24 d:/devkitpro/devkitarm/bin/../lib/gcc/arm-none-eabi/9.1.0/../../../../arm-none-eabi/lib/thumb\libg.a(lib_a-iprintf.o)
                0x0000000002008a80                iprintf
 .text.__locale_mb_cur_max
                0x0000000002008aa4       0x10 d:/devkitpro/devkitarm/bin/../lib/gcc/arm-none-eabi/9.1.0/../../../../arm-none-eabi/lib/thumb\libg.a(lib_a-locale.o)
                0x0000000002008aa4                __locale_mb_cur_max
 .text.__swhatbuf_r
                0x0000000002008ab4       0x64 d:/devkitpro/devkitarm/bin/../lib/gcc/arm-none-eabi/9.1.0/../../../../arm-none-eabi/lib/thumb\libg.a(lib_a-makebuf.o)
                0x0000000002008ab4                __swhatbuf_r
 .text.__smakebuf_r
                0x0000000002008b18       0x98 d:/devkitpro/devkitarm/bin/../lib/gcc/arm-none-eabi/9.1.0/../../../../arm-none-eabi/lib/thumb\libg.a(lib_a-makebuf.o)
                0x0000000002008b18                __smakebuf_r
 .text.malloc   0x0000000002008bb0       0x14 d:/devkitpro/devkitarm/bin/../lib/gcc/arm-none-eabi/9.1.0/../../../../arm-none-eabi/lib/thumb\libg.a(lib_a-malloc.o)
                0x0000000002008bb0                malloc
 .text.free     0x0000000002008bc4       0x14 d:/devkitpro/devkitarm/bin/../lib/gcc/arm-none-eabi/9.1.0/../../../../arm-none-eabi/lib/thumb\libg.a(lib_a-malloc.o)
                0x0000000002008bc4                free
 .text._malloc_r
                0x0000000002008bd8      0x59c d:/devkitpro/devkitarm/bin/../lib/gcc/arm-none-eabi/9.1.0/../../../../arm-none-eabi/lib/thumb\libg.a(lib_a-mallocr.o)
                0x0000000002008bd8                _malloc_r
 .text._mbrtowc_r
                0x0000000002009174       0x60 d:/devkitpro/devkitarm/bin/../lib/gcc/arm-none-eabi/9.1.0/../../../../arm-none-eabi/lib/thumb\libg.a(lib_a-mbrtowc.o)
                0x0000000002009174                _mbrtowc_r
 .text.mbrtowc  0x00000000020091d4       0x80 d:/devkitpro/devkitarm/bin/../lib/gcc/arm-none-eabi/9.1.0/../../../../arm-none-eabi/lib/thumb\libg.a(lib_a-mbrtowc.o)
                0x00000000020091d4                mbrtowc
 .text.mbsrtowcs
                0x0000000002009254       0x28 d:/devkitpro/devkitarm/bin/../lib/gcc/arm-none-eabi/9.1.0/../../../../arm-none-eabi/lib/thumb\libg.a(lib_a-mbsrtowcs.o)
                0x0000000002009254                mbsrtowcs
 .text.__utf8_mbtowc
                0x000000000200927c      0x280 d:/devkitpro/devkitarm/bin/../lib/gcc/arm-none-eabi/9.1.0/../../../../arm-none-eabi/lib/thumb\libg.a(lib_a-mbtowc_r.o)
                0x000000000200927c                __utf8_mbtowc
 .text.memcmp   0x00000000020094fc       0x4c d:/devkitpro/devkitarm/bin/../lib/gcc/arm-none-eabi/9.1.0/../../../../arm-none-eabi/lib/thumb\libg.a(lib_a-memcmp.o)
                0x00000000020094fc                memcmp
 .text.memcpy   0x0000000002009548       0xa8 d:/devkitpro/devkitarm/bin/../lib/gcc/arm-none-eabi/9.1.0/../../../../arm-none-eabi/lib/thumb\libg.a(lib_a-memcpy-stub.o)
                0x0000000002009548                memcpy
 .text.memmove  0x00000000020095f0       0xb0 d:/devkitpro/devkitarm/bin/../lib/gcc/arm-none-eabi/9.1.0/../../../../arm-none-eabi/lib/thumb\libg.a(lib_a-memmove.o)
                0x00000000020095f0                memmove
 .text.memset   0x00000000020096a0       0xb0 d:/devkitpro/devkitarm/bin/../lib/gcc/arm-none-eabi/9.1.0/../../../../arm-none-eabi/lib/thumb\libg.a(lib_a-memset.o)
                0x00000000020096a0                memset
 .text.validate_structure
                0x0000000002009750      0x1e0 d:/devkitpro/devkitarm/bin/../lib/gcc/arm-none-eabi/9.1.0/../../../../arm-none-eabi/lib/thumb\libg.a(lib_a-mktime.o)
 .text.mktime   0x0000000002009930      0x450 d:/devkitpro/devkitarm/bin/../lib/gcc/arm-none-eabi/9.1.0/../../../../arm-none-eabi/lib/thumb\libg.a(lib_a-mktime.o)
                0x0000000002009930                mktime
 .text.__malloc_lock
                0x0000000002009d80       0x14 d:/devkitpro/devkitarm/bin/../lib/gcc/arm-none-eabi/9.1.0/../../../../arm-none-eabi/lib/thumb\libg.a(lib_a-mlock.o)
                0x0000000002009d80                __malloc_lock
 .text.__malloc_unlock
                0x0000000002009d94       0x14 d:/devkitpro/devkitarm/bin/../lib/gcc/arm-none-eabi/9.1.0/../../../../arm-none-eabi/lib/thumb\libg.a(lib_a-mlock.o)
                0x0000000002009d94                __malloc_unlock
 .text.lflush   0x0000000002009da8       0x20 d:/devkitpro/devkitarm/bin/../lib/gcc/arm-none-eabi/9.1.0/../../../../arm-none-eabi/lib/thumb\libg.a(lib_a-refill.o)
 .text.__srefill_r
                0x0000000002009dc8      0x118 d:/devkitpro/devkitarm/bin/../lib/gcc/arm-none-eabi/9.1.0/../../../../arm-none-eabi/lib/thumb\libg.a(lib_a-refill.o)
                0x0000000002009dc8                __srefill_r
 .text.setvbuf  0x0000000002009ee0      0x1ac d:/devkitpro/devkitarm/bin/../lib/gcc/arm-none-eabi/9.1.0/../../../../arm-none-eabi/lib/thumb\libg.a(lib_a-setvbuf.o)
                0x0000000002009ee0                setvbuf
 .text.siscanf  0x000000000200a08c       0x4c d:/devkitpro/devkitarm/bin/../lib/gcc/arm-none-eabi/9.1.0/../../../../arm-none-eabi/lib/thumb\libg.a(lib_a-siscanf.o)
                0x000000000200a08c                siscanf
 .text.__sread  0x000000000200a0d8       0x34 d:/devkitpro/devkitarm/bin/../lib/gcc/arm-none-eabi/9.1.0/../../../../arm-none-eabi/lib/thumb\libg.a(lib_a-stdio.o)
                0x000000000200a0d8                __sread
 .text.__seofread
                0x000000000200a10c        0x4 d:/devkitpro/devkitarm/bin/../lib/gcc/arm-none-eabi/9.1.0/../../../../arm-none-eabi/lib/thumb\libg.a(lib_a-stdio.o)
                0x000000000200a10c                __seofread
 .text.__swrite
                0x000000000200a110       0x54 d:/devkitpro/devkitarm/bin/../lib/gcc/arm-none-eabi/9.1.0/../../../../arm-none-eabi/lib/thumb\libg.a(lib_a-stdio.o)
                0x000000000200a110                __swrite
 .text.__sseek  0x000000000200a164       0x40 d:/devkitpro/devkitarm/bin/../lib/gcc/arm-none-eabi/9.1.0/../../../../arm-none-eabi/lib/thumb\libg.a(lib_a-stdio.o)
                0x000000000200a164                __sseek
 .text.__sclose
                0x000000000200a1a4       0x10 d:/devkitpro/devkitarm/bin/../lib/gcc/arm-none-eabi/9.1.0/../../../../arm-none-eabi/lib/thumb\libg.a(lib_a-stdio.o)
                0x000000000200a1a4                __sclose
 .text.stpcpy   0x000000000200a1b4       0x50 d:/devkitpro/devkitarm/bin/../lib/gcc/arm-none-eabi/9.1.0/../../../../arm-none-eabi/lib/thumb\libg.a(lib_a-stpcpy.o)
                0x000000000200a1b4                stpcpy
 .text.strchr   0x000000000200a204       0xc8 d:/devkitpro/devkitarm/bin/../lib/gcc/arm-none-eabi/9.1.0/../../../../arm-none-eabi/lib/thumb\libg.a(lib_a-strchr.o)
                0x000000000200a204                strchr
 .text          0x000000000200a2cc      0x224 d:/devkitpro/devkitarm/bin/../lib/gcc/arm-none-eabi/9.1.0/../../../../arm-none-eabi/lib/thumb\libg.a(lib_a-strcmp.o)
                0x000000000200a2cc                strcmp
 .text.strcpy   0x000000000200a4f0       0x10 d:/devkitpro/devkitarm/bin/../lib/gcc/arm-none-eabi/9.1.0/../../../../arm-none-eabi/lib/thumb\libg.a(lib_a-strcpy.o)
                0x000000000200a4f0                strcpy
 .text.strlen   0x000000000200a500       0x60 d:/devkitpro/devkitarm/bin/../lib/gcc/arm-none-eabi/9.1.0/../../../../arm-none-eabi/lib/thumb\libg.a(lib_a-strlen-stub.o)
                0x000000000200a500                strlen
 .text.strncasecmp
                0x000000000200a560       0x54 d:/devkitpro/devkitarm/bin/../lib/gcc/arm-none-eabi/9.1.0/../../../../arm-none-eabi/lib/thumb\libg.a(lib_a-strncasecmp.o)
                0x000000000200a560                strncasecmp
 .text.strncmp  0x000000000200a5b4       0x78 d:/devkitpro/devkitarm/bin/../lib/gcc/arm-none-eabi/9.1.0/../../../../arm-none-eabi/lib/thumb\libg.a(lib_a-strncmp.o)
                0x000000000200a5b4                strncmp
 .text.strncpy  0x000000000200a62c       0x74 d:/devkitpro/devkitarm/bin/../lib/gcc/arm-none-eabi/9.1.0/../../../../arm-none-eabi/lib/thumb\libg.a(lib_a-strncpy.o)
                0x000000000200a62c                strncpy
 .text.strnlen  0x000000000200a6a0       0x24 d:/devkitpro/devkitarm/bin/../lib/gcc/arm-none-eabi/9.1.0/../../../../arm-none-eabi/lib/thumb\libg.a(lib_a-strnlen.o)
                0x000000000200a6a0                strnlen
 .text.strpbrk  0x000000000200a6c4       0x3c d:/devkitpro/devkitarm/bin/../lib/gcc/arm-none-eabi/9.1.0/../../../../arm-none-eabi/lib/thumb\libg.a(lib_a-strpbrk.o)
                0x000000000200a6c4                strpbrk
 .text.strrchr  0x000000000200a700       0x2c d:/devkitpro/devkitarm/bin/../lib/gcc/arm-none-eabi/9.1.0/../../../../arm-none-eabi/lib/thumb\libg.a(lib_a-strrchr.o)
                0x000000000200a700                strrchr
 .text._strtol_l.isra.0
                0x000000000200a72c      0x140 d:/devkitpro/devkitarm/bin/../lib/gcc/arm-none-eabi/9.1.0/../../../../arm-none-eabi/lib/thumb\libg.a(lib_a-strtol.o)
 .text._strtol_r
                0x000000000200a86c        0xc d:/devkitpro/devkitarm/bin/../lib/gcc/arm-none-eabi/9.1.0/../../../../arm-none-eabi/lib/thumb\libg.a(lib_a-strtol.o)
                0x000000000200a86c                _strtol_r
 .text.get_arg  0x000000000200a878       0x32 d:/devkitpro/devkitarm/bin/../lib/gcc/arm-none-eabi/9.1.0/../../../../arm-none-eabi/lib/thumb\libg.a(lib_a-svfiscanf.o)
 .text._sungetc_r
                0x000000000200a8aa       0x7e d:/devkitpro/devkitarm/bin/../lib/gcc/arm-none-eabi/9.1.0/../../../../arm-none-eabi/lib/thumb\libg.a(lib_a-svfiscanf.o)
                0x000000000200a8aa                _sungetc_r
 .text.__ssrefill_r
                0x000000000200a928       0x42 d:/devkitpro/devkitarm/bin/../lib/gcc/arm-none-eabi/9.1.0/../../../../arm-none-eabi/lib/thumb\libg.a(lib_a-svfiscanf.o)
                0x000000000200a928                __ssrefill_r
 .text._sfread_r
                0x000000000200a96a       0x8a d:/devkitpro/devkitarm/bin/../lib/gcc/arm-none-eabi/9.1.0/../../../../arm-none-eabi/lib/thumb\libg.a(lib_a-svfiscanf.o)
                0x000000000200a96a                _sfread_r
 .text.__ssvfiscanf_r
                0x000000000200a9f4     0x1b54 d:/devkitpro/devkitarm/bin/../lib/gcc/arm-none-eabi/9.1.0/../../../../arm-none-eabi/lib/thumb\libg.a(lib_a-svfiscanf.o)
                0x000000000200a9f4                __ssvfiscanf_r
 .text.towlower
                0x000000000200c548       0x10 d:/devkitpro/devkitarm/bin/../lib/gcc/arm-none-eabi/9.1.0/../../../../arm-none-eabi/lib/thumb\libg.a(lib_a-towlower.o)
                0x000000000200c548                towlower
 .text.towupper
                0x000000000200c558       0x10 d:/devkitpro/devkitarm/bin/../lib/gcc/arm-none-eabi/9.1.0/../../../../arm-none-eabi/lib/thumb\libg.a(lib_a-towupper.o)
                0x000000000200c558                towupper
 .text.__tzcalc_limits
                0x000000000200c568      0x1a8 d:/devkitpro/devkitarm/bin/../lib/gcc/arm-none-eabi/9.1.0/../../../../arm-none-eabi/lib/thumb\libg.a(lib_a-tzcalc_limits.o)
                0x000000000200c568                __tzcalc_limits
 .text.__tz_lock
                0x000000000200c710       0x14 d:/devkitpro/devkitarm/bin/../lib/gcc/arm-none-eabi/9.1.0/../../../../arm-none-eabi/lib/thumb\libg.a(lib_a-tzlock.o)
                0x000000000200c710                __tz_lock
 .text.__tz_unlock
                0x000000000200c724       0x14 d:/devkitpro/devkitarm/bin/../lib/gcc/arm-none-eabi/9.1.0/../../../../arm-none-eabi/lib/thumb\libg.a(lib_a-tzlock.o)
                0x000000000200c724                __tz_unlock
 .text._tzset_unlocked
                0x000000000200c738       0x10 d:/devkitpro/devkitarm/bin/../lib/gcc/arm-none-eabi/9.1.0/../../../../arm-none-eabi/lib/thumb\libg.a(lib_a-tzset.o)
                0x000000000200c738                _tzset_unlocked
 .text._tzset_unlocked_r
                0x000000000200c748      0x360 d:/devkitpro/devkitarm/bin/../lib/gcc/arm-none-eabi/9.1.0/../../../../arm-none-eabi/lib/thumb\libg.a(lib_a-tzset_r.o)
                0x000000000200c748                _tzset_unlocked_r
 .text.__submore
                0x000000000200caa8       0x88 d:/devkitpro/devkitarm/bin/../lib/gcc/arm-none-eabi/9.1.0/../../../../arm-none-eabi/lib/thumb\libg.a(lib_a-ungetc.o)
                0x000000000200caa8                __submore
 .text.get_arg  0x000000000200cb30      0x3d8 d:/devkitpro/devkitarm/bin/../lib/gcc/arm-none-eabi/9.1.0/../../../../arm-none-eabi/lib/thumb\libg.a(lib_a-vfiprintf.o)
 .text.__sprint_r
                0x000000000200cf08       0x20 d:/devkitpro/devkitarm/bin/../lib/gcc/arm-none-eabi/9.1.0/../../../../arm-none-eabi/lib/thumb\libg.a(lib_a-vfiprintf.o)
                0x000000000200cf08                __sprint_r
 .text._vfiprintf_r
                0x000000000200cf28     0x1804 d:/devkitpro/devkitarm/bin/../lib/gcc/arm-none-eabi/9.1.0/../../../../arm-none-eabi/lib/thumb\libg.a(lib_a-vfiprintf.o)
                0x000000000200cf28                _vfiprintf_r
 .text.__sbprintf
                0x000000000200e72c       0x8c d:/devkitpro/devkitarm/bin/../lib/gcc/arm-none-eabi/9.1.0/../../../../arm-none-eabi/lib/thumb\libg.a(lib_a-vfiprintf.o)
 .text._wcrtomb_r
                0x000000000200e7b8       0x5c d:/devkitpro/devkitarm/bin/../lib/gcc/arm-none-eabi/9.1.0/../../../../arm-none-eabi/lib/thumb\libg.a(lib_a-wcrtomb.o)
                0x000000000200e7b8                _wcrtomb_r
 .text.wcrtomb  0x000000000200e814       0x74 d:/devkitpro/devkitarm/bin/../lib/gcc/arm-none-eabi/9.1.0/../../../../arm-none-eabi/lib/thumb\libg.a(lib_a-wcrtomb.o)
                0x000000000200e814                wcrtomb
 .text._wcsrtombs_r
                0x000000000200e888       0x1c d:/devkitpro/devkitarm/bin/../lib/gcc/arm-none-eabi/9.1.0/../../../../arm-none-eabi/lib/thumb\libg.a(lib_a-wcsrtombs.o)
                0x000000000200e888                _wcsrtombs_r
 .text.wctob    0x000000000200e8a4       0x48 d:/devkitpro/devkitarm/bin/../lib/gcc/arm-none-eabi/9.1.0/../../../../arm-none-eabi/lib/thumb\libg.a(lib_a-wctob.o)
                0x000000000200e8a4                wctob
 .text.__utf8_wctomb
                0x000000000200e8ec       0xb4 d:/devkitpro/devkitarm/bin/../lib/gcc/arm-none-eabi/9.1.0/../../../../arm-none-eabi/lib/thumb\libg.a(lib_a-wctomb_r.o)
                0x000000000200e8ec                __utf8_wctomb
 .text.__swsetup_r
                0x000000000200e9a0       0xd8 d:/devkitpro/devkitarm/bin/../lib/gcc/arm-none-eabi/9.1.0/../../../../arm-none-eabi/lib/thumb\libg.a(lib_a-wsetup.o)
                0x000000000200e9a0                __swsetup_r
 .text.div      0x000000000200ea78       0x34 d:/devkitpro/devkitarm/bin/../lib/gcc/arm-none-eabi/9.1.0/../../../../arm-none-eabi/lib/thumb\libg.a(lib_a-div.o)
                0x000000000200ea78                div
 .text.__sflags
                0x000000000200eaac       0xa4 d:/devkitpro/devkitarm/bin/../lib/gcc/arm-none-eabi/9.1.0/../../../../arm-none-eabi/lib/thumb\libg.a(lib_a-flags.o)
                0x000000000200eaac                __sflags
 .text.__sfvwrite_r
                0x000000000200eb50      0x348 d:/devkitpro/devkitarm/bin/../lib/gcc/arm-none-eabi/9.1.0/../../../../arm-none-eabi/lib/thumb\libg.a(lib_a-fvwrite.o)
                0x000000000200eb50                __sfvwrite_r
 .text._findenv_r
                0x000000000200ee98       0x94 d:/devkitpro/devkitarm/bin/../lib/gcc/arm-none-eabi/9.1.0/../../../../arm-none-eabi/lib/thumb\libg.a(lib_a-getenv_r.o)
                0x000000000200ee98                _findenv_r
 .text._getenv_r
                0x000000000200ef2c       0x10 d:/devkitpro/devkitarm/bin/../lib/gcc/arm-none-eabi/9.1.0/../../../../arm-none-eabi/lib/thumb\libg.a(lib_a-getenv_r.o)
                0x000000000200ef2c                _getenv_r
 .text.__gettzinfo
                0x000000000200ef3c        0x8 d:/devkitpro/devkitarm/bin/../lib/gcc/arm-none-eabi/9.1.0/../../../../arm-none-eabi/lib/thumb\libg.a(lib_a-gettzinfo.o)
                0x000000000200ef3c                __gettzinfo
 .text.iswspace
                0x000000000200ef44       0x10 d:/devkitpro/devkitarm/bin/../lib/gcc/arm-none-eabi/9.1.0/../../../../arm-none-eabi/lib/thumb\libg.a(lib_a-iswspace.o)
                0x000000000200ef44                iswspace
 .text._localeconv_r
                0x000000000200ef54        0x8 d:/devkitpro/devkitarm/bin/../lib/gcc/arm-none-eabi/9.1.0/../../../../arm-none-eabi/lib/thumb\libg.a(lib_a-localeconv.o)
                0x000000000200ef54                _localeconv_r
 .text._mbsnrtowcs_r
                0x000000000200ef5c       0xc0 d:/devkitpro/devkitarm/bin/../lib/gcc/arm-none-eabi/9.1.0/../../../../arm-none-eabi/lib/thumb\libg.a(lib_a-mbsnrtowcs.o)
                0x000000000200ef5c                _mbsnrtowcs_r
 .text.memchr   0x000000000200f01c       0x78 d:/devkitpro/devkitarm/bin/../lib/gcc/arm-none-eabi/9.1.0/../../../../arm-none-eabi/lib/thumb\libg.a(lib_a-memchr-stub.o)
                0x000000000200f01c                memchr
 .text.realloc  0x000000000200f094       0x18 d:/devkitpro/devkitarm/bin/../lib/gcc/arm-none-eabi/9.1.0/../../../../arm-none-eabi/lib/thumb\libg.a(lib_a-realloc.o)
                0x000000000200f094                realloc
 .text._realloc_r
                0x000000000200f0ac      0x38c d:/devkitpro/devkitarm/bin/../lib/gcc/arm-none-eabi/9.1.0/../../../../arm-none-eabi/lib/thumb\libg.a(lib_a-reallocr.o)
                0x000000000200f0ac                _realloc_r
 .text.__sccl   0x000000000200f438       0x90 d:/devkitpro/devkitarm/bin/../lib/gcc/arm-none-eabi/9.1.0/../../../../arm-none-eabi/lib/thumb\libg.a(lib_a-sccl.o)
                0x000000000200f438                __sccl
 .text._strtoll_l.isra.0
                0x000000000200f4c8      0x1ac d:/devkitpro/devkitarm/bin/../lib/gcc/arm-none-eabi/9.1.0/../../../../arm-none-eabi/lib/thumb\libg.a(lib_a-strtoll.o)
 .text._strtoll_r
                0x000000000200f674        0xc d:/devkitpro/devkitarm/bin/../lib/gcc/arm-none-eabi/9.1.0/../../../../arm-none-eabi/lib/thumb\libg.a(lib_a-strtoll.o)
                0x000000000200f674                _strtoll_r
 .text._strtoull_l.isra.0
                0x000000000200f680      0x1c8 d:/devkitpro/devkitarm/bin/../lib/gcc/arm-none-eabi/9.1.0/../../../../arm-none-eabi/lib/thumb\libg.a(lib_a-strtoull.o)
 .text._strtoull_r
                0x000000000200f848        0xc d:/devkitpro/devkitarm/bin/../lib/gcc/arm-none-eabi/9.1.0/../../../../arm-none-eabi/lib/thumb\libg.a(lib_a-strtoull.o)
                0x000000000200f848                _strtoull_r
 .text._strtoul_l.isra.0
                0x000000000200f854      0x148 d:/devkitpro/devkitarm/bin/../lib/gcc/arm-none-eabi/9.1.0/../../../../arm-none-eabi/lib/thumb\libg.a(lib_a-strtoul.o)
 .text._strtoul_r
                0x000000000200f99c        0xc d:/devkitpro/devkitarm/bin/../lib/gcc/arm-none-eabi/9.1.0/../../../../arm-none-eabi/lib/thumb\libg.a(lib_a-strtoul.o)
                0x000000000200f99c                _strtoul_r
 .text.strtoul  0x000000000200f9a8       0x1c d:/devkitpro/devkitarm/bin/../lib/gcc/arm-none-eabi/9.1.0/../../../../arm-none-eabi/lib/thumb\libg.a(lib_a-strtoul.o)
                0x000000000200f9a8                strtoul
 .text.towctrans
                0x000000000200f9c4       0x28 d:/devkitpro/devkitarm/bin/../lib/gcc/arm-none-eabi/9.1.0/../../../../arm-none-eabi/lib/thumb\libg.a(lib_a-towctrans.o)
                0x000000000200f9c4                towctrans
 .text._wcsnrtombs_l
                0x000000000200f9ec      0x138 d:/devkitpro/devkitarm/bin/../lib/gcc/arm-none-eabi/9.1.0/../../../../arm-none-eabi/lib/thumb\libg.a(lib_a-wcsnrtombs.o)
                0x000000000200f9ec                _wcsnrtombs_l
 .text._wcsnrtombs_r
                0x000000000200fb24       0x30 d:/devkitpro/devkitarm/bin/../lib/gcc/arm-none-eabi/9.1.0/../../../../arm-none-eabi/lib/thumb\libg.a(lib_a-wcsnrtombs.o)
                0x000000000200fb24                _wcsnrtombs_r
 .text.__env_lock
                0x000000000200fb54       0x14 d:/devkitpro/devkitarm/bin/../lib/gcc/arm-none-eabi/9.1.0/../../../../arm-none-eabi/lib/thumb\libg.a(lib_a-envlock.o)
                0x000000000200fb54                __env_lock
 .text.__env_unlock
                0x000000000200fb68       0x14 d:/devkitpro/devkitarm/bin/../lib/gcc/arm-none-eabi/9.1.0/../../../../arm-none-eabi/lib/thumb\libg.a(lib_a-envlock.o)
                0x000000000200fb68                __env_unlock
 .text.iswspace_l
                0x000000000200fb7c       0x2c d:/devkitpro/devkitarm/bin/../lib/gcc/arm-none-eabi/9.1.0/../../../../arm-none-eabi/lib/thumb\libg.a(lib_a-iswspace_l.o)
                0x000000000200fb7c                iswspace_l
 .text.__jp2uc  0x000000000200fba8      0x164 d:/devkitpro/devkitarm/bin/../lib/gcc/arm-none-eabi/9.1.0/../../../../arm-none-eabi/lib/thumb\libg.a(lib_a-jp2uc.o)
 .text._jp2uc_l
                0x000000000200fd0c       0x6c d:/devkitpro/devkitarm/bin/../lib/gcc/arm-none-eabi/9.1.0/../../../../arm-none-eabi/lib/thumb\libg.a(lib_a-jp2uc.o)
                0x000000000200fd0c                _jp2uc_l
 .text._uc2jp_l
                0x000000000200fd78       0x4c d:/devkitpro/devkitarm/bin/../lib/gcc/arm-none-eabi/9.1.0/../../../../arm-none-eabi/lib/thumb\libg.a(lib_a-jp2uc.o)
                0x000000000200fd78                _uc2jp_l
 .text.bisearch.part.0.constprop.0
                0x000000000200fdc4       0x5c d:/devkitpro/devkitarm/bin/../lib/gcc/arm-none-eabi/9.1.0/../../../../arm-none-eabi/lib/thumb\libg.a(lib_a-towctrans_l.o)
 .text.towctrans_l
                0x000000000200fe20      0x140 d:/devkitpro/devkitarm/bin/../lib/gcc/arm-none-eabi/9.1.0/../../../../arm-none-eabi/lib/thumb\libg.a(lib_a-towctrans_l.o)
                0x000000000200fe20                towctrans_l
 .text.category
                0x000000000200ff60       0x58 d:/devkitpro/devkitarm/bin/../lib/gcc/arm-none-eabi/9.1.0/../../../../arm-none-eabi/lib/thumb\libg.a(lib_a-categories.o)
                0x000000000200ff60                category
 .text.null_write
                0x000000000200ffb8        0x4 d:/devkitpro/devkitarm/bin/../lib/gcc/arm-none-eabi/9.1.0/../../../../arm-none-eabi/lib/thumb\libsysbase.a(iosupport.o)
 .text.setDefaultDevice
                0x000000000200ffbc       0x10 d:/devkitpro/devkitarm/bin/../lib/gcc/arm-none-eabi/9.1.0/../../../../arm-none-eabi/lib/thumb\libsysbase.a(iosupport.o)
                0x000000000200ffbc                setDefaultDevice
 .text.FindDevice
                0x000000000200ffcc       0x98 d:/devkitpro/devkitarm/bin/../lib/gcc/arm-none-eabi/9.1.0/../../../../arm-none-eabi/lib/thumb\libsysbase.a(iosupport.o)
                0x000000000200ffcc                FindDevice
 .text.RemoveDevice
                0x0000000002010064       0x24 d:/devkitpro/devkitarm/bin/../lib/gcc/arm-none-eabi/9.1.0/../../../../arm-none-eabi/lib/thumb\libsysbase.a(iosupport.o)
                0x0000000002010064                RemoveDevice
 .text.AddDevice
                0x0000000002010088       0x78 d:/devkitpro/devkitarm/bin/../lib/gcc/arm-none-eabi/9.1.0/../../../../arm-none-eabi/lib/thumb\libsysbase.a(iosupport.o)
                0x0000000002010088                AddDevice
 .text.GetDeviceOpTab
                0x0000000002010100       0x20 d:/devkitpro/devkitarm/bin/../lib/gcc/arm-none-eabi/9.1.0/../../../../arm-none-eabi/lib/thumb\libsysbase.a(iosupport.o)
                0x0000000002010100                GetDeviceOpTab
 .text._fstat_r
                0x0000000002010120       0x4c d:/devkitpro/devkitarm/bin/../lib/gcc/arm-none-eabi/9.1.0/../../../../arm-none-eabi/lib/thumb\libsysbase.a(fstat.o)
                0x0000000002010120                _fstat_r
 .text._isatty_r
                0x000000000201016c        0x4 d:/devkitpro/devkitarm/bin/../lib/gcc/arm-none-eabi/9.1.0/../../../../arm-none-eabi/lib/thumb\libsysbase.a(isatty.o)
                0x000000000201016c                _isatty_r
 .text._lseek_r
                0x0000000002010170       0x5c d:/devkitpro/devkitarm/bin/../lib/gcc/arm-none-eabi/9.1.0/../../../../arm-none-eabi/lib/thumb\libsysbase.a(lseek.o)
                0x0000000002010170                _lseek_r
 .text._open_r  0x00000000020101cc       0x9c d:/devkitpro/devkitarm/bin/../lib/gcc/arm-none-eabi/9.1.0/../../../../arm-none-eabi/lib/thumb\libsysbase.a(open.o)
                0x00000000020101cc                _open_r
 .text._read_r  0x0000000002010268       0x50 d:/devkitpro/devkitarm/bin/../lib/gcc/arm-none-eabi/9.1.0/../../../../arm-none-eabi/lib/thumb\libsysbase.a(read.o)
                0x0000000002010268                _read_r
 .text._sbrk_r  0x00000000020102b8       0x54 d:/devkitpro/devkitarm/bin/../lib/gcc/arm-none-eabi/9.1.0/../../../../arm-none-eabi/lib/thumb\libsysbase.a(sbrk.o)
                0x00000000020102b8                _sbrk_r
 .text._write_r
                0x000000000201030c       0x50 d:/devkitpro/devkitarm/bin/../lib/gcc/arm-none-eabi/9.1.0/../../../../arm-none-eabi/lib/thumb\libsysbase.a(write.o)
                0x000000000201030c                _write_r
 .text._concatenate_path
                0x000000000201035c      0x128 d:/devkitpro/devkitarm/bin/../lib/gcc/arm-none-eabi/9.1.0/../../../../arm-none-eabi/lib/thumb\libsysbase.a(chdir.o)
                0x000000000201035c                _concatenate_path
 .text.chdir    0x0000000002010484       0xf8 d:/devkitpro/devkitarm/bin/../lib/gcc/arm-none-eabi/9.1.0/../../../../arm-none-eabi/lib/thumb\libsysbase.a(chdir.o)
                0x0000000002010484                chdir
 .text.__flockfile
                0x000000000201057c       0x10 d:/devkitpro/devkitarm/bin/../lib/gcc/arm-none-eabi/9.1.0/../../../../arm-none-eabi/lib/thumb\libsysbase.a(flock.o)
                0x000000000201057c                __flockfile
 .text.__funlockfile
                0x000000000201058c       0x10 d:/devkitpro/devkitarm/bin/../lib/gcc/arm-none-eabi/9.1.0/../../../../arm-none-eabi/lib/thumb\libsysbase.a(flock.o)
                0x000000000201058c                __funlockfile
 .text.__libc_lock_acquire
                0x000000000201059c       0x1c d:/devkitpro/devkitarm/bin/../lib/gcc/arm-none-eabi/9.1.0/../../../../arm-none-eabi/lib/thumb\libsysbase.a(syscall_support.o)
                0x000000000201059c                __libc_lock_acquire
 .text.__libc_lock_release
                0x00000000020105b8       0x1c d:/devkitpro/devkitarm/bin/../lib/gcc/arm-none-eabi/9.1.0/../../../../arm-none-eabi/lib/thumb\libsysbase.a(syscall_support.o)
                0x00000000020105b8                __libc_lock_release
 .text.__libc_lock_init_recursive
                0x00000000020105d4       0x1c d:/devkitpro/devkitarm/bin/../lib/gcc/arm-none-eabi/9.1.0/../../../../arm-none-eabi/lib/thumb\libsysbase.a(syscall_support.o)
                0x00000000020105d4                __libc_lock_init_recursive
 .text.__libc_lock_acquire_recursive
                0x00000000020105f0       0x1c d:/devkitpro/devkitarm/bin/../lib/gcc/arm-none-eabi/9.1.0/../../../../arm-none-eabi/lib/thumb\libsysbase.a(syscall_support.o)
                0x00000000020105f0                __libc_lock_acquire_recursive
 .text.__libc_lock_release_recursive
                0x000000000201060c       0x1c d:/devkitpro/devkitarm/bin/../lib/gcc/arm-none-eabi/9.1.0/../../../../arm-none-eabi/lib/thumb\libsysbase.a(syscall_support.o)
                0x000000000201060c                __libc_lock_release_recursive
 .text.__libc_lock_close_recursive
                0x0000000002010628       0x1c d:/devkitpro/devkitarm/bin/../lib/gcc/arm-none-eabi/9.1.0/../../../../arm-none-eabi/lib/thumb\libsysbase.a(syscall_support.o)
                0x0000000002010628                __libc_lock_close_recursive
 .text.__release_handle
                0x0000000002010644       0x68 d:/devkitpro/devkitarm/bin/../lib/gcc/arm-none-eabi/9.1.0/../../../../arm-none-eabi/lib/thumb\libsysbase.a(handle_manager.o)
                0x0000000002010644                __release_handle
 .text.__alloc_handle
                0x00000000020106ac       0x80 d:/devkitpro/devkitarm/bin/../lib/gcc/arm-none-eabi/9.1.0/../../../../arm-none-eabi/lib/thumb\libsysbase.a(handle_manager.o)
                0x00000000020106ac                __alloc_handle
 .text.__get_handle
                0x000000000201072c       0x34 d:/devkitpro/devkitarm/bin/../lib/gcc/arm-none-eabi/9.1.0/../../../../arm-none-eabi/lib/thumb\libsysbase.a(handle_manager.o)
                0x000000000201072c                __get_handle
 .text._close_r
                0x0000000002010760       0xb8 d:/devkitpro/devkitarm/bin/../lib/gcc/arm-none-eabi/9.1.0/../../../../arm-none-eabi/lib/thumb\libsysbase.a(handle_manager.o)
                0x0000000002010760                _close_r
 .text.__getreent
                0x0000000002010818       0x28 d:/devkitpro/devkitarm/bin/../lib/gcc/arm-none-eabi/9.1.0/../../../../arm-none-eabi/lib/thumb\libsysbase.a(getreent.o)
                0x0000000002010818                __getreent
 .text          0x0000000002010840       0x14 d:/devkitpro/devkitarm/bin/../lib/gcc/arm-none-eabi/9.1.0/thumb\libgcc.a(_thumb1_case_uqi.o)
                0x0000000002010840                __gnu_thumb1_case_uqi
 .text          0x0000000002010854       0x14 d:/devkitpro/devkitarm/bin/../lib/gcc/arm-none-eabi/9.1.0/thumb\libgcc.a(_thumb1_case_uhi.o)
                0x0000000002010854                __gnu_thumb1_case_uhi
 .text          0x0000000002010868       0x3c d:/devkitpro/devkitarm/bin/../lib/gcc/arm-none-eabi/9.1.0/thumb\libgcc.a(_aeabi_uldivmod.o)
                0x0000000002010868                __aeabi_uldivmod
 .text.__errno  0x00000000020108a4        0xc d:/devkitpro/devkitarm/bin/../lib/gcc/arm-none-eabi/9.1.0/../../../../arm-none-eabi/lib/thumb\libg.a(lib_a-errno.o)
                0x00000000020108a4                __errno
 .text.__errno.__stub
                0x00000000020108b0       0x64 linker stubs
 *(.gnu.linkonce.t.*)
 *(.text.*personality*)
 *(.gnu.warning)
 *(.glue_7t)
 .glue_7t       0x0000000002010920        0x0 linker stubs
 *(.glue_7)
 .glue_7        0x0000000002010920        0x0 linker stubs
 *(.vfp11_veneer)
 .vfp11_veneer  0x0000000002010920        0x0 linker stubs
                0x0000000002010920                . = ALIGN (0x4)
                0x0000000002010920                __text_end = .

.v4_bx          0x0000000002010920        0x0
 .v4_bx         0x0000000002010920        0x0 linker stubs

.iplt           0x0000000002010920        0x0
 .iplt          0x0000000002010920        0x0 d:/devkitpro/devkitarm/bin/../lib/gcc/arm-none-eabi/9.1.0/../../../../arm-none-eabi/lib/thumb/gba_crt0.o

.fini           0x0000000002010920        0xc
 *(.fini)
 .fini          0x0000000002010920        0x4 d:/devkitpro/devkitarm/bin/../lib/gcc/arm-none-eabi/9.1.0/thumb/crti.o
                0x0000000002010920                _fini
 .fini          0x0000000002010924        0x8 d:/devkitpro/devkitarm/bin/../lib/gcc/arm-none-eabi/9.1.0/thumb/crtn.o
                0x000000000201092c                . = ALIGN (0x4)

.rodata         0x000000000201092c     0x7790
 *(.rodata)
 .rodata        0x000000000201092c       0x70 D:/devkitPro/libgba/lib\libfat.a(libfat.o)
 .rodata        0x000000000201099c       0x10 D:/devkitPro/libgba/lib\libfat.a(disc.o)
                0x000000000201099c                _FAT_disc_interfaces
 .rodata        0x00000000020109ac       0x52 D:/devkitPro/libgba/lib\libfat.a(directory.o)
 *fill*         0x00000000020109fe        0x2 ff
 .rodata        0x0000000002010a00       0x14 D:/devkitPro/libgba/lib\libfat.a(partition.o)
 .rodata        0x0000000002010a14      0x1b4 D:/devkitPro/libgba/lib\libgba.a(console.o)
                0x0000000002010ae8                dotab_stdout
                0x0000000002010b58                dotab_stderr
 .rodata        0x0000000002010bc8       0x14 D:/devkitPro/libgba/lib\libgba.a(disc.o)
 .rodata        0x0000000002010bdc       0x20 D:/devkitPro/libgba/lib\libgba.a(io_m3sd.o)
                0x0000000002010bdc                _io_m3sd
 .rodata        0x0000000002010bfc       0x44 D:/devkitPro/libgba/lib\libgba.a(io_sccf.o)
                0x0000000002010c20                _io_sccf
 .rodata        0x0000000002010c40       0x20 D:/devkitPro/libgba/lib\libgba.a(io_scsd.o)
                0x0000000002010c40                _io_scsd
 .rodata        0x0000000002010c60       0x44 D:/devkitPro/libgba/lib\libgba.a(io_m3cf.o)
                0x0000000002010c84                _io_m3cf
 .rodata        0x0000000002010ca4       0x44 D:/devkitPro/libgba/lib\libgba.a(io_mpcf.o)
                0x0000000002010cc8                _io_mpcf
 .rodata        0x0000000002010ce8      0x804 D:/devkitPro/libgba/lib\libgba.a(amiga.fnt.o)
                0x0000000002010ce8                amiga_fnt
                0x00000000020114e8                amiga_fnt_size
                0x00000000020114e8                amiga_fnt_end
 *all.rodata*(*)
 *(.roda)
 *(.rodata.*)
 .rodata.str1.4
                0x00000000020114ec       0xce biosdumper.o
 *fill*         0x00000000020115ba        0x2 ff
 .rodata.str1.4
                0x00000000020115bc       0x14 D:/devkitPro/libgba/lib\libfat.a(libfat.o)
 .rodata.str1.4
                0x00000000020115d0        0x4 D:/devkitPro/libgba/lib\libfat.a(disc.o)
 .rodata.str1.4
                0x00000000020115d0        0x3 D:/devkitPro/libgba/lib\libfat.a(directory.o)
                                          0x7 (size before relaxing)
 *fill*         0x00000000020115d3        0x1 ff
 .rodata.str1.4
                0x00000000020115d4       0x2c D:/devkitPro/libgba/lib\libgba.a(console.o)
 .rodata._ctype_
                0x0000000002011600      0x101 d:/devkitpro/devkitarm/bin/../lib/gcc/arm-none-eabi/9.1.0/../../../../arm-none-eabi/lib/thumb\libg.a(lib_a-ctype_.o)
                0x0000000002011600                _ctype_
 *fill*         0x0000000002011701        0x3 ff
 .rodata._global_impure_ptr
                0x0000000002011704        0x4 d:/devkitpro/devkitarm/bin/../lib/gcc/arm-none-eabi/9.1.0/../../../../arm-none-eabi/lib/thumb\libg.a(lib_a-impure.o)
                0x0000000002011704                _global_impure_ptr
 .rodata.str1.4
                0x0000000002011708       0x44 d:/devkitpro/devkitarm/bin/../lib/gcc/arm-none-eabi/9.1.0/../../../../arm-none-eabi/lib/thumb\libg.a(lib_a-locale.o)
                                         0x4c (size before relaxing)
 .rodata._mbrtowc_r.str1.4
                0x000000000201174c        0x1 d:/devkitpro/devkitarm/bin/../lib/gcc/arm-none-eabi/9.1.0/../../../../arm-none-eabi/lib/thumb\libg.a(lib_a-mbrtowc.o)
 .rodata.DAYS_IN_MONTH
                0x000000000201174c       0x30 d:/devkitpro/devkitarm/bin/../lib/gcc/arm-none-eabi/9.1.0/../../../../arm-none-eabi/lib/thumb\libg.a(lib_a-mktime.o)
 .rodata._DAYS_BEFORE_MONTH
                0x000000000201177c       0x30 d:/devkitpro/devkitarm/bin/../lib/gcc/arm-none-eabi/9.1.0/../../../../arm-none-eabi/lib/thumb\libg.a(lib_a-mktime.o)
 .rodata.basefix.6959
                0x00000000020117ac       0x22 d:/devkitpro/devkitarm/bin/../lib/gcc/arm-none-eabi/9.1.0/../../../../arm-none-eabi/lib/thumb\libg.a(lib_a-svfiscanf.o)
 *fill*         0x00000000020117ce        0x2 ff
 .rodata._tzset_unlocked_r.str1.4
                0x00000000020117d0       0x53 d:/devkitpro/devkitarm/bin/../lib/gcc/arm-none-eabi/9.1.0/../../../../arm-none-eabi/lib/thumb\libg.a(lib_a-tzset_r.o)
 .rodata.str1.4
                0x0000000002011823        0x4 d:/devkitpro/devkitarm/bin/../lib/gcc/arm-none-eabi/9.1.0/../../../../arm-none-eabi/lib/thumb\libg.a(lib_a-tzvars.o)
 .rodata._vfiprintf_r.str1.1
                0x0000000002011823       0x29 d:/devkitpro/devkitarm/bin/../lib/gcc/arm-none-eabi/9.1.0/../../../../arm-none-eabi/lib/thumb\libg.a(lib_a-vfiprintf.o)
 .rodata.blanks.7396
                0x000000000201184c       0x10 d:/devkitpro/devkitarm/bin/../lib/gcc/arm-none-eabi/9.1.0/../../../../arm-none-eabi/lib/thumb\libg.a(lib_a-vfiprintf.o)
 .rodata.zeroes.7397
                0x000000000201185c       0x10 d:/devkitpro/devkitarm/bin/../lib/gcc/arm-none-eabi/9.1.0/../../../../arm-none-eabi/lib/thumb\libg.a(lib_a-vfiprintf.o)
 .rodata.__month_lengths
                0x000000000201186c       0x60 d:/devkitpro/devkitarm/bin/../lib/gcc/arm-none-eabi/9.1.0/../../../../arm-none-eabi/lib/thumb\libg.a(lib_a-month_lengths.o)
                0x000000000201186c                __month_lengths
 .rodata.__action_table
                0x00000000020118cc       0x6c d:/devkitpro/devkitarm/bin/../lib/gcc/arm-none-eabi/9.1.0/../../../../arm-none-eabi/lib/thumb\libg.a(lib_a-svfiprintf.o)
                0x00000000020118cc                __action_table
 .rodata.__chclass
                0x0000000002011938      0x100 d:/devkitpro/devkitarm/bin/../lib/gcc/arm-none-eabi/9.1.0/../../../../arm-none-eabi/lib/thumb\libg.a(lib_a-svfiprintf.o)
                0x0000000002011938                __chclass
 .rodata.__state_table
                0x0000000002011a38       0x6c d:/devkitpro/devkitarm/bin/../lib/gcc/arm-none-eabi/9.1.0/../../../../arm-none-eabi/lib/thumb\libg.a(lib_a-svfiprintf.o)
                0x0000000002011a38                __state_table
 .rodata.__jp2uc
                0x0000000002011aa4       0x20 d:/devkitpro/devkitarm/bin/../lib/gcc/arm-none-eabi/9.1.0/../../../../arm-none-eabi/lib/thumb\libg.a(lib_a-jp2uc.o)
 .rodata._jp2uc_l.str1.4
                0x0000000002011ac4       0x12 d:/devkitpro/devkitarm/bin/../lib/gcc/arm-none-eabi/9.1.0/../../../../arm-none-eabi/lib/thumb\libg.a(lib_a-jp2uc.o)
 *fill*         0x0000000002011ad6        0x2 ff
 .rodata.a1     0x0000000002011ad8       0xbc d:/devkitpro/devkitarm/bin/../lib/gcc/arm-none-eabi/9.1.0/../../../../arm-none-eabi/lib/thumb\libg.a(lib_a-jp2uc.o)
 .rodata.a2     0x0000000002011b94       0xbc d:/devkitpro/devkitarm/bin/../lib/gcc/arm-none-eabi/9.1.0/../../../../arm-none-eabi/lib/thumb\libg.a(lib_a-jp2uc.o)
 .rodata.a3     0x0000000002011c50       0x5b d:/devkitpro/devkitarm/bin/../lib/gcc/arm-none-eabi/9.1.0/../../../../arm-none-eabi/lib/thumb\libg.a(lib_a-jp2uc.o)
 *fill*         0x0000000002011cab        0x1 ff
 .rodata.a6     0x0000000002011cac       0x70 d:/devkitpro/devkitarm/bin/../lib/gcc/arm-none-eabi/9.1.0/../../../../arm-none-eabi/lib/thumb\libg.a(lib_a-jp2uc.o)
 .rodata.a7     0x0000000002011d1c       0xa2 d:/devkitpro/devkitarm/bin/../lib/gcc/arm-none-eabi/9.1.0/../../../../arm-none-eabi/lib/thumb\libg.a(lib_a-jp2uc.o)
 *fill*         0x0000000002011dbe        0x2 ff
 .rodata.a8     0x0000000002011dc0       0x40 d:/devkitpro/devkitarm/bin/../lib/gcc/arm-none-eabi/9.1.0/../../../../arm-none-eabi/lib/thumb\libg.a(lib_a-jp2uc.o)
 .rodata.b02cf  0x0000000002011e00     0x172a d:/devkitpro/devkitarm/bin/../lib/gcc/arm-none-eabi/9.1.0/../../../../arm-none-eabi/lib/thumb\libg.a(lib_a-jp2uc.o)
 *fill*         0x000000000201352a        0x2 ff
 .rodata.d02f4  0x000000000201352c     0x1a7c d:/devkitpro/devkitarm/bin/../lib/gcc/arm-none-eabi/9.1.0/../../../../arm-none-eabi/lib/thumb\libg.a(lib_a-jp2uc.o)
 .rodata.categories
                0x0000000002014fa8     0x309c d:/devkitpro/devkitarm/bin/../lib/gcc/arm-none-eabi/9.1.0/../../../../arm-none-eabi/lib/thumb\libg.a(lib_a-categories.o)
 .rodata.AddDevice.str1.4
                0x0000000002018044        0x8 d:/devkitpro/devkitarm/bin/../lib/gcc/arm-none-eabi/9.1.0/../../../../arm-none-eabi/lib/thumb\libsysbase.a(iosupport.o)
 .rodata.dotab_stdnull
                0x000000000201804c       0x70 d:/devkitpro/devkitarm/bin/../lib/gcc/arm-none-eabi/9.1.0/../../../../arm-none-eabi/lib/thumb\libsysbase.a(iosupport.o)
                0x000000000201804c                dotab_stdnull
 *(.gnu.linkonce.r*)
                0x00000000020180bc                . = ALIGN (0x4)

.ARM.extab
 *(.ARM.extab* .gnu.linkonce.armextab.*)
                0x00000000020180bc                __exidx_start = .

.ARM.exidx
 *(.ARM.exidx* .gnu.linkonce.armexidx.*)
                0x00000000020180bc                __exidx_end = .
                0x00000000020180bc                . = ALIGN (0x4)
                0x00000000020180bc                PROVIDE (__preinit_array_start = .)

.preinit_array
 *(.preinit_array)
                0x00000000020180bc                PROVIDE (__preinit_array_end = .)
                0x00000000020180bc                PROVIDE (__init_array_start = .)

.init_array     0x00000000020180bc        0x4
 *(.init_array)
 .init_array    0x00000000020180bc        0x4 d:/devkitpro/devkitarm/bin/../lib/gcc/arm-none-eabi/9.1.0/thumb/crtbegin.o
                0x00000000020180c0                PROVIDE (__init_array_end = .)
                [!provide]                        PROVIDE (__fini_array_start = .)

.fini_array     0x00000000020180c0        0x4
 *(.fini_array)
 .fini_array    0x00000000020180c0        0x4 d:/devkitpro/devkitarm/bin/../lib/gcc/arm-none-eabi/9.1.0/thumb/crtbegin.o
                [!provide]                        PROVIDE (__fini_array_end = .)

.ctors          0x00000000020180c4        0x0
 *crtbegin.o(.ctors)
 *(EXCLUDE_FILE(*crtend.o) .ctors)
 *(SORT_BY_NAME(.ctors.*))
 *(.ctors)
                0x00000000020180c4                . = ALIGN (0x4)

.dtors          0x00000000020180c4        0x0
 *crtbegin.o(.dtors)
 *(EXCLUDE_FILE(*crtend.o) .dtors)
 *(SORT_BY_NAME(.dtors.*))
 *(.dtors)
                0x00000000020180c4                . = ALIGN (0x4)

.jcr
 *(.jcr)

.eh_frame       0x00000000020180c4        0x4
 *(.eh_frame)
 .eh_frame      0x00000000020180c4        0x0 d:/devkitpro/devkitarm/bin/../lib/gcc/arm-none-eabi/9.1.0/thumb/crtbegin.o
 .eh_frame      0x00000000020180c4        0x4 d:/devkitpro/devkitarm/bin/../lib/gcc/arm-none-eabi/9.1.0/thumb/crtend.o
                0x00000000020180c8                . = ALIGN (0x4)

.gcc_except_table
                0x00000000020180c8        0x0
 *(.gcc_except_table)
                0x00000000020180c8                . = ALIGN (0x4)
                0x00000000020180c8                __iwram_lma = .

.iwram          0x0000000003000000       0xb8 load address 0x00000000020180c8
                0x0000000003000000                __iwram_start__ = ABSOLUTE (.)
 *(.iwram)
 .iwram         0x0000000003000000       0xb8 D:/devkitPro/libgba/lib\libgba.a(InterruptDispatcher.o)
                0x0000000003000000                IntrMain
 *iwram.*(.text*)
                0x00000000030000b8                . = ALIGN (0x4)
                0x00000000030000b8                __iwram_end__ = ABSOLUTE (.)
                0x0000000002018180                __data_lma = (__iwram_lma + SIZEOF (.iwram))

.rel.dyn        0x00000000030000b8        0x0 load address 0x0000000002018180
 .rel.iplt      0x00000000030000b8        0x0 d:/devkitpro/devkitarm/bin/../lib/gcc/arm-none-eabi/9.1.0/../../../../arm-none-eabi/lib/thumb/gba_crt0.o

.bss            0x00000000030000b8      0x590
                0x00000000030000b8                __bss_start__ = ABSOLUTE (.)
 *(.dynbss)
 *(.gnu.linkonce.b*)
 *(.bss*)
 .bss.completed.9071
                0x00000000030000b8        0x1 d:/devkitpro/devkitarm/bin/../lib/gcc/arm-none-eabi/9.1.0/thumb/crtbegin.o
 *fill*         0x00000000030000b9        0x3 
 .bss.object.9076
                0x00000000030000bc       0x18 d:/devkitpro/devkitarm/bin/../lib/gcc/arm-none-eabi/9.1.0/thumb/crtbegin.o
 .bss           0x00000000030000d4        0x4 D:/devkitPro/libgba/lib\libfat.a(cache.o)
 .bss           0x00000000030000d8       0x1c D:/devkitPro/libgba/lib\libgba.a(console.o)
 .bss           0x00000000030000f4        0x4 D:/devkitPro/libgba/lib\libgba.a(io_m3sd.o)
 .bss           0x00000000030000f8        0x4 D:/devkitPro/libgba/lib\libgba.a(io_scsd.o)
 .bss           0x00000000030000fc       0x24 D:/devkitPro/libgba/lib\libgba.a(io_cf_common.o)
                0x00000000030000fc                cfRegisters
 .bss.__malloc_current_mallinfo
                0x0000000003000120       0x28 d:/devkitpro/devkitarm/bin/../lib/gcc/arm-none-eabi/9.1.0/../../../../arm-none-eabi/lib/thumb\libg.a(lib_a-mallocr.o)
                0x0000000003000120                __malloc_current_mallinfo
 .bss.__malloc_max_sbrked_mem
                0x0000000003000148        0x4 d:/devkitpro/devkitarm/bin/../lib/gcc/arm-none-eabi/9.1.0/../../../../arm-none-eabi/lib/thumb\libg.a(lib_a-mallocr.o)
                0x0000000003000148                __malloc_max_sbrked_mem
 .bss.__malloc_max_total_mem
                0x000000000300014c        0x4 d:/devkitpro/devkitarm/bin/../lib/gcc/arm-none-eabi/9.1.0/../../../../arm-none-eabi/lib/thumb\libg.a(lib_a-mallocr.o)
                0x000000000300014c                __malloc_max_total_mem
 .bss.__malloc_top_pad
                0x0000000003000150        0x4 d:/devkitpro/devkitarm/bin/../lib/gcc/arm-none-eabi/9.1.0/../../../../arm-none-eabi/lib/thumb\libg.a(lib_a-mallocr.o)
                0x0000000003000150                __malloc_top_pad
 .bss.__tzname_dst
                0x0000000003000154        0xb d:/devkitpro/devkitarm/bin/../lib/gcc/arm-none-eabi/9.1.0/../../../../arm-none-eabi/lib/thumb\libg.a(lib_a-tzset_r.o)
 *fill*         0x000000000300015f        0x1 
 .bss.__tzname_std
                0x0000000003000160        0xb d:/devkitpro/devkitarm/bin/../lib/gcc/arm-none-eabi/9.1.0/../../../../arm-none-eabi/lib/thumb\libg.a(lib_a-tzset_r.o)
 *fill*         0x000000000300016b        0x1 
 .bss.prev_tzenv
                0x000000000300016c        0x4 d:/devkitpro/devkitarm/bin/../lib/gcc/arm-none-eabi/9.1.0/../../../../arm-none-eabi/lib/thumb\libg.a(lib_a-tzset_r.o)
 .bss._daylight
                0x0000000003000170        0x4 d:/devkitpro/devkitarm/bin/../lib/gcc/arm-none-eabi/9.1.0/../../../../arm-none-eabi/lib/thumb\libg.a(lib_a-tzvars.o)
                0x0000000003000170                _daylight
 .bss._timezone
                0x0000000003000174        0x4 d:/devkitpro/devkitarm/bin/../lib/gcc/arm-none-eabi/9.1.0/../../../../arm-none-eabi/lib/thumb\libg.a(lib_a-tzvars.o)
                0x0000000003000174                _timezone
 .bss.initial_env
                0x0000000003000178        0x4 d:/devkitpro/devkitarm/bin/../lib/gcc/arm-none-eabi/9.1.0/../../../../arm-none-eabi/lib/thumb\libg.a(lib_a-environ.o)
 .bss.heap_start.6057
                0x000000000300017c        0x4 d:/devkitpro/devkitarm/bin/../lib/gcc/arm-none-eabi/9.1.0/../../../../arm-none-eabi/lib/thumb\libsysbase.a(sbrk.o)
 .bss.fake_heap_end
                0x0000000003000180        0x4 d:/devkitpro/devkitarm/bin/../lib/gcc/arm-none-eabi/9.1.0/../../../../arm-none-eabi/lib/thumb\libsysbase.a(malloc_vars.o)
                0x0000000003000180                fake_heap_end
 .bss.fake_heap_start
                0x0000000003000184        0x4 d:/devkitpro/devkitarm/bin/../lib/gcc/arm-none-eabi/9.1.0/../../../../arm-none-eabi/lib/thumb\libsysbase.a(malloc_vars.o)
                0x0000000003000184                fake_heap_start
 .bss.temp_cwd  0x0000000003000188      0x400 d:/devkitpro/devkitarm/bin/../lib/gcc/arm-none-eabi/9.1.0/../../../../arm-none-eabi/lib/thumb\libsysbase.a(chdir.o)
 .bss.__syscalls
                0x0000000003000588       0x48 d:/devkitpro/devkitarm/bin/../lib/gcc/arm-none-eabi/9.1.0/../../../../arm-none-eabi/lib/thumb\libsysbase.a(syscall_support.o)
                0x0000000003000588                __syscalls
 *(COMMON)
 COMMON         0x00000000030005d0       0x78 D:/devkitPro/libgba/lib\libgba.a(interrupt.o)
                0x00000000030005d0                IntrTable
                0x0000000003000648                . = ALIGN (0x4)
                0x0000000003000648                __bss_end__ = ABSOLUTE (.)

.data           0x0000000003000648     0x2658 load address 0x0000000002018180
                0x0000000003000648                __data_start__ = ABSOLUTE (.)
 *(.data)
 *(.data.*)
 .data.__sfp_recursive_mutex
                0x0000000003000648        0xc d:/devkitpro/devkitarm/bin/../lib/gcc/arm-none-eabi/9.1.0/../../../../arm-none-eabi/lib/thumb\libg.a(lib_a-findfp.o)
 .data.__sinit_recursive_mutex
                0x0000000003000654        0xc d:/devkitpro/devkitarm/bin/../lib/gcc/arm-none-eabi/9.1.0/../../../../arm-none-eabi/lib/thumb\libg.a(lib_a-findfp.o)
 .data._impure_ptr
                0x0000000003000660        0x4 d:/devkitpro/devkitarm/bin/../lib/gcc/arm-none-eabi/9.1.0/../../../../arm-none-eabi/lib/thumb\libg.a(lib_a-impure.o)
                0x0000000003000660                _impure_ptr
 *fill*         0x0000000003000664        0x4 ff
 .data.impure_data
                0x0000000003000668      0x460 d:/devkitpro/devkitarm/bin/../lib/gcc/arm-none-eabi/9.1.0/../../../../arm-none-eabi/lib/thumb\libg.a(lib_a-impure.o)
 .data.__global_locale
                0x0000000003000ac8      0x16c d:/devkitpro/devkitarm/bin/../lib/gcc/arm-none-eabi/9.1.0/../../../../arm-none-eabi/lib/thumb\libg.a(lib_a-locale.o)
                0x0000000003000ac8                __global_locale
 .data.__malloc_av_
                0x0000000003000c34      0x408 d:/devkitpro/devkitarm/bin/../lib/gcc/arm-none-eabi/9.1.0/../../../../arm-none-eabi/lib/thumb\libg.a(lib_a-mallocr.o)
                0x0000000003000c34                __malloc_av_
 .data.__malloc_sbrk_base
                0x000000000300103c        0x4 d:/devkitpro/devkitarm/bin/../lib/gcc/arm-none-eabi/9.1.0/../../../../arm-none-eabi/lib/thumb\libg.a(lib_a-mallocr.o)
                0x000000000300103c                __malloc_sbrk_base
 .data.__malloc_trim_threshold
                0x0000000003001040        0x4 d:/devkitpro/devkitarm/bin/../lib/gcc/arm-none-eabi/9.1.0/../../../../arm-none-eabi/lib/thumb\libg.a(lib_a-mallocr.o)
                0x0000000003001040                __malloc_trim_threshold
 .data.__malloc_recursive_mutex
                0x0000000003001044        0xc d:/devkitpro/devkitarm/bin/../lib/gcc/arm-none-eabi/9.1.0/../../../../arm-none-eabi/lib/thumb\libg.a(lib_a-mlock.o)
 .data.__tz_mutex
                0x0000000003001050        0x4 d:/devkitpro/devkitarm/bin/../lib/gcc/arm-none-eabi/9.1.0/../../../../arm-none-eabi/lib/thumb\libg.a(lib_a-tzlock.o)
 .data._tzname  0x0000000003001054        0x8 d:/devkitpro/devkitarm/bin/../lib/gcc/arm-none-eabi/9.1.0/../../../../arm-none-eabi/lib/thumb\libg.a(lib_a-tzvars.o)
                0x0000000003001054                _tzname
 *fill*         0x000000000300105c        0x4 ff
 .data.tzinfo   0x0000000003001060       0x58 d:/devkitpro/devkitarm/bin/../lib/gcc/arm-none-eabi/9.1.0/../../../../arm-none-eabi/lib/thumb\libg.a(lib_a-gettzinfo.o)
 .data.environ  0x00000000030010b8        0x4 d:/devkitpro/devkitarm/bin/../lib/gcc/arm-none-eabi/9.1.0/../../../../arm-none-eabi/lib/thumb\libg.a(lib_a-environ.o)
                0x00000000030010b8                environ
 .data.__env_recursive_mutex
                0x00000000030010bc        0xc d:/devkitpro/devkitarm/bin/../lib/gcc/arm-none-eabi/9.1.0/../../../../arm-none-eabi/lib/thumb\libg.a(lib_a-envlock.o)
 .data.caseconv_table
                0x00000000030010c8      0x720 d:/devkitpro/devkitarm/bin/../lib/gcc/arm-none-eabi/9.1.0/../../../../arm-none-eabi/lib/thumb\libg.a(lib_a-towctrans_l.o)
 .data.defaultDevice
                0x00000000030017e8        0x4 d:/devkitpro/devkitarm/bin/../lib/gcc/arm-none-eabi/9.1.0/../../../../arm-none-eabi/lib/thumb\libsysbase.a(iosupport.o)
 .data.devoptab_list
                0x00000000030017ec       0x8c d:/devkitpro/devkitarm/bin/../lib/gcc/arm-none-eabi/9.1.0/../../../../arm-none-eabi/lib/thumb\libsysbase.a(iosupport.o)
                0x00000000030017ec                devoptab_list
 .data._current_working_directory
                0x0000000003001878      0x400 d:/devkitpro/devkitarm/bin/../lib/gcc/arm-none-eabi/9.1.0/../../../../arm-none-eabi/lib/thumb\libsysbase.a(chdir.o)
 .data.__hndl_lock
                0x0000000003001c78        0x4 d:/devkitpro/devkitarm/bin/../lib/gcc/arm-none-eabi/9.1.0/../../../../arm-none-eabi/lib/thumb\libsysbase.a(handle_manager.o)
 .data.__stderr_handle
                0x0000000003001c7c        0xc d:/devkitpro/devkitarm/bin/../lib/gcc/arm-none-eabi/9.1.0/../../../../arm-none-eabi/lib/thumb\libsysbase.a(handle_manager.o)
 .data.__stdin_handle
                0x0000000003001c88        0xc d:/devkitpro/devkitarm/bin/../lib/gcc/arm-none-eabi/9.1.0/../../../../arm-none-eabi/lib/thumb\libsysbase.a(handle_manager.o)
 .data.__stdout_handle
                0x0000000003001c94        0xc d:/devkitpro/devkitarm/bin/../lib/gcc/arm-none-eabi/9.1.0/../../../../arm-none-eabi/lib/thumb\libsysbase.a(handle_manager.o)
 .data.handles  0x0000000003001ca0     0x1000 d:/devkitpro/devkitarm/bin/../lib/gcc/arm-none-eabi/9.1.0/../../../../arm-none-eabi/lib/thumb\libsysbase.a(handle_manager.o)
 *(.gnu.linkonce.d*)
                0x0000000003002ca0                . = ALIGN (0x4)
                0x0000000003002ca0                __data_end__ = ABSOLUTE (.)
                0x000000000201a7d8                __iwram_overlay_lma = (__data_lma + SIZEOF (.data))
                [!provide]                        PROVIDE (edata = .)
                0x0000000003002ca0                __iwram_overlay_start = .

.igot.plt       0x0000000003002ca0        0x0 load address 0x000000000201a7d8
 .igot.plt      0x0000000003002ca0        0x0 d:/devkitpro/devkitarm/bin/../lib/gcc/arm-none-eabi/9.1.0/../../../../arm-none-eabi/lib/thumb/gba_crt0.o

.tm_clone_table
                0x0000000003002ca0        0x0 load address 0x000000000201a7d8
 .tm_clone_table
                0x0000000003002ca0        0x0 d:/devkitpro/devkitarm/bin/../lib/gcc/arm-none-eabi/9.1.0/thumb/crtbegin.o
 .tm_clone_table
                0x0000000003002ca0        0x0 d:/devkitpro/devkitarm/bin/../lib/gcc/arm-none-eabi/9.1.0/thumb/crtend.o

.iwram0         0x0000000003002ca0        0x0 load address 0x000000000201a7d8
 *(.iwram0)
                0x0000000003002ca0                . = ALIGN (0x4)
                0x000000000201a7d8                PROVIDE (__load_start_iwram0 = LOADADDR (.iwram0))
                0x000000000201a7d8                PROVIDE (__load_stop_iwram0 = (LOADADDR (.iwram0) + SIZEOF (.iwram0)))

.iwram1         0x0000000003002ca0        0x0
 *(.iwram1)
                0x0000000003002ca0                . = ALIGN (0x4)
                [!provide]                        PROVIDE (__load_start_iwram1 = LOADADDR (.iwram1))
                [!provide]                        PROVIDE (__load_stop_iwram1 = (LOADADDR (.iwram1) + SIZEOF (.iwram1)))

.iwram2         0x0000000003002ca0        0x0
 *(.iwram2)
                0x0000000003002ca0                . = ALIGN (0x4)
                [!provide]                        PROVIDE (__load_start_iwram2 = LOADADDR (.iwram2))
                [!provide]                        PROVIDE (__load_stop_iwram2 = (LOADADDR (.iwram2) + SIZEOF (.iwram2)))

.iwram3         0x0000000003002ca0        0x0
 *(.iwram3)
                0x0000000003002ca0                . = ALIGN (0x4)
                [!provide]                        PROVIDE (__load_start_iwram3 = LOADADDR (.iwram3))
                [!provide]                        PROVIDE (__load_stop_iwram3 = (LOADADDR (.iwram3) + SIZEOF (.iwram3)))

.iwram4         0x0000000003002ca0        0x0
 *(.iwram4)
                0x0000000003002ca0                . = ALIGN (0x4)
                [!provide]                        PROVIDE (__load_start_iwram4 = LOADADDR (.iwram4))
                [!provide]                        PROVIDE (__load_stop_iwram4 = (LOADADDR (.iwram4) + SIZEOF (.iwram4)))

.iwram5         0x0000000003002ca0        0x0
 *(.iwram5)
                0x0000000003002ca0                . = ALIGN (0x4)
                [!provide]                        PROVIDE (__load_start_iwram5 = LOADADDR (.iwram5))
                [!provide]                        PROVIDE (__load_stop_iwram5 = (LOADADDR (.iwram5) + SIZEOF (.iwram5)))

.iwram6         0x0000000003002ca0        0x0
 *(.iwram6)
                0x0000000003002ca0                . = ALIGN (0x4)
                [!provide]                        PROVIDE (__load_start_iwram6 = LOADADDR (.iwram6))
                [!provide]                        PROVIDE (__load_stop_iwram6 = (LOADADDR (.iwram6) + SIZEOF (.iwram6)))

.iwram7         0x0000000003002ca0        0x0
 *(.iwram7)
                0x0000000003002ca0                . = ALIGN (0x4)
                [!provide]                        PROVIDE (__load_start_iwram7 = LOADADDR (.iwram7))
                [!provide]                        PROVIDE (__load_stop_iwram7 = (LOADADDR (.iwram7) + SIZEOF (.iwram7)))

.iwram8         0x0000000003002ca0        0x0
 *(.iwram8)
                0x0000000003002ca0                . = ALIGN (0x4)
                [!provide]                        PROVIDE (__load_start_iwram8 = LOADADDR (.iwram8))
                [!provide]                        PROVIDE (__load_stop_iwram8 = (LOADADDR (.iwram8) + SIZEOF (.iwram8)))

.iwram9         0x0000000003002ca0        0x0
 *(.iwram9)
                0x0000000003002ca0                . = ALIGN (0x4)
                [!provide]                        PROVIDE (__load_start_iwram9 = LOADADDR (.iwram9))
                [!provide]                        PROVIDE (__load_stop_iwram9 = (LOADADDR (.iwram9) + SIZEOF (.iwram9)))
                0x000000000201a7d8                __ewram_lma = ((((((((((LOADADDR (.iwram0) + SIZEOF (.iwram0)) + SIZEOF (.iwram1)) + SIZEOF (.iwram2)) + SIZEOF (.iwram3)) + SIZEOF (.iwram4)) + SIZEOF (.iwram5)) + SIZEOF (.iwram6)) + SIZEOF (.iwram7)) + SIZEOF (.iwram8)) + SIZEOF (.iwram9))
                0x000000000201a7d8                __iwram_overlay_end = __ewram_lma
                0x000000000201a7d8                __ewram_start = __ewram_lma

.ewram          0x000000000201a7d8        0x0
 *(.ewram)
                0x000000000201a7d8                . = ALIGN (0x4)
                0x000000000201a7d8                __ewram_end = ABSOLUTE (.)
                0x000000000201a7d8                __ewram_overlay_lma = (__ewram_lma + SIZEOF (.ewram))

.sbss           0x000000000201a7d8        0x0
                0x000000000201a7d8                __sbss_start__ = ABSOLUTE (.)
 *(.sbss)
                0x000000000201a7d8                . = ALIGN (0x4)
                0x000000000201a7d8                __sbss_end__ = ABSOLUTE (.)
                0x000000000201a7d8                __end__ = ABSOLUTE (.)
                0x000000000201a7d8                __eheap_start = ABSOLUTE (.)

.ewram0         0x000000000201a7d8        0x0
 *(.ewram0)
                0x000000000201a7d8                . = ALIGN (0x4)
                [!provide]                        PROVIDE (__load_start_ewram0 = LOADADDR (.ewram0))
                [!provide]                        PROVIDE (__load_stop_ewram0 = (LOADADDR (.ewram0) + SIZEOF (.ewram0)))

.ewram1         0x000000000201a7d8        0x0
 *(.ewram1)
                0x000000000201a7d8                . = ALIGN (0x4)
                [!provide]                        PROVIDE (__load_start_ewram1 = LOADADDR (.ewram1))
                [!provide]                        PROVIDE (__load_stop_ewram1 = (LOADADDR (.ewram1) + SIZEOF (.ewram1)))

.ewram2         0x000000000201a7d8        0x0
 *(.ewram2)
                0x000000000201a7d8                . = ALIGN (0x4)
                [!provide]                        PROVIDE (__load_start_ewram2 = LOADADDR (.ewram2))
                [!provide]                        PROVIDE (__load_stop_ewram2 = (LOADADDR (.ewram2) + SIZEOF (.ewram2)))

.ewram3         0x000000000201a7d8        0x0
 *(.ewram3)
                0x000000000201a7d8                . = ALIGN (0x4)
                [!provide]                        PROVIDE (__load_start_ewram3 = LOADADDR (.ewram3))
                [!provide]                        PROVIDE (__load_stop_ewram3 = (LOADADDR (.ewram3) + SIZEOF (.ewram3)))

.ewram4         0x000000000201a7d8        0x0
 *(.ewram4)
                0x000000000201a7d8                . = ALIGN (0x4)
                [!provide]                        PROVIDE (__load_start_ewram4 = LOADADDR (.ewram4))
                [!provide]                        PROVIDE (__load_stop_ewram4 = (LOADADDR (.ewram4) + SIZEOF (.ewram4)))

.ewram5         0x000000000201a7d8        0x0
 *(.ewram5)
                0x000000000201a7d8                . = ALIGN (0x4)
                [!provide]                        PROVIDE (__load_start_ewram5 = LOADADDR (.ewram5))
                [!provide]                        PROVIDE (__load_stop_ewram5 = (LOADADDR (.ewram5) + SIZEOF (.ewram5)))

.ewram6         0x000000000201a7d8        0x0
 *(.ewram6)
                0x000000000201a7d8                . = ALIGN (0x4)
                [!provide]                        PROVIDE (__load_start_ewram6 = LOADADDR (.ewram6))
                [!provide]                        PROVIDE (__load_stop_ewram6 = (LOADADDR (.ewram6) + SIZEOF (.ewram6)))

.ewram7         0x000000000201a7d8        0x0
 *(.ewram7)
                0x000000000201a7d8                . = ALIGN (0x4)
                [!provide]                        PROVIDE (__load_start_ewram7 = LOADADDR (.ewram7))
                [!provide]                        PROVIDE (__load_stop_ewram7 = (LOADADDR (.ewram7) + SIZEOF (.ewram7)))

.ewram8         0x000000000201a7d8        0x0
 *(.ewram8)
                0x000000000201a7d8                . = ALIGN (0x4)
                [!provide]                        PROVIDE (__load_start_ewram8 = LOADADDR (.ewram8))
                [!provide]                        PROVIDE (__load_stop_ewram8 = (LOADADDR (.ewram8) + SIZEOF (.ewram8)))

.ewram9         0x000000000201a7d8        0x0
 *(.ewram9)
                0x000000000201a7d8                . = ALIGN (0x4)
                [!provide]                        PROVIDE (__load_start_ewram9 = LOADADDR (.ewram9))
                [!provide]                        PROVIDE (__load_stop_ewram9 = (LOADADDR (.ewram9) + SIZEOF (.ewram9)))
                0x000000000201a7d8                __ewram_overlay_end = ABSOLUTE (.)
                0x000000000201a7d8                __eheap_start = __ewram_overlay_end
                0x000000000201a7d8                _end = __ewram_overlay_end
                0x000000000201a7d8                __end__ = __ewram_overlay_end
                0x000000000201a7d8                __rom_end__ = __ewram_overlay_end

.stab
 *(.stab)

.stabstr
 *(.stabstr)

.stab.excl
 *(.stab.excl)

.stab.exclstr
 *(.stab.exclstr)

.stab.index
 *(.stab.index)

.stab.indexstr
 *(.stab.indexstr)

.comment        0x0000000000000000       0x44
 *(.comment)
 .comment       0x0000000000000000       0x22 d:/devkitpro/devkitarm/bin/../lib/gcc/arm-none-eabi/9.1.0/thumb/crtbegin.o
                                         0x23 (size before relaxing)
 .comment       0x0000000000000022       0x23 biosdumper.o
 .comment       0x0000000000000022       0x22 D:/devkitPro/libgba/lib\libfat.a(libfat.o)
                                         0x23 (size before relaxing)
 .comment       0x0000000000000044       0x23 D:/devkitPro/libgba/lib\libfat.a(disc.o)
 .comment       0x0000000000000044       0x23 D:/devkitPro/libgba/lib\libfat.a(fatfile.o)
 .comment       0x0000000000000044       0x23 D:/devkitPro/libgba/lib\libfat.a(cache.o)
 .comment       0x0000000000000044       0x23 D:/devkitPro/libgba/lib\libfat.a(fatdir.o)
 .comment       0x0000000000000044       0x23 D:/devkitPro/libgba/lib\libfat.a(directory.o)
 .comment       0x0000000000000044       0x23 D:/devkitPro/libgba/lib\libfat.a(partition.o)
 .comment       0x0000000000000044       0x23 D:/devkitPro/libgba/lib\libfat.a(lock.o)
 .comment       0x0000000000000044       0x23 D:/devkitPro/libgba/lib\libfat.a(filetime.o)
 .comment       0x0000000000000044       0x23 D:/devkitPro/libgba/lib\libfat.a(file_allocation_table.o)
 .comment       0x0000000000000044       0x23 D:/devkitPro/libgba/lib\libgba.a(interrupt.o)
 .comment       0x0000000000000044       0x23 D:/devkitPro/libgba/lib\libgba.a(console.o)
 .comment       0x0000000000000044       0x23 D:/devkitPro/libgba/lib\libgba.a(disc.o)
 .comment       0x0000000000000044       0x23 D:/devkitPro/libgba/lib\libgba.a(io_m3sd.o)
 .comment       0x0000000000000044       0x23 D:/devkitPro/libgba/lib\libgba.a(io_m3_common.o)
 .comment       0x0000000000000044       0x23 D:/devkitPro/libgba/lib\libgba.a(io_sccf.o)
 .comment       0x0000000000000044       0x23 D:/devkitPro/libgba/lib\libgba.a(io_scsd.o)
 .comment       0x0000000000000044       0x23 D:/devkitPro/libgba/lib\libgba.a(io_m3cf.o)
 .comment       0x0000000000000044       0x23 D:/devkitPro/libgba/lib\libgba.a(io_cf_common.o)
 .comment       0x0000000000000044       0x23 D:/devkitPro/libgba/lib\libgba.a(io_mpcf.o)
 .comment       0x0000000000000044       0x23 D:/devkitPro/libgba/lib\libgba.a(CpuSet.o)
 .comment       0x0000000000000044       0x23 D:/devkitPro/libgba/lib\libgba.a(io_sd_common.o)
 .comment       0x0000000000000044       0x23 D:/devkitPro/libgba/lib\libgba.a(io_sc_common.o)
 .comment       0x0000000000000044       0x23 d:/devkitpro/devkitarm/bin/../lib/gcc/arm-none-eabi/9.1.0/thumb\libgcc.a(_muldi3.o)
 .comment       0x0000000000000044       0x23 d:/devkitpro/devkitarm/bin/../lib/gcc/arm-none-eabi/9.1.0/thumb\libgcc.a(_udivmoddi4.o)
 .comment       0x0000000000000044       0x23 d:/devkitpro/devkitarm/bin/../lib/gcc/arm-none-eabi/9.1.0/../../../../arm-none-eabi/lib/thumb\libg.a(lib_a-calloc.o)
 .comment       0x0000000000000044       0x23 d:/devkitpro/devkitarm/bin/../lib/gcc/arm-none-eabi/9.1.0/../../../../arm-none-eabi/lib/thumb\libg.a(lib_a-callocr.o)
 .comment       0x0000000000000044       0x23 d:/devkitpro/devkitarm/bin/../lib/gcc/arm-none-eabi/9.1.0/../../../../arm-none-eabi/lib/thumb\libg.a(lib_a-ctype_.o)
 .comment       0x0000000000000044       0x23 d:/devkitpro/devkitarm/bin/../lib/gcc/arm-none-eabi/9.1.0/../../../../arm-none-eabi/lib/thumb\libg.a(lib_a-fclose.o)
 .comment       0x0000000000000044       0x23 d:/devkitpro/devkitarm/bin/../lib/gcc/arm-none-eabi/9.1.0/../../../../arm-none-eabi/lib/thumb\libg.a(lib_a-fflush.o)
 .comment       0x0000000000000044       0x23 d:/devkitpro/devkitarm/bin/../lib/gcc/arm-none-eabi/9.1.0/../../../../arm-none-eabi/lib/thumb\libg.a(lib_a-findfp.o)
 .comment       0x0000000000000044       0x23 d:/devkitpro/devkitarm/bin/../lib/gcc/arm-none-eabi/9.1.0/../../../../arm-none-eabi/lib/thumb\libg.a(lib_a-fopen.o)
 .comment       0x0000000000000044       0x23 d:/devkitpro/devkitarm/bin/../lib/gcc/arm-none-eabi/9.1.0/../../../../arm-none-eabi/lib/thumb\libg.a(lib_a-freer.o)
 .comment       0x0000000000000044       0x23 d:/devkitpro/devkitarm/bin/../lib/gcc/arm-none-eabi/9.1.0/../../../../arm-none-eabi/lib/thumb\libg.a(lib_a-fseek.o)
 .comment       0x0000000000000044       0x23 d:/devkitpro/devkitarm/bin/../lib/gcc/arm-none-eabi/9.1.0/../../../../arm-none-eabi/lib/thumb\libg.a(lib_a-fseeko.o)
 .comment       0x0000000000000044       0x23 d:/devkitpro/devkitarm/bin/../lib/gcc/arm-none-eabi/9.1.0/../../../../arm-none-eabi/lib/thumb\libg.a(lib_a-fwalk.o)
 .comment       0x0000000000000044       0x23 d:/devkitpro/devkitarm/bin/../lib/gcc/arm-none-eabi/9.1.0/../../../../arm-none-eabi/lib/thumb\libg.a(lib_a-fwrite.o)
 .comment       0x0000000000000044       0x23 d:/devkitpro/devkitarm/bin/../lib/gcc/arm-none-eabi/9.1.0/../../../../arm-none-eabi/lib/thumb\libg.a(lib_a-impure.o)
 .comment       0x0000000000000044       0x23 d:/devkitpro/devkitarm/bin/../lib/gcc/arm-none-eabi/9.1.0/../../../../arm-none-eabi/lib/thumb\libg.a(lib_a-init.o)
 .comment       0x0000000000000044       0x23 d:/devkitpro/devkitarm/bin/../lib/gcc/arm-none-eabi/9.1.0/../../../../arm-none-eabi/lib/thumb\libg.a(lib_a-iprintf.o)
 .comment       0x0000000000000044       0x23 d:/devkitpro/devkitarm/bin/../lib/gcc/arm-none-eabi/9.1.0/../../../../arm-none-eabi/lib/thumb\libg.a(lib_a-locale.o)
 .comment       0x0000000000000044       0x23 d:/devkitpro/devkitarm/bin/../lib/gcc/arm-none-eabi/9.1.0/../../../../arm-none-eabi/lib/thumb\libg.a(lib_a-makebuf.o)
 .comment       0x0000000000000044       0x23 d:/devkitpro/devkitarm/bin/../lib/gcc/arm-none-eabi/9.1.0/../../../../arm-none-eabi/lib/thumb\libg.a(lib_a-malloc.o)
 .comment       0x0000000000000044       0x23 d:/devkitpro/devkitarm/bin/../lib/gcc/arm-none-eabi/9.1.0/../../../../arm-none-eabi/lib/thumb\libg.a(lib_a-mallocr.o)
 .comment       0x0000000000000044       0x23 d:/devkitpro/devkitarm/bin/../lib/gcc/arm-none-eabi/9.1.0/../../../../arm-none-eabi/lib/thumb\libg.a(lib_a-mbrtowc.o)
 .comment       0x0000000000000044       0x23 d:/devkitpro/devkitarm/bin/../lib/gcc/arm-none-eabi/9.1.0/../../../../arm-none-eabi/lib/thumb\libg.a(lib_a-mbsrtowcs.o)
 .comment       0x0000000000000044       0x23 d:/devkitpro/devkitarm/bin/../lib/gcc/arm-none-eabi/9.1.0/../../../../arm-none-eabi/lib/thumb\libg.a(lib_a-mbtowc_r.o)
 .comment       0x0000000000000044       0x23 d:/devkitpro/devkitarm/bin/../lib/gcc/arm-none-eabi/9.1.0/../../../../arm-none-eabi/lib/thumb\libg.a(lib_a-memcmp.o)
 .comment       0x0000000000000044       0x23 d:/devkitpro/devkitarm/bin/../lib/gcc/arm-none-eabi/9.1.0/../../../../arm-none-eabi/lib/thumb\libg.a(lib_a-memcpy-stub.o)
 .comment       0x0000000000000044       0x23 d:/devkitpro/devkitarm/bin/../lib/gcc/arm-none-eabi/9.1.0/../../../../arm-none-eabi/lib/thumb\libg.a(lib_a-memmove.o)
 .comment       0x0000000000000044       0x23 d:/devkitpro/devkitarm/bin/../lib/gcc/arm-none-eabi/9.1.0/../../../../arm-none-eabi/lib/thumb\libg.a(lib_a-memset.o)
 .comment       0x0000000000000044       0x23 d:/devkitpro/devkitarm/bin/../lib/gcc/arm-none-eabi/9.1.0/../../../../arm-none-eabi/lib/thumb\libg.a(lib_a-mktime.o)
 .comment       0x0000000000000044       0x23 d:/devkitpro/devkitarm/bin/../lib/gcc/arm-none-eabi/9.1.0/../../../../arm-none-eabi/lib/thumb\libg.a(lib_a-mlock.o)
 .comment       0x0000000000000044       0x23 d:/devkitpro/devkitarm/bin/../lib/gcc/arm-none-eabi/9.1.0/../../../../arm-none-eabi/lib/thumb\libg.a(lib_a-refill.o)
 .comment       0x0000000000000044       0x23 d:/devkitpro/devkitarm/bin/../lib/gcc/arm-none-eabi/9.1.0/../../../../arm-none-eabi/lib/thumb\libg.a(lib_a-setvbuf.o)
 .comment       0x0000000000000044       0x23 d:/devkitpro/devkitarm/bin/../lib/gcc/arm-none-eabi/9.1.0/../../../../arm-none-eabi/lib/thumb\libg.a(lib_a-siscanf.o)
 .comment       0x0000000000000044       0x23 d:/devkitpro/devkitarm/bin/../lib/gcc/arm-none-eabi/9.1.0/../../../../arm-none-eabi/lib/thumb\libg.a(lib_a-stdio.o)
 .comment       0x0000000000000044       0x23 d:/devkitpro/devkitarm/bin/../lib/gcc/arm-none-eabi/9.1.0/../../../../arm-none-eabi/lib/thumb\libg.a(lib_a-stpcpy.o)
 .comment       0x0000000000000044       0x23 d:/devkitpro/devkitarm/bin/../lib/gcc/arm-none-eabi/9.1.0/../../../../arm-none-eabi/lib/thumb\libg.a(lib_a-strchr.o)
 .comment       0x0000000000000044       0x23 d:/devkitpro/devkitarm/bin/../lib/gcc/arm-none-eabi/9.1.0/../../../../arm-none-eabi/lib/thumb\libg.a(lib_a-strcpy.o)
 .comment       0x0000000000000044       0x23 d:/devkitpro/devkitarm/bin/../lib/gcc/arm-none-eabi/9.1.0/../../../../arm-none-eabi/lib/thumb\libg.a(lib_a-strlen-stub.o)
 .comment       0x0000000000000044       0x23 d:/devkitpro/devkitarm/bin/../lib/gcc/arm-none-eabi/9.1.0/../../../../arm-none-eabi/lib/thumb\libg.a(lib_a-strncasecmp.o)
 .comment       0x0000000000000044       0x23 d:/devkitpro/devkitarm/bin/../lib/gcc/arm-none-eabi/9.1.0/../../../../arm-none-eabi/lib/thumb\libg.a(lib_a-strncmp.o)
 .comment       0x0000000000000044       0x23 d:/devkitpro/devkitarm/bin/../lib/gcc/arm-none-eabi/9.1.0/../../../../arm-none-eabi/lib/thumb\libg.a(lib_a-strncpy.o)
 .comment       0x0000000000000044       0x23 d:/devkitpro/devkitarm/bin/../lib/gcc/arm-none-eabi/9.1.0/../../../../arm-none-eabi/lib/thumb\libg.a(lib_a-strnlen.o)
 .comment       0x0000000000000044       0x23 d:/devkitpro/devkitarm/bin/../lib/gcc/arm-none-eabi/9.1.0/../../../../arm-none-eabi/lib/thumb\libg.a(lib_a-strpbrk.o)
 .comment       0x0000000000000044       0x23 d:/devkitpro/devkitarm/bin/../lib/gcc/arm-none-eabi/9.1.0/../../../../arm-none-eabi/lib/thumb\libg.a(lib_a-strrchr.o)
 .comment       0x0000000000000044       0x23 d:/devkitpro/devkitarm/bin/../lib/gcc/arm-none-eabi/9.1.0/../../../../arm-none-eabi/lib/thumb\libg.a(lib_a-strtol.o)
 .comment       0x0000000000000044       0x23 d:/devkitpro/devkitarm/bin/../lib/gcc/arm-none-eabi/9.1.0/../../../../arm-none-eabi/lib/thumb\libg.a(lib_a-svfiscanf.o)
 .comment       0x0000000000000044       0x23 d:/devkitpro/devkitarm/bin/../lib/gcc/arm-none-eabi/9.1.0/../../../../arm-none-eabi/lib/thumb\libg.a(lib_a-towlower.o)
 .comment       0x0000000000000044       0x23 d:/devkitpro/devkitarm/bin/../lib/gcc/arm-none-eabi/9.1.0/../../../../arm-none-eabi/lib/thumb\libg.a(lib_a-towupper.o)
 .comment       0x0000000000000044       0x23 d:/devkitpro/devkitarm/bin/../lib/gcc/arm-none-eabi/9.1.0/../../../../arm-none-eabi/lib/thumb\libg.a(lib_a-tzcalc_limits.o)
 .comment       0x0000000000000044       0x23 d:/devkitpro/devkitarm/bin/../lib/gcc/arm-none-eabi/9.1.0/../../../../arm-none-eabi/lib/thumb\libg.a(lib_a-tzlock.o)