Archive member included to satisfy reference by file (symbol)

D:/devkitPro/libgba/lib\libgba.a(xcomms_print.o)
                              XbooLoad.o (xcomms_dprintf)
D:/devkitPro/libgba/lib\libgba.a(pcx.o)
                              XbooLoad.o (DecodePCX)
D:/devkitPro/libgba/lib\libgba.a(interrupt.o)
                              XbooLoad.o (irqInit)
D:/devkitPro/libgba/lib\libgba.a(xcomms.o)
                              D:/devkitPro/libgba/lib\libgba.a(xcomms_print.o) (xcomms_send)
D:/devkitPro/libgba/lib\libgba.a(fade.o)
                              XbooLoad.o (FadeToGrayScale)
D:/devkitPro/libgba/lib\libgba.a(input.o)
                              XbooLoad.o (keysDown)
D:/devkitPro/libgba/lib\libgba.a(InterruptDispatcher.o)
                              D:/devkitPro/libgba/lib\libgba.a(interrupt.o) (IntrMain)
d:/devkitpro/devkitarm/bin/../lib/gcc/arm-none-eabi/9.1.0/thumb\libgcc.a(_divsi3.o)
                              D:/devkitPro/libgba/lib\libgba.a(fade.o) (__aeabi_idiv)
d:/devkitpro/devkitarm/bin/../lib/gcc/arm-none-eabi/9.1.0/thumb\libgcc.a(_dvmd_tls.o)
                              d:/devkitpro/devkitarm/bin/../lib/gcc/arm-none-eabi/9.1.0/thumb\libgcc.a(_divsi3.o) (__aeabi_idiv0)
d:/devkitpro/devkitarm/bin/../lib/gcc/arm-none-eabi/9.1.0/../../../../arm-none-eabi/lib/thumb\libg.a(lib_a-init.o)
                              d:/devkitpro/devkitarm/bin/../lib/gcc/arm-none-eabi/9.1.0/../../../../arm-none-eabi/lib/thumb/gba_crt0.o (__libc_init_array)
d:/devkitpro/devkitarm/bin/../lib/gcc/arm-none-eabi/9.1.0/../../../../arm-none-eabi/lib/thumb\libg.a(lib_a-malloc.o)
                              XbooLoad.o (malloc)
d:/devkitpro/devkitarm/bin/../lib/gcc/arm-none-eabi/9.1.0/../../../../arm-none-eabi/lib/thumb\libg.a(lib_a-mallocr.o)
                              d:/devkitpro/devkitarm/bin/../lib/gcc/arm-none-eabi/9.1.0/../../../../arm-none-eabi/lib/thumb\libg.a(lib_a-malloc.o) (_malloc_r)
d:/devkitpro/devkitarm/bin/../lib/gcc/arm-none-eabi/9.1.0/../../../../arm-none-eabi/lib/thumb\libg.a(lib_a-memset.o)
                              D:/devkitPro/libgba/lib\libgba.a(pcx.o) (memset)
d:/devkitpro/devkitarm/bin/../lib/gcc/arm-none-eabi/9.1.0/../../../../arm-none-eabi/lib/thumb\libg.a(lib_a-mlock.o)
                              d:/devkitpro/devkitarm/bin/../lib/gcc/arm-none-eabi/9.1.0/../../../../arm-none-eabi/lib/thumb\libg.a(lib_a-mallocr.o) (__malloc_lock)
d:/devkitpro/devkitarm/bin/../lib/gcc/arm-none-eabi/9.1.0/../../../../arm-none-eabi/lib/thumb\libg.a(lib_a-strlen-stub.o)
                              D:/devkitPro/libgba/lib\libgba.a(xcomms.o) (strlen)
d:/devkitpro/devkitarm/bin/../lib/gcc/arm-none-eabi/9.1.0/../../../../arm-none-eabi/lib/thumb\libg.a(lib_a-vsnprintf.o)
                              D:/devkitPro/libgba/lib\libgba.a(xcomms_print.o) (vsnprintf)
d:/devkitpro/devkitarm/bin/../lib/gcc/arm-none-eabi/9.1.0/../../../../arm-none-eabi/lib/thumb\libg.a(lib_a-freer.o)
                              d:/devkitpro/devkitarm/bin/../lib/gcc/arm-none-eabi/9.1.0/../../../../arm-none-eabi/lib/thumb\libg.a(lib_a-malloc.o) (_free_r)
d:/devkitpro/devkitarm/bin/../lib/gcc/arm-none-eabi/9.1.0/../../../../arm-none-eabi/lib/thumb\libg.a(lib_a-svfprintf.o)
                              d:/devkitpro/devkitarm/bin/../lib/gcc/arm-none-eabi/9.1.0/../../../../arm-none-eabi/lib/thumb\libg.a(lib_a-vsnprintf.o) (_svfprintf_r)
d:/devkitpro/devkitarm/bin/../lib/gcc/arm-none-eabi/9.1.0/../../../../arm-none-eabi/lib/thumb\libg.a(lib_a-wcrtomb.o)
                              d:/devkitpro/devkitarm/bin/../lib/gcc/arm-none-eabi/9.1.0/../../../../arm-none-eabi/lib/thumb\libg.a(lib_a-svfprintf.o) (_wcrtomb_r)
d:/devkitpro/devkitarm/bin/../lib/gcc/arm-none-eabi/9.1.0/../../../../arm-none-eabi/lib/thumb\libg.a(lib_a-wcsrtombs.o)
                              d:/devkitpro/devkitarm/bin/../lib/gcc/arm-none-eabi/9.1.0/../../../../arm-none-eabi/lib/thumb\libg.a(lib_a-svfprintf.o) (_wcsrtombs_r)
d:/devkitpro/devkitarm/bin/../lib/gcc/arm-none-eabi/9.1.0/../../../../arm-none-eabi/lib/thumb\libg.a(lib_a-dtoa.o)
                              d:/devkitpro/devkitarm/bin/../lib/gcc/arm-none-eabi/9.1.0/../../../../arm-none-eabi/lib/thumb\libg.a(lib_a-svfprintf.o) (_dtoa_r)
d:/devkitpro/devkitarm/bin/../lib/gcc/arm-none-eabi/9.1.0/../../../../arm-none-eabi/lib/thumb\libg.a(lib_a-localeconv.o)
                              d:/devkitpro/devkitarm/bin/../lib/gcc/arm-none-eabi/9.1.0/../../../../arm-none-eabi/lib/thumb\libg.a(lib_a-svfprintf.o) (_localeconv_r)
d:/devkitpro/devkitarm/bin/../lib/gcc/arm-none-eabi/9.1.0/../../../../arm-none-eabi/lib/thumb\libg.a(lib_a-locale.o)
                              d:/devkitpro/devkitarm/bin/../lib/gcc/arm-none-eabi/9.1.0/../../../../arm-none-eabi/lib/thumb\libg.a(lib_a-svfprintf.o) (__global_locale)
d:/devkitpro/devkitarm/bin/../lib/gcc/arm-none-eabi/9.1.0/../../../../arm-none-eabi/lib/thumb\libg.a(lib_a-mbtowc_r.o)
[...]
Memory Configuration

Name             Origin             Length             Attributes
rom              0x0000000008000000 0x0000000002000000
iwram            0x0000000003000000 0x0000000000008000
ewram            0x0000000002000000 0x0000000000040000
*default*        0x0000000000000000 0xffffffffffffffff

Linker script and memory map

                0x0000000002000000                __text_start = ORIGIN (ewram)
                0x0000000002040000                __eheap_end = (ORIGIN (ewram) + LENGTH (ewram))
                0x0000000003000000                __iwram_start = ORIGIN (iwram)
                0x0000000003008000                __iwram_top = (ORIGIN (iwram) + LENGTH (iwram))
                0x0000000003007fa0                __sp_irq = (__iwram_top - 0x60)
                0x0000000003007f00                __sp_usr = (__sp_irq - 0xa0)
                0x0000000003007ff8                __irq_flags = 0x3007ff8
                0x0000000002000000                . = __text_start
                0x0000000002000000                . = __text_start

.crt0           0x0000000002000000      0x210
 *(.crt0)
 .crt0          0x0000000002000000      0x210 d:/devkitpro/devkitarm/bin/../lib/gcc/arm-none-eabi/9.1.0/../../../../arm-none-eabi/lib/thumb/gba_crt0.o
                0x0000000002000000                _start
                0x00000000020000c4                __boot_method
                0x00000000020000c5                __slave_number
                0x00000000020000e0                start_vector
                0x0000000002000210                . = ALIGN (0x4)

.init           0x0000000002000210        0xc
 *(SORT_NONE(.init))
 .init          0x0000000002000210        0x4 d:/devkitpro/devkitarm/bin/../lib/gcc/arm-none-eabi/9.1.0/thumb/crti.o
                0x0000000002000210                _init
 .init          0x0000000002000214        0x8 d:/devkitpro/devkitarm/bin/../lib/gcc/arm-none-eabi/9.1.0/thumb/crtn.o

.plt            0x000000000200021c        0x0
 *(.plt)
                0x000000000200021c                . = ALIGN (0x4)

.text           0x000000000200021c     0x797c
 *(EXCLUDE_FILE(*.iwram*) .text*)
 .text.deregister_tm_clones
                0x000000000200021c       0x2c d:/devkitpro/devkitarm/bin/../lib/gcc/arm-none-eabi/9.1.0/thumb/crtbegin.o
 .text.register_tm_clones
                0x0000000002000248       0x34 d:/devkitpro/devkitarm/bin/../lib/gcc/arm-none-eabi/9.1.0/thumb/crtbegin.o
 .text.__do_global_dtors_aux
                0x000000000200027c       0x30 d:/devkitpro/devkitarm/bin/../lib/gcc/arm-none-eabi/9.1.0/thumb/crtbegin.o
 .text.frame_dummy
                0x00000000020002ac       0x28 d:/devkitpro/devkitarm/bin/../lib/gcc/arm-none-eabi/9.1.0/thumb/crtbegin.o
 .text          0x00000000020002d4       0x88 XbooLoad.o
                0x00000000020002d4                LoadPic
 .text.startup  0x000000000200035c       0x38 XbooLoad.o
                0x000000000200035c                main
 .text          0x0000000002000394       0x3c D:/devkitPro/libgba/lib\libgba.a(xcomms_print.o)
                0x0000000002000394                xcomms_dprintf
 .text          0x00000000020003d0      0x1bc D:/devkitPro/libgba/lib\libgba.a(pcx.o)
                0x00000000020003d0                DecodePCX
 .text          0x000000000200058c      0x3b8 D:/devkitPro/libgba/lib\libgba.a(interrupt.o)
                0x000000000200058c                dummy
                0x0000000002000590                InitInterrupt
                0x00000000020005ec                irqInit
                0x0000000002000648                SetInterrupt
                0x000000000200072c                irqSet
                0x0000000002000810                EnableInterrupt
                0x000000000200085c                irqEnable
                0x00000000020008ac                DisableInterrupt
                0x00000000020008f8                irqDisable
 .text          0x0000000002000944      0x6c4 D:/devkitPro/libgba/lib\libgba.a(xcomms.o)
                0x0000000002000944                xcomms_recv
                0x000000000200096c                xcomms_send
                0x0000000002000994                xcomms_init
                0x00000000020009b0                xcomms_exchange
                0x00000000020009dc                xcomms_dputchar
                0x0000000002000a10                xcomms_sendblock
                0x0000000002000aac                xcomms_readblock
                0x0000000002000b24                xcomms_dfopen
                0x0000000002000c2c                xcomms_dfclose
                0x0000000002000c60                xcomms_fseek
                0x0000000002000cc8                xcomms_ftell
                0x0000000002000d14                xcomms_dfgetc
                0x0000000002000d64                xcomms_dfputc
                0x0000000002000db0                xcomms_fread
                0x0000000002000e84                xcomms_fwrite
                0x0000000002000f80                xcomms_getch
                0x0000000002000fc4                xcomms_kbhit
 .text          0x0000000002001008      0x24c D:/devkitPro/libgba/lib\libgba.a(fade.o)
                0x00000000020010b8                SetPalette
                0x00000000020010e0                FadeToGrayScale
                0x0000000002001198                FadeToPalette
 .text          0x0000000002001254       0xbc D:/devkitPro/libgba/lib\libgba.a(input.o)
                0x0000000002001254                setRepeat
                0x0000000002001260                scanKeys
                0x00000000020012d4                keysDownRepeat
                0x00000000020012e4                keysDown
                0x00000000020012f4                keysUp
                0x0000000002001304                keysHeld
 .text          0x0000000002001310      0x150 d:/devkitpro/devkitarm/bin/../lib/gcc/arm-none-eabi/9.1.0/thumb\libgcc.a(_divsi3.o)
                0x0000000002001310                __divsi3
                0x0000000002001310                __aeabi_idiv
                0x0000000002001440                __aeabi_idivmod
 .text          0x0000000002001460        0x4 d:/devkitpro/devkitarm/bin/../lib/gcc/arm-none-eabi/9.1.0/thumb\libgcc.a(_dvmd_tls.o)
                0x0000000002001460                __aeabi_idiv0
                0x0000000002001460                __aeabi_ldiv0
 .text.__libc_init_array
                0x0000000002001464       0x50 d:/devkitpro/devkitarm/bin/../lib/gcc/arm-none-eabi/9.1.0/../../../../arm-none-eabi/lib/thumb\libg.a(lib_a-init.o)
                0x0000000002001464                __libc_init_array
 .text.malloc   0x00000000020014b4       0x14 d:/devkitpro/devkitarm/bin/../lib/gcc/arm-none-eabi/9.1.0/../../../../arm-none-eabi/lib/thumb\libg.a(lib_a-malloc.o)
                0x00000000020014b4                malloc
 .text.free     0x00000000020014c8       0x14 d:/devkitpro/devkitarm/bin/../lib/gcc/arm-none-eabi/9.1.0/../../../../arm-none-eabi/lib/thumb\libg.a(lib_a-malloc.o)
                0x00000000020014c8                free
 .text._malloc_r
                0x00000000020014dc      0x59c d:/devkitpro/devkitarm/bin/../lib/gcc/arm-none-eabi/9.1.0/../../../../arm-none-eabi/lib/thumb\libg.a(lib_a-mallocr.o)
                0x00000000020014dc                _malloc_r
 .text.memset   0x0000000002001a78       0xb0 d:/devkitpro/devkitarm/bin/../lib/gcc/arm-none-eabi/9.1.0/../../../../arm-none-eabi/lib/thumb\libg.a(lib_a-memset.o)
                0x0000000002001a78                memset
 .text.__malloc_lock
                0x0000000002001b28       0x14 d:/devkitpro/devkitarm/bin/../lib/gcc/arm-none-eabi/9.1.0/../../../../arm-none-eabi/lib/thumb\libg.a(lib_a-mlock.o)
                0x0000000002001b28                __malloc_lock
 .text.__malloc_unlock
                0x0000000002001b3c       0x14 d:/devkitpro/devkitarm/bin/../lib/gcc/arm-none-eabi/9.1.0/../../../../arm-none-eabi/lib/thumb\libg.a(lib_a-mlock.o)
                0x0000000002001b3c                __malloc_unlock
 .text.strlen   0x0000000002001b50       0x60 d:/devkitpro/devkitarm/bin/../lib/gcc/arm-none-eabi/9.1.0/../../../../arm-none-eabi/lib/thumb\libg.a(lib_a-strlen-stub.o)
                0x0000000002001b50                strlen
 .text._vsnprintf_r
                0x0000000002001bb0       0x74 d:/devkitpro/devkitarm/bin/../lib/gcc/arm-none-eabi/9.1.0/../../../../arm-none-eabi/lib/thumb\libg.a(lib_a-vsnprintf.o)
                0x0000000002001bb0                _vsnprintf_r
 .text.vsnprintf
                0x0000000002001c24       0x24 d:/devkitpro/devkitarm/bin/../lib/gcc/arm-none-eabi/9.1.0/../../../../arm-none-eabi/lib/thumb\libg.a(lib_a-vsnprintf.o)
                0x0000000002001c24                vsnprintf
 .text._malloc_trim_r
                0x0000000002001c48       0xa0 d:/devkitpro/devkitarm/bin/../lib/gcc/arm-none-eabi/9.1.0/../../../../arm-none-eabi/lib/thumb\libg.a(lib_a-freer.o)
                0x0000000002001c48                _malloc_trim_r
 .text._free_r  0x0000000002001ce8      0x1e0 d:/devkitpro/devkitarm/bin/../lib/gcc/arm-none-eabi/9.1.0/../../../../arm-none-eabi/lib/thumb\libg.a(lib_a-freer.o)
                0x0000000002001ce8                _free_r
 .text.get_arg  0x0000000002001ec8      0x3d8 d:/devkitpro/devkitarm/bin/../lib/gcc/arm-none-eabi/9.1.0/../../../../arm-none-eabi/lib/thumb\libg.a(lib_a-svfprintf.o)
 .text._svfprintf_r
                0x00000000020022a0     0x2494 d:/devkitpro/devkitarm/bin/../lib/gcc/arm-none-eabi/9.1.0/../../../../arm-none-eabi/lib/thumb\libg.a(lib_a-svfprintf.o)
                0x00000000020022a0                _svfprintf_r
 .text._wcrtomb_r
                0x0000000002004734       0x5c d:/devkitpro/devkitarm/bin/../lib/gcc/arm-none-eabi/9.1.0/../../../../arm-none-eabi/lib/thumb\libg.a(lib_a-wcrtomb.o)
                0x0000000002004734                _wcrtomb_r
 .text._wcsrtombs_r
                0x0000000002004790       0x1c d:/devkitpro/devkitarm/bin/../lib/gcc/arm-none-eabi/9.1.0/../../../../arm-none-eabi/lib/thumb\libg.a(lib_a-wcsrtombs.o)
                0x0000000002004790                _wcsrtombs_r
 .text.quorem   0x00000000020047ac      0x14c d:/devkitpro/devkitarm/bin/../lib/gcc/arm-none-eabi/9.1.0/../../../../arm-none-eabi/lib/thumb\libg.a(lib_a-dtoa.o)
 .text._dtoa_r  0x00000000020048f8      0xf70 d:/devkitpro/devkitarm/bin/../lib/gcc/arm-none-eabi/9.1.0/../../../../arm-none-eabi/lib/thumb\libg.a(lib_a-dtoa.o)
                0x00000000020048f8                _dtoa_r
 .text._localeconv_r
                0x0000000002005868        0x8 d:/devkitpro/devkitarm/bin/../lib/gcc/arm-none-eabi/9.1.0/../../../../arm-none-eabi/lib/thumb\libg.a(lib_a-localeconv.o)
                0x0000000002005868                _localeconv_r
 .text.__locale_mb_cur_max
                0x0000000002005870       0x10 d:/devkitpro/devkitarm/bin/../lib/gcc/arm-none-eabi/9.1.0/../../../../arm-none-eabi/lib/thumb\libg.a(lib_a-locale.o)
                0x0000000002005870                __locale_mb_cur_max
 .text.__utf8_mbtowc
                0x0000000002005880      0x280 d:/devkitpro/devkitarm/bin/../lib/gcc/arm-none-eabi/9.1.0/../../../../arm-none-eabi/lib/thumb\libg.a(lib_a-mbtowc_r.o)
                0x0000000002005880                __utf8_mbtowc
 .text.memchr   0x0000000002005b00       0x78 d:/devkitpro/devkitarm/bin/../lib/gcc/arm-none-eabi/9.1.0/../../../../arm-none-eabi/lib/thumb\libg.a(lib_a-memchr-stub.o)
                0x0000000002005b00                memchr
 .text.memcpy   0x0000000002005b78       0xa8 d:/devkitpro/devkitarm/bin/../lib/gcc/arm-none-eabi/9.1.0/../../../../arm-none-eabi/lib/thumb\libg.a(lib_a-memcpy-stub.o)
                0x0000000002005b78                memcpy
 .text._Balloc  0x0000000002005c20       0x54 d:/devkitpro/devkitarm/bin/../lib/gcc/arm-none-eabi/9.1.0/../../../../arm-none-eabi/lib/thumb\libg.a(lib_a-mprec.o)
                0x0000000002005c20                _Balloc
 .text._Bfree   0x0000000002005c74       0x14 d:/devkitpro/devkitarm/bin/../lib/gcc/arm-none-eabi/9.1.0/../../../../arm-none-eabi/lib/thumb\libg.a(lib_a-mprec.o)
                0x0000000002005c74                _Bfree
 .text.__multadd
                0x0000000002005c88       0x88 d:/devkitpro/devkitarm/bin/../lib/gcc/arm-none-eabi/9.1.0/../../../../arm-none-eabi/lib/thumb\libg.a(lib_a-mprec.o)
                0x0000000002005c88                __multadd
 .text.__hi0bits
                0x0000000002005d10       0x38 d:/devkitpro/devkitarm/bin/../lib/gcc/arm-none-eabi/9.1.0/../../../../arm-none-eabi/lib/thumb\libg.a(lib_a-mprec.o)
                0x0000000002005d10                __hi0bits
 .text.__lo0bits
                0x0000000002005d48       0x5c d:/devkitpro/devkitarm/bin/../lib/gcc/arm-none-eabi/9.1.0/../../../../arm-none-eabi/lib/thumb\libg.a(lib_a-mprec.o)
                0x0000000002005d48                __lo0bits
 .text.__i2b    0x0000000002005da4       0x18 d:/devkitpro/devkitarm/bin/../lib/gcc/arm-none-eabi/9.1.0/../../../../arm-none-eabi/lib/thumb\libg.a(lib_a-mprec.o)
                0x0000000002005da4                __i2b
 .text.__multiply
                0x0000000002005dbc      0x194 d:/devkitpro/devkitarm/bin/../lib/gcc/arm-none-eabi/9.1.0/../../../../arm-none-eabi/lib/thumb\libg.a(lib_a-mprec.o)
                0x0000000002005dbc                __multiply
 .text.__pow5mult
                0x0000000002005f50       0xc4 d:/devkitpro/devkitarm/bin/../lib/gcc/arm-none-eabi/9.1.0/../../../../arm-none-eabi/lib/thumb\libg.a(lib_a-mprec.o)
                0x0000000002005f50                __pow5mult
 .text.__lshift
                0x0000000002006014       0xf0 d:/devkitpro/devkitarm/bin/../lib/gcc/arm-none-eabi/9.1.0/../../../../arm-none-eabi/lib/thumb\libg.a(lib_a-mprec.o)
                0x0000000002006014                __lshift
 .text.__mcmp   0x0000000002006104       0x3c d:/devkitpro/devkitarm/bin/../lib/gcc/arm-none-eabi/9.1.0/../../../../arm-none-eabi/lib/thumb\libg.a(lib_a-mprec.o)
                0x0000000002006104                __mcmp
 .text.__mdiff  0x0000000002006140      0x148 d:/devkitpro/devkitarm/bin/../lib/gcc/arm-none-eabi/9.1.0/../../../../arm-none-eabi/lib/thumb\libg.a(lib_a-mprec.o)
                0x0000000002006140                __mdiff
 .text.__d2b    0x0000000002006288       0xc0 d:/devkitpro/devkitarm/bin/../lib/gcc/arm-none-eabi/9.1.0/../../../../arm-none-eabi/lib/thumb\libg.a(lib_a-mprec.o)
                0x0000000002006288                __d2b
 .text.frexp    0x0000000002006348       0x68 d:/devkitpro/devkitarm/bin/../lib/gcc/arm-none-eabi/9.1.0/../../../../arm-none-eabi/lib/thumb\libg.a(lib_a-s_frexp.o)
                0x0000000002006348                frexp
 .text.strncpy  0x00000000020063b0       0x74 d:/devkitpro/devkitarm/bin/../lib/gcc/arm-none-eabi/9.1.0/../../../../arm-none-eabi/lib/thumb\libg.a(lib_a-strncpy.o)
                0x00000000020063b0                strncpy
 .text.__ssprint_r
                0x0000000002006424      0x124 d:/devkitpro/devkitarm/bin/../lib/gcc/arm-none-eabi/9.1.0/../../../../arm-none-eabi/lib/thumb\libg.a(lib_a-svfiprintf.o)
                0x0000000002006424                __ssprint_r
 .text._wcsnrtombs_l
                0x0000000002006548      0x138 d:/devkitpro/devkitarm/bin/../lib/gcc/arm-none-eabi/9.1.0/../../../../arm-none-eabi/lib/thumb\libg.a(lib_a-wcsnrtombs.o)
                0x0000000002006548                _wcsnrtombs_l
 .text._wcsnrtombs_r
                0x0000000002006680       0x30 d:/devkitpro/devkitarm/bin/../lib/gcc/arm-none-eabi/9.1.0/../../../../arm-none-eabi/lib/thumb\libg.a(lib_a-wcsnrtombs.o)
                0x0000000002006680                _wcsnrtombs_r
 .text.__utf8_wctomb
                0x00000000020066b0       0xb4 d:/devkitpro/devkitarm/bin/../lib/gcc/arm-none-eabi/9.1.0/../../../../arm-none-eabi/lib/thumb\libg.a(lib_a-wctomb_r.o)
                0x00000000020066b0                __utf8_wctomb
 .text._calloc_r
                0x0000000002006764       0x60 d:/devkitpro/devkitarm/bin/../lib/gcc/arm-none-eabi/9.1.0/../../../../arm-none-eabi/lib/thumb\libg.a(lib_a-callocr.o)
                0x0000000002006764                _calloc_r
 .text.memmove  0x00000000020067c4       0xb0 d:/devkitpro/devkitarm/bin/../lib/gcc/arm-none-eabi/9.1.0/../../../../arm-none-eabi/lib/thumb\libg.a(lib_a-memmove.o)
                0x00000000020067c4                memmove
 .text._realloc_r
                0x0000000002006874      0x38c d:/devkitpro/devkitarm/bin/../lib/gcc/arm-none-eabi/9.1.0/../../../../arm-none-eabi/lib/thumb\libg.a(lib_a-reallocr.o)
                0x0000000002006874                _realloc_r
 .text._sbrk_r  0x0000000002006c00       0x54 d:/devkitpro/devkitarm/bin/../lib/gcc/arm-none-eabi/9.1.0/../../../../arm-none-eabi/lib/thumb\libsysbase.a(sbrk.o)
                0x0000000002006c00                _sbrk_r
 .text.__libc_lock_acquire_recursive
                0x0000000002006c54       0x1c d:/devkitpro/devkitarm/bin/../lib/gcc/arm-none-eabi/9.1.0/../../../../arm-none-eabi/lib/thumb\libsysbase.a(syscall_support.o)
                0x0000000002006c54                __libc_lock_acquire_recursive
 .text.__libc_lock_release_recursive
                0x0000000002006c70       0x1c d:/devkitpro/devkitarm/bin/../lib/gcc/arm-none-eabi/9.1.0/../../../../arm-none-eabi/lib/thumb\libsysbase.a(syscall_support.o)
                0x0000000002006c70                __libc_lock_release_recursive
 .text.__getreent
                0x0000000002006c8c       0x28 d:/devkitpro/devkitarm/bin/../lib/gcc/arm-none-eabi/9.1.0/../../../../arm-none-eabi/lib/thumb\libsysbase.a(getreent.o)
                0x0000000002006c8c                __getreent
 .text          0x0000000002006cb4       0x14 d:/devkitpro/devkitarm/bin/../lib/gcc/arm-none-eabi/9.1.0/thumb\libgcc.a(_thumb1_case_uqi.o)
                0x0000000002006cb4                __gnu_thumb1_case_uqi
 .text          0x0000000002006cc8       0x14 d:/devkitpro/devkitarm/bin/../lib/gcc/arm-none-eabi/9.1.0/thumb\libgcc.a(_thumb1_case_uhi.o)
                0x0000000002006cc8                __gnu_thumb1_case_uhi
 .text          0x0000000002006cdc      0x11c d:/devkitpro/devkitarm/bin/../lib/gcc/arm-none-eabi/9.1.0/thumb\libgcc.a(_udivsi3.o)
                0x0000000002006cdc                __aeabi_uidiv
                0x0000000002006cdc                __udivsi3
                0x0000000002006dd8                __aeabi_uidivmod
 .text          0x0000000002006df8      0x424 d:/devkitpro/devkitarm/bin/../lib/gcc/arm-none-eabi/9.1.0/thumb\libgcc.a(_arm_addsubdf3.o)
                0x0000000002006df8                __aeabi_drsub
                0x0000000002006e00                __aeabi_dsub
                0x0000000002006e00                __subdf3
                0x0000000002006e04                __aeabi_dadd
                0x0000000002006e04                __adddf3
                0x0000000002007114                __floatunsidf
                0x0000000002007114                __aeabi_ui2d
                0x0000000002007138                __floatsidf
                0x0000000002007138                __aeabi_i2d
                0x0000000002007160                __aeabi_f2d
                0x0000000002007160                __extendsfdf2
                0x00000000020071a8                __floatundidf
                0x00000000020071a8                __aeabi_ul2d
                0x00000000020071bc                __floatdidf
                0x00000000020071bc                __aeabi_l2d
 .text          0x000000000200721c      0x49c d:/devkitpro/devkitarm/bin/../lib/gcc/arm-none-eabi/9.1.0/thumb\libgcc.a(_arm_muldivdf3.o)
                0x000000000200721c                __aeabi_dmul
                0x000000000200721c                __muldf3
                0x00000000020074ac                __divdf3
                0x00000000020074ac                __aeabi_ddiv
 .text          0x00000000020076b8      0x144 d:/devkitpro/devkitarm/bin/../lib/gcc/arm-none-eabi/9.1.0/thumb\libgcc.a(_arm_cmpdf2.o)
                0x00000000020076b8                __gtdf2
                0x00000000020076b8                __gedf2
                0x00000000020076c0                __ltdf2
                0x00000000020076c0                __ledf2
                0x00000000020076c8                __nedf2
                0x00000000020076c8                __eqdf2
                0x00000000020076c8                __cmpdf2
                0x0000000002007750                __aeabi_cdrcmple
                0x000000000200776c                __aeabi_cdcmpeq
                0x000000000200776c                __aeabi_cdcmple
                0x0000000002007784                __aeabi_dcmpeq
                0x000000000200779c                __aeabi_dcmplt
                0x00000000020077b4                __aeabi_dcmple
                0x00000000020077cc                __aeabi_dcmpge
                0x00000000020077e4                __aeabi_dcmpgt
 .text          0x00000000020077fc       0x38 d:/devkitpro/devkitarm/bin/../lib/gcc/arm-none-eabi/9.1.0/thumb\libgcc.a(_arm_unorddf2.o)
                0x00000000020077fc                __unorddf2
                0x00000000020077fc                __aeabi_dcmpun
 .text          0x0000000002007834       0x5c d:/devkitpro/devkitarm/bin/../lib/gcc/arm-none-eabi/9.1.0/thumb\libgcc.a(_arm_fixdfsi.o)
                0x0000000002007834                __aeabi_d2iz
                0x0000000002007834                __fixdfsi
 .text          0x0000000002007890       0x3c d:/devkitpro/devkitarm/bin/../lib/gcc/arm-none-eabi/9.1.0/thumb\libgcc.a(_aeabi_uldivmod.o)
                0x0000000002007890                __aeabi_uldivmod
 .text.__udivmoddi4
                0x00000000020078cc      0x19c d:/devkitpro/devkitarm/bin/../lib/gcc/arm-none-eabi/9.1.0/thumb\libgcc.a(_udivmoddi4.o)
                0x00000000020078cc                __udivmoddi4
 .text          0x0000000002007a68       0x28 d:/devkitpro/devkitarm/bin/../lib/gcc/arm-none-eabi/9.1.0/thumb\libgcc.a(_clzdi2.o)
                0x0000000002007a68                __clzdi2
 .text          0x0000000002007a90       0x48 d:/devkitpro/devkitarm/bin/../lib/gcc/arm-none-eabi/9.1.0/thumb\libgcc.a(_clzsi2.o)
                0x0000000002007a90                __clzsi2
 .text.__stub   0x0000000002007ad8       0xb4 linker stubs
 *(.gnu.linkonce.t.*)
 *(.text.*personality*)
 *(.gnu.warning)
 *(.glue_7t)
 .glue_7t       0x0000000002007b98        0x0 linker stubs
 *(.glue_7)
 .glue_7        0x0000000002007b98        0x0 linker stubs
 *(.vfp11_veneer)
 .vfp11_veneer  0x0000000002007b98        0x0 linker stubs
                0x0000000002007b98                . = ALIGN (0x4)
                0x0000000002007b98                __text_end = .

.v4_bx          0x0000000002007b98        0x0
 .v4_bx         0x0000000002007b98        0x0 linker stubs

.iplt           0x0000000002007b98        0x0
 .iplt          0x0000000002007b98        0x0 d:/devkitpro/devkitarm/bin/../lib/gcc/arm-none-eabi/9.1.0/../../../../arm-none-eabi/lib/thumb/gba_crt0.o

.fini           0x0000000002007b98        0xc
 *(.fini)
 .fini          0x0000000002007b98        0x4 d:/devkitpro/devkitarm/bin/../lib/gcc/arm-none-eabi/9.1.0/thumb/crti.o
                0x0000000002007b98                _fini
 .fini          0x0000000002007b9c        0x8 d:/devkitpro/devkitarm/bin/../lib/gcc/arm-none-eabi/9.1.0/thumb/crtn.o
                0x0000000002007ba4                . = ALIGN (0x4)

.rodata         0x0000000002007ba8      0x4b8
 *(.rodata)
 *all.rodata*(*)
 *(.roda)
 *(.rodata.*)
 .rodata.str1.4
                0x0000000002007ba8       0x25 XbooLoad.o
 .rodata._svfprintf_r.str1.1
                0x0000000002007bcd       0x3b d:/devkitpro/devkitarm/bin/../lib/gcc/arm-none-eabi/9.1.0/../../../../arm-none-eabi/lib/thumb\libg.a(lib_a-svfprintf.o)
 .rodata.blanks.7413
                0x0000000002007c08       0x10 d:/devkitpro/devkitarm/bin/../lib/gcc/arm-none-eabi/9.1.0/../../../../arm-none-eabi/lib/thumb\libg.a(lib_a-svfprintf.o)
 .rodata.zeroes.7414
                0x0000000002007c18       0x10 d:/devkitpro/devkitarm/bin/../lib/gcc/arm-none-eabi/9.1.0/../../../../arm-none-eabi/lib/thumb\libg.a(lib_a-svfprintf.o)
 .rodata._dtoa_r.str1.4
                0x0000000002007c28       0x12 d:/devkitpro/devkitarm/bin/../lib/gcc/arm-none-eabi/9.1.0/../../../../arm-none-eabi/lib/thumb\libg.a(lib_a-dtoa.o)
 *fill*         0x0000000002007c3a        0x2 ff
 .rodata.str1.4
                0x0000000002007c3c       0x48 d:/devkitpro/devkitarm/bin/../lib/gcc/arm-none-eabi/9.1.0/../../../../arm-none-eabi/lib/thumb\libg.a(lib_a-locale.o)
                                         0x4c (size before relaxing)
 *fill*         0x0000000002007c84        0x4 ff
 .rodata.__mprec_bigtens
                0x0000000002007c88       0x28 d:/devkitpro/devkitarm/bin/../lib/gcc/arm-none-eabi/9.1.0/../../../../arm-none-eabi/lib/thumb\libg.a(lib_a-mprec.o)
                0x0000000002007c88                __mprec_bigtens
 .rodata.__mprec_tens
                0x0000000002007cb0       0xc8 d:/devkitpro/devkitarm/bin/../lib/gcc/arm-none-eabi/9.1.0/../../../../arm-none-eabi/lib/thumb\libg.a(lib_a-mprec.o)
                0x0000000002007cb0                __mprec_tens
 .rodata.p05.6147
                0x0000000002007d78        0xc d:/devkitpro/devkitarm/bin/../lib/gcc/arm-none-eabi/9.1.0/../../../../arm-none-eabi/lib/thumb\libg.a(lib_a-mprec.o)
 .rodata.__action_table
                0x0000000002007d84       0x6c d:/devkitpro/devkitarm/bin/../lib/gcc/arm-none-eabi/9.1.0/../../../../arm-none-eabi/lib/thumb\libg.a(lib_a-svfiprintf.o)
                0x0000000002007d84                __action_table
 .rodata.__chclass
                0x0000000002007df0      0x100 d:/devkitpro/devkitarm/bin/../lib/gcc/arm-none-eabi/9.1.0/../../../../arm-none-eabi/lib/thumb\libg.a(lib_a-svfiprintf.o)
                0x0000000002007df0                __chclass
 .rodata.__state_table
                0x0000000002007ef0       0x6c d:/devkitpro/devkitarm/bin/../lib/gcc/arm-none-eabi/9.1.0/../../../../arm-none-eabi/lib/thumb\libg.a(lib_a-svfiprintf.o)
                0x0000000002007ef0                __state_table
 .rodata._ctype_
                0x0000000002007f5c      0x101 d:/devkitpro/devkitarm/bin/../lib/gcc/arm-none-eabi/9.1.0/../../../../arm-none-eabi/lib/thumb\libg.a(lib_a-ctype_.o)
                0x0000000002007f5c                _ctype_
 *(.gnu.linkonce.r*)
                0x0000000002008060                . = ALIGN (0x4)
 *fill*         0x000000000200805d        0x3 ff

.ARM.extab
 *(.ARM.extab* .gnu.linkonce.armextab.*)
                0x0000000002008060                __exidx_start = .

.ARM.exidx
 *(.ARM.exidx* .gnu.linkonce.armexidx.*)
                0x0000000002008060                __exidx_end = .
                0x0000000002008060                . = ALIGN (0x4)
                0x0000000002008060                PROVIDE (__preinit_array_start = .)

.preinit_array
 *(.preinit_array)
                0x0000000002008060                PROVIDE (__preinit_array_end = .)
                0x0000000002008060                PROVIDE (__init_array_start = .)

.init_array     0x0000000002008060        0x4
 *(.init_array)
 .init_array    0x0000000002008060        0x4 d:/devkitpro/devkitarm/bin/../lib/gcc/arm-none-eabi/9.1.0/thumb/crtbegin.o
                0x0000000002008064                PROVIDE (__init_array_end = .)
                [!provide]                        PROVIDE (__fini_array_start = .)

.fini_array     0x0000000002008064        0x4
 *(.fini_array)
 .fini_array    0x0000000002008064        0x4 d:/devkitpro/devkitarm/bin/../lib/gcc/arm-none-eabi/9.1.0/thumb/crtbegin.o
                [!provide]                        PROVIDE (__fini_array_end = .)

.ctors          0x0000000002008068        0x0
 *crtbegin.o(.ctors)
 *(EXCLUDE_FILE(*crtend.o) .ctors)
 *(SORT_BY_NAME(.ctors.*))
 *(.ctors)
                0x0000000002008068                . = ALIGN (0x4)

.dtors          0x0000000002008068        0x0
 *crtbegin.o(.dtors)
 *(EXCLUDE_FILE(*crtend.o) .dtors)
 *(SORT_BY_NAME(.dtors.*))
 *(.dtors)
                0x0000000002008068                . = ALIGN (0x4)

.jcr
 *(.jcr)

.eh_frame       0x0000000002008068        0x4
 *(.eh_frame)
 .eh_frame      0x0000000002008068        0x0 d:/devkitpro/devkitarm/bin/../lib/gcc/arm-none-eabi/9.1.0/thumb/crtbegin.o
 .eh_frame      0x0000000002008068        0x4 d:/devkitpro/devkitarm/bin/../lib/gcc/arm-none-eabi/9.1.0/thumb/crtend.o
                0x000000000200806c                . = ALIGN (0x4)

.gcc_except_table
                0x000000000200806c        0x0
 *(.gcc_except_table)
                0x000000000200806c                . = ALIGN (0x4)
                0x000000000200806c                __iwram_lma = .

.iwram          0x0000000003000000       0xb8 load address 0x000000000200806c
                0x0000000003000000                __iwram_start__ = ABSOLUTE (.)
 *(.iwram)
 .iwram         0x0000000003000000       0xb8 D:/devkitPro/libgba/lib\libgba.a(InterruptDispatcher.o)
                0x0000000003000000                IntrMain
 *iwram.*(.text*)
                0x00000000030000b8                . = ALIGN (0x4)
                0x00000000030000b8                __iwram_end__ = ABSOLUTE (.)
                0x0000000002008124                __data_lma = (__iwram_lma + SIZEOF (.iwram))

.rel.dyn        0x00000000030000b8        0x0 load address 0x0000000002008124
 .rel.iplt      0x00000000030000b8        0x0 d:/devkitpro/devkitarm/bin/../lib/gcc/arm-none-eabi/9.1.0/../../../../arm-none-eabi/lib/thumb/gba_crt0.o

.bss            0x00000000030000b8      0x518
                0x00000000030000b8                __bss_start__ = ABSOLUTE (.)
 *(.dynbss)
 *(.gnu.linkonce.b*)
 *(.bss*)
 .bss.completed.9071
                0x00000000030000b8        0x1 d:/devkitpro/devkitarm/bin/../lib/gcc/arm-none-eabi/9.1.0/thumb/crtbegin.o
 *fill*         0x00000000030000b9        0x3 
 .bss.object.9076
                0x00000000030000bc       0x18 d:/devkitpro/devkitarm/bin/../lib/gcc/arm-none-eabi/9.1.0/thumb/crtbegin.o
 .bss           0x00000000030000d4        0xa D:/devkitPro/libgba/lib\libgba.a(input.o)
 *fill*         0x00000000030000de        0x2 
 .bss.__malloc_current_mallinfo
                0x00000000030000e0       0x28 d:/devkitpro/devkitarm/bin/../lib/gcc/arm-none-eabi/9.1.0/../../../../arm-none-eabi/lib/thumb\libg.a(lib_a-mallocr.o)
                0x00000000030000e0                __malloc_current_mallinfo
 .bss.__malloc_max_sbrked_mem
                0x0000000003000108        0x4 d:/devkitpro/devkitarm/bin/../lib/gcc/arm-none-eabi/9.1.0/../../../../arm-none-eabi/lib/thumb\libg.a(lib_a-mallocr.o)
                0x0000000003000108                __malloc_max_sbrked_mem
 .bss.__malloc_max_total_mem
                0x000000000300010c        0x4 d:/devkitpro/devkitarm/bin/../lib/gcc/arm-none-eabi/9.1.0/../../../../arm-none-eabi/lib/thumb\libg.a(lib_a-mallocr.o)
                0x000000000300010c                __malloc_max_total_mem
 .bss.__malloc_top_pad
                0x0000000003000110        0x4 d:/devkitpro/devkitarm/bin/../lib/gcc/arm-none-eabi/9.1.0/../../../../arm-none-eabi/lib/thumb\libg.a(lib_a-mallocr.o)
                0x0000000003000110                __malloc_top_pad
 .bss.heap_start.6057
                0x0000000003000114        0x4 d:/devkitpro/devkitarm/bin/../lib/gcc/arm-none-eabi/9.1.0/../../../../arm-none-eabi/lib/thumb\libsysbase.a(sbrk.o)
 .bss.fake_heap_end
                0x0000000003000118        0x4 d:/devkitpro/devkitarm/bin/../lib/gcc/arm-none-eabi/9.1.0/../../../../arm-none-eabi/lib/thumb\libsysbase.a(malloc_vars.o)
                0x0000000003000118                fake_heap_end
 .bss.fake_heap_start
                0x000000000300011c        0x4 d:/devkitpro/devkitarm/bin/../lib/gcc/arm-none-eabi/9.1.0/../../../../arm-none-eabi/lib/thumb\libsysbase.a(malloc_vars.o)
                0x000000000300011c                fake_heap_start
 .bss.__syscalls
                0x0000000003000120       0x48 d:/devkitpro/devkitarm/bin/../lib/gcc/arm-none-eabi/9.1.0/../../../../arm-none-eabi/lib/thumb\libsysbase.a(syscall_support.o)
                0x0000000003000120                __syscalls
 *(COMMON)
 COMMON         0x0000000003000168      0x200 XbooLoad.o
                0x0000000003000168                PaletteBuffer
 COMMON         0x0000000003000368      0x100 D:/devkitPro/libgba/lib\libgba.a(xcomms_print.o)
                0x0000000003000368                __outstr
 COMMON         0x0000000003000468       0xf0 D:/devkitPro/libgba/lib\libgba.a(pcx.o)
                0x0000000003000468                Buf
 COMMON         0x0000000003000558       0x78 D:/devkitPro/libgba/lib\libgba.a(interrupt.o)
                0x0000000003000558                IntrTable
                0x00000000030005d0                . = ALIGN (0x4)
                0x00000000030005d0                __bss_end__ = ABSOLUTE (.)

.data           0x00000000030005d0      0x9f0 load address 0x0000000002008124
                0x00000000030005d0                __data_start__ = ABSOLUTE (.)
 *(.data)
 .data          0x00000000030005d0        0x3 D:/devkitPro/libgba/lib\libgba.a(input.o)
 *(.data.*)
 *fill*         0x00000000030005d3        0x1 ff
 .data.__malloc_av_
                0x00000000030005d4      0x408 d:/devkitpro/devkitarm/bin/../lib/gcc/arm-none-eabi/9.1.0/../../../../arm-none-eabi/lib/thumb\libg.a(lib_a-mallocr.o)
                0x00000000030005d4                __malloc_av_
 .data.__malloc_sbrk_base
                0x00000000030009dc        0x4 d:/devkitpro/devkitarm/bin/../lib/gcc/arm-none-eabi/9.1.0/../../../../arm-none-eabi/lib/thumb\libg.a(lib_a-mallocr.o)
                0x00000000030009dc                __malloc_sbrk_base
 .data.__malloc_trim_threshold
                0x00000000030009e0        0x4 d:/devkitpro/devkitarm/bin/../lib/gcc/arm-none-eabi/9.1.0/../../../../arm-none-eabi/lib/thumb\libg.a(lib_a-mallocr.o)
                0x00000000030009e0                __malloc_trim_threshold
 .data.__malloc_recursive_mutex
                0x00000000030009e4        0xc d:/devkitpro/devkitarm/bin/../lib/gcc/arm-none-eabi/9.1.0/../../../../arm-none-eabi/lib/thumb\libg.a(lib_a-mlock.o)
 .data.__global_locale
                0x00000000030009f0      0x16c d:/devkitpro/devkitarm/bin/../lib/gcc/arm-none-eabi/9.1.0/../../../../arm-none-eabi/lib/thumb\libg.a(lib_a-locale.o)
                0x00000000030009f0                __global_locale
 .data._impure_ptr
                0x0000000003000b5c        0x4 d:/devkitpro/devkitarm/bin/../lib/gcc/arm-none-eabi/9.1.0/../../../../arm-none-eabi/lib/thumb\libg.a(lib_a-impure.o)
                0x0000000003000b5c                _impure_ptr
 .data.impure_data
                0x0000000003000b60      0x460 d:/devkitpro/devkitarm/bin/../lib/gcc/arm-none-eabi/9.1.0/../../../../arm-none-eabi/lib/thumb\libg.a(lib_a-impure.o)
 *(.gnu.linkonce.d*)
                0x0000000003000fc0                . = ALIGN (0x4)
                0x0000000003000fc0                __data_end__ = ABSOLUTE (.)
                0x0000000002008b14                __iwram_overlay_lma = (__data_lma + SIZEOF (.data))
                [!provide]                        PROVIDE (edata = .)
                0x0000000003000fc0                __iwram_overlay_start = .

.igot.plt       0x0000000003000fc0        0x0 load address 0x0000000002008b14
 .igot.plt      0x0000000003000fc0        0x0 d:/devkitpro/devkitarm/bin/../lib/gcc/arm-none-eabi/9.1.0/../../../../arm-none-eabi/lib/thumb/gba_crt0.o

.tm_clone_table
                0x0000000003000fc0        0x0 load address 0x0000000002008b14
 .tm_clone_table
                0x0000000003000fc0        0x0 d:/devkitpro/devkitarm/bin/../lib/gcc/arm-none-eabi/9.1.0/thumb/crtbegin.o
 .tm_clone_table
                0x0000000003000fc0        0x0 d:/devkitpro/devkitarm/bin/../lib/gcc/arm-none-eabi/9.1.0/thumb/crtend.o

.iwram0         0x0000000003000fc0        0x0 load address 0x0000000002008b14
 *(.iwram0)
                0x0000000003000fc0                . = ALIGN (0x4)
                0x0000000002008b14                PROVIDE (__load_start_iwram0 = LOADADDR (.iwram0))
                0x0000000002008b14                PROVIDE (__load_stop_iwram0 = (LOADADDR (.iwram0) + SIZEOF (.iwram0)))

.iwram1         0x0000000003000fc0        0x0
 *(.iwram1)
                0x0000000003000fc0                . = ALIGN (0x4)
                [!provide]                        PROVIDE (__load_start_iwram1 = LOADADDR (.iwram1))
                [!provide]                        PROVIDE (__load_stop_iwram1 = (LOADADDR (.iwram1) + SIZEOF (.iwram1)))

.iwram2         0x0000000003000fc0        0x0
 *(.iwram2)
                0x0000000003000fc0                . = ALIGN (0x4)
                [!provide]                        PROVIDE (__load_start_iwram2 = LOADADDR (.iwram2))
                [!provide]                        PROVIDE (__load_stop_iwram2 = (LOADADDR (.iwram2) + SIZEOF (.iwram2)))

.iwram3         0x0000000003000fc0        0x0
 *(.iwram3)
                0x0000000003000fc0                . = ALIGN (0x4)
                [!provide]                        PROVIDE (__load_start_iwram3 = LOADADDR (.iwram3))
                [!provide]                        PROVIDE (__load_stop_iwram3 = (LOADADDR (.iwram3) + SIZEOF (.iwram3)))

.iwram4         0x0000000003000fc0        0x0
 *(.iwram4)
                0x0000000003000fc0                . = ALIGN (0x4)
                [!provide]                        PROVIDE (__load_start_iwram4 = LOADADDR (.iwram4))
                [!provide]                        PROVIDE (__load_stop_iwram4 = (LOADADDR (.iwram4) + SIZEOF (.iwram4)))

.iwram5         0x0000000003000fc0        0x0
 *(.iwram5)
                0x0000000003000fc0                . = ALIGN (0x4)
                [!provide]                        PROVIDE (__load_start_iwram5 = LOADADDR (.iwram5))
                [!provide]                        PROVIDE (__load_stop_iwram5 = (LOADADDR (.iwram5) + SIZEOF (.iwram5)))

.iwram6         0x0000000003000fc0        0x0
 *(.iwram6)
                0x0000000003000fc0                . = ALIGN (0x4)
                [!provide]                        PROVIDE (__load_start_iwram6 = LOADADDR (.iwram6))
                [!provide]                        PROVIDE (__load_stop_iwram6 = (LOADADDR (.iwram6) + SIZEOF (.iwram6)))

.iwram7         0x0000000003000fc0        0x0
 *(.iwram7)
                0x0000000003000fc0                . = ALIGN (0x4)
                [!provide]                        PROVIDE (__load_start_iwram7 = LOADADDR (.iwram7))
                [!provide]                        PROVIDE (__load_stop_iwram7 = (LOADADDR (.iwram7) + SIZEOF (.iwram7)))

.iwram8         0x0000000003000fc0        0x0
 *(.iwram8)
                0x0000000003000fc0                . = ALIGN (0x4)
                [!provide]                        PROVIDE (__load_start_iwram8 = LOADADDR (.iwram8))
                [!provide]                        PROVIDE (__load_stop_iwram8 = (LOADADDR (.iwram8) + SIZEOF (.iwram8)))

.iwram9         0x0000000003000fc0        0x0
 *(.iwram9)
                0x0000000003000fc0                . = ALIGN (0x4)
                [!provide]                        PROVIDE (__load_start_iwram9 = LOADADDR (.iwram9))
                [!provide]                        PROVIDE (__load_stop_iwram9 = (LOADADDR (.iwram9) + SIZEOF (.iwram9)))
                0x0000000002008b14                __ewram_lma = ((((((((((LOADADDR (.iwram0) + SIZEOF (.iwram0)) + SIZEOF (.iwram1)) + SIZEOF (.iwram2)) + SIZEOF (.iwram3)) + SIZEOF (.iwram4)) + SIZEOF (.iwram5)) + SIZEOF (.iwram6)) + SIZEOF (.iwram7)) + SIZEOF (.iwram8)) + SIZEOF (.iwram9))
                0x0000000002008b14                __iwram_overlay_end = __ewram_lma
                0x0000000002008b14                __ewram_start = __ewram_lma

.ewram          0x0000000002008b14        0x0
 *(.ewram)
                0x0000000002008b14                . = ALIGN (0x4)
                0x0000000002008b14                __ewram_end = ABSOLUTE (.)
                0x0000000002008b14                __ewram_overlay_lma = (__ewram_lma + SIZEOF (.ewram))

.sbss           0x0000000002008b14     0x1c00
                0x0000000002008b14                __sbss_start__ = ABSOLUTE (.)
 *(.sbss)
 .sbss          0x0000000002008b14     0x1c00 D:/devkitPro/libgba/lib\libgba.a(fade.o)
                0x0000000002008b14                FadeTable
                0x000000000200a314                CurrentPalette
                0x000000000200a714                . = ALIGN (0x4)
                0x000000000200a714                __sbss_end__ = ABSOLUTE (.)
                0x000000000200a714                __end__ = ABSOLUTE (.)
                0x000000000200a714                __eheap_start = ABSOLUTE (.)

.ewram0         0x000000000200a714        0x0 load address 0x0000000002008b14
 *(.ewram0)
                0x000000000200a714                . = ALIGN (0x4)
                [!provide]                        PROVIDE (__load_start_ewram0 = LOADADDR (.ewram0))
                [!provide]                        PROVIDE (__load_stop_ewram0 = (LOADADDR (.ewram0) + SIZEOF (.ewram0)))

.ewram1         0x000000000200a714        0x0
 *(.ewram1)
                0x000000000200a714                . = ALIGN (0x4)
                [!provide]                        PROVIDE (__load_start_ewram1 = LOADADDR (.ewram1))
                [!provide]                        PROVIDE (__load_stop_ewram1 = (LOADADDR (.ewram1) + SIZEOF (.ewram1)))

.ewram2         0x000000000200a714        0x0
 *(.ewram2)
                0x000000000200a714                . = ALIGN (0x4)
                [!provide]                        PROVIDE (__load_start_ewram2 = LOADADDR (.ewram2))
                [!provide]                        PROVIDE (__load_stop_ewram2 = (LOADADDR (.ewram2) + SIZEOF (.ewram2)))

.ewram3         0x000000000200a714        0x0
 *(.ewram3)
                0x000000000200a714                . = ALIGN (0x4)
                [!provide]                        PROVIDE (__load_start_ewram3 = LOADADDR (.ewram3))
                [!provide]                        PROVIDE (__load_stop_ewram3 = (LOADADDR (.ewram3) + SIZEOF (.ewram3)))

.ewram4         0x000000000200a714        0x0
 *(.ewram4)
                0x000000000200a714                . = ALIGN (0x4)
                [!provide]                        PROVIDE (__load_start_ewram4 = LOADADDR (.ewram4))
                [!provide]                        PROVIDE (__load_stop_ewram4 = (LOADADDR (.ewram4) + SIZEOF (.ewram4)))

.ewram5         0x000000000200a714        0x0
 *(.ewram5)
                0x000000000200a714                . = ALIGN (0x4)
                [!provide]                        PROVIDE (__load_start_ewram5 = LOADADDR (.ewram5))
                [!provide]                        PROVIDE (__load_stop_ewram5 = (LOADADDR (.ewram5) + SIZEOF (.ewram5)))

.ewram6         0x000000000200a714        0x0
 *(.ewram6)
                0x000000000200a714                . = ALIGN (0x4)
                [!provide]                        PROVIDE (__load_start_ewram6 = LOADADDR (.ewram6))
                [!provide]                        PROVIDE (__load_stop_ewram6 = (LOADADDR (.ewram6) + SIZEOF (.ewram6)))

.ewram7         0x000000000200a714        0x0
 *(.ewram7)
                0x000000000200a714                . = ALIGN (0x4)
                [!provide]                        PROVIDE (__load_start_ewram7 = LOADADDR (.ewram7))
                [!provide]                        PROVIDE (__load_stop_ewram7 = (LOADADDR (.ewram7) + SIZEOF (.ewram7)))

.ewram8         0x000000000200a714        0x0
 *(.ewram8)
                0x000000000200a714                . = ALIGN (0x4)
                [!provide]                        PROVIDE (__load_start_ewram8 = LOADADDR (.ewram8))
                [!provide]                        PROVIDE (__load_stop_ewram8 = (LOADADDR (.ewram8) + SIZEOF (.ewram8)))

.ewram9         0x000000000200a714        0x0
 *(.ewram9)
                0x000000000200a714                . = ALIGN (0x4)
                [!provide]                        PROVIDE (__load_start_ewram9 = LOADADDR (.ewram9))
                [!provide]                        PROVIDE (__load_stop_ewram9 = (LOADADDR (.ewram9) + SIZEOF (.ewram9)))
                0x000000000200a714                __ewram_overlay_end = ABSOLUTE (.)
                0x000000000200a714                __eheap_start = __ewram_overlay_end
                0x000000000200a714                _end = __ewram_overlay_end
                0x000000000200a714                __end__ = __ewram_overlay_end
                0x000000000200a714                __rom_end__ = __ewram_overlay_end

.stab
 *(.stab)

.stabstr
 *(.stabstr)

.stab.excl
 *(.stab.excl)

.stab.exclstr
 *(.stab.exclstr)

.stab.index
 *(.stab.index)

.stab.indexstr
 *(.stab.indexstr)

.comment        0x0000000000000000       0x44
 *(.comment)
 .comment       0x0000000000000000       0x22 d:/devkitpro/devkitarm/bin/../lib/gcc/arm-none-eabi/9.1.0/thumb/crtbegin.o
                                         0x23 (size before relaxing)
 .comment       0x0000000000000022       0x23 XbooLoad.o
 .comment       0x0000000000000022       0x22 D:/devkitPro/libgba/lib\libgba.a(xcomms_print.o)
                                         0x23 (size before relaxing)
 .comment       0x0000000000000044       0x23 D:/devkitPro/libgba/lib\libgba.a(pcx.o)
 .comment       0x0000000000000044       0x23 D:/devkitPro/libgba/lib\libgba.a(interrupt.o)
 .comment       0x0000000000000044       0x23 D:/devkitPro/libgba/lib\libgba.a(xcomms.o)
 .comment       0x0000000000000044       0x23 D:/devkitPro/libgba/lib\libgba.a(fade.o)
 .comment       0x0000000000000044       0x23 D:/devkitPro/libgba/lib\libgba.a(input.o)
 .comment       0x0000000000000044       0x23 d:/devkitpro/devkitarm/bin/../lib/gcc/arm-none-eabi/9.1.0/../../../../arm-none-eabi/lib/thumb\libg.a(lib_a-init.o)
 .comment       0x0000000000000044       0x23 d:/devkitpro/devkitarm/bin/../lib/gcc/arm-none-eabi/9.1.0/../../../../arm-none-eabi/lib/thumb\libg.a(lib_a-malloc.o)
 .comment       0x0000000000000044       0x23 d:/devkitpro/devkitarm/bin/../lib/gcc/arm-none-eabi/9.1.0/../../../../arm-none-eabi/lib/thumb\libg.a(lib_a-mallocr.o)
 .comment       0x0000000000000044       0x23 d:/devkitpro/devkitarm/bin/../lib/gcc/arm-none-eabi/9.1.0/../../../../arm-none-eabi/lib/thumb\libg.a(lib_a-memset.o)
 .comment       0x0000000000000044       0x23 d:/devkitpro/devkitarm/bin/../lib/gcc/arm-none-eabi/9.1.0/../../../../arm-none-eabi/lib/thumb\libg.a(lib_a-mlock.o)
 .comment       0x0000000000000044       0x23 d:/devkitpro/devkitarm/bin/../lib/gcc/arm-none-eabi/9.1.0/../../../../arm-none-eabi/lib/thumb\libg.a(lib_a-strlen-stub.o)
 .comment       0x0000000000000044       0x23 d:/devkitpro/devkitarm/bin/../lib/gcc/arm-none-eabi/9.1.0/../../../../arm-none-eabi/lib/thumb\libg.a(lib_a-vsnprintf.o)
 .comment       0x0000000000000044       0x23 d:/devkitpro/devkitarm/bin/../lib/gcc/arm-none-eabi/9.1.0/../../../../arm-none-eabi/lib/thumb\libg.a(lib_a-freer.o)
 .comment       0x0000000000000044       0x23 d:/devkitpro/devkitarm/bin/../lib/gcc/arm-none-eabi/9.1.0/../../../../arm-none-eabi/lib/thumb\libg.a(lib_a-svfprintf.o)
 .comment       0x0000000000000044       0x23 d:/devkitpro/devkitarm/bin/../lib/gcc/arm-none-eabi/9.1.0/../../../../arm-none-eabi/lib/thumb\libg.a(lib_a-wcrtomb.o)
 .comment       0x0000000000000044       0x23 d:/devkitpro/devkitarm/bin/../lib/gcc/arm-none-eabi/9.1.0/../../../../arm-none-eabi/lib/thumb\libg.a(lib_a-wcsrtombs.o)
 .comment       0x0000000000000044       0x23 d:/devkitpro/devkitarm/bin/../lib/gcc/arm-none-eabi/9.1.0/../../../../arm-none-eabi/lib/thumb\libg.a(lib_a-dtoa.o)
 .comment       0x0000000000000044       0x23 d:/devkitpro/devkitarm/bin/../lib/gcc/arm-none-eabi/9.1.0/../../../../arm-none-eabi/lib/thumb\libg.a(lib_a-localeconv.o)
 .comment       0x0000000000000044       0x23 d:/devkitpro/devkitarm/bin/../lib/gcc/arm-none-eabi/9.1.0/../../../../arm-none-eabi/lib/thumb\libg.a(lib_a-locale.o)
 .comment       0x0000000000000044       0x23 d:/devkitpro/devkitarm/bin/../lib/gcc/arm-none-eabi/9.1.0/../../../../arm-none-eabi/lib/thumb\libg.a(lib_a-mbtowc_r.o)
 .comment       0x0000000000000044       0x23 d:/devkitpro/devkitarm/bin/../lib/gcc/arm-none-eabi/9.1.0/../../../../arm-none-eabi/lib/thumb\libg.a(lib_a-memchr-stub.o)
 .comment       0x0000000000000044       0x23 d:/devkitpro/devkitarm/bin/../lib/gcc/arm-none-eabi/9.1.0/../../../../arm-none-eabi/lib/thumb\libg.a(lib_a-memcpy-stub.o)
 .comment       0x0000000000000044       0x23 d:/devkitpro/devkitarm/bin/../lib/gcc/arm-none-eabi/9.1.0/../../../../arm-none-eabi/lib/thumb\libg.a(lib_a-mprec.o)
 .comment       0x0000000000000044       0x23 d:/devkitpro/devkitarm/bin/../lib/gcc/arm-none-eabi/9.1.0/../../../../arm-none-eabi/lib/thumb\libg.a(lib_a-s_frexp.o)
 .comment       0x0000000000000044       0x23 d:/devkitpro/devkitarm/bin/../lib/gcc/arm-none-eabi/9.1.0/../../../../arm-none-eabi/lib/thumb\libg.a(lib_a-strncpy.o)
 .comment       0x0000000000000044       0x23 d:/devkitpro/devkitarm/bin/../lib/gcc/arm-none-eabi/9.1.0/../../../../arm-none-eabi/lib/thumb\libg.a(lib_a-svfiprintf.o)
 .comment       0x0000000000000044       0x23 d:/devkitpro/devkitarm/bin/../lib/gcc/arm-none-eabi/9.1.0/../../../../arm-none-eabi/lib/thumb\libg.a(lib_a-wcsnrtombs.o)
 .comment       0x0000000000000044       0x23 d:/devkitpro/devkitarm/bin/../lib/gcc/arm-none-eabi/9.1.0/../../../../arm-none-eabi/lib/thumb\libg.a(lib_a-wctomb_r.o)
 .comment       0x0000000000000044       0x23 d:/devkitpro/devkitarm/bin/../lib/gcc/arm-none-eabi/9.1.0/../../../../arm-none-eabi/lib/thumb\libg.a(lib_a-callocr.o)
 .comment       0x0000000000000044       0x23 d:/devkitpro/devkitarm/bin/../lib/gcc/arm-none-eabi/9.1.0/../../../../arm-none-eabi/lib/thumb\libg.a(lib_a-ctype_.o)
 .comment       0x0000000000000044       0x23 d:/devkitpro/devkitarm/bin/../lib/gcc/arm-none-eabi/9.1.0/../../../../arm-none-eabi/lib/thumb\libg.a(lib_a-memmove.o)
 .comment       0x0000000000000044       0x23 d:/devkitpro/devkitarm/bin/../lib/gcc/arm-none-eabi/9.1.0/../../../../arm-none-eabi/lib/thumb\libg.a(lib_a-reallocr.o)
 .comment       0x0000000000000044       0x23 d:/devkitpro/devkitarm/bin/../lib/gcc/arm-none-eabi/9.1.0/../../../../arm-none-eabi/lib/thumb\libsysbase.a(sbrk.o)
 .comment       0x0000000000000044       0x23 d:/devkitpro/devkitarm/bin/../lib/gcc/arm-none-eabi/9.1.0/../../../../arm-none-eabi/lib/thumb\libsysbase.a(malloc_vars.o)
 .comment       0x0000000000000044       0x23 d:/devkitpro/devkitarm/bin/../lib/gcc/arm-none-eabi/9.1.0/../../../../arm-none-eabi/lib/thumb\libsysbase.a(syscall_support.o)
 .comment       0x0000000000000044       0x23 d:/devkitpro/devkitarm/bin/../lib/gcc/arm-none-eabi/9.1.0/../../../../arm-none-eabi/lib/thumb\libsysbase.a(getreent.o)
 .comment       0x0000000000000044       0x23 d:/devkitpro/devkitarm/bin/../lib/gcc/arm-none-eabi/9.1.0/thumb\libgcc.a(_udivmoddi4.o)
 .comment       0x0000000000000044       0x23 d:/devkitpro/devkitarm/bin/../lib/gcc/arm-none-eabi/9.1.0/../../../../arm-none-eabi/lib/thumb\libg.a(lib_a-impure.o)
 .comment       0x0000000000000044       0x23 d:/devkitpro/devkitarm/bin/../lib/gcc/arm-none-eabi/9.1.0/thumb/crtend.o

.ARM.attributes
                0x0000000000000000       0x2c
 .ARM.attributes
                0x0000000000000000       0x20 d:/devkitpro/devkitarm/bin/../lib/gcc/arm-none-eabi/9.1.0/../../../../arm-none-eabi/lib/thumb/gba_crt0.o
 .ARM.attributes
                0x0000000000000020       0x1c d:/devkitpro/devkitarm/bin/../lib/gcc/arm-none-eabi/9.1.0/thumb/crti.o
 .ARM.attributes
                0x000000000000003c       0x2a d:/devkitpro/devkitarm/bin/../lib/gcc/arm-none-eabi/9.1.0/thumb/crtbegin.o
 .ARM.attributes
                0x0000000000000066       0x26 XbooLoad.o
 .ARM.attributes
                0x000000000000008c       0x2a D:/devkitPro/libgba/lib\libgba.a(xcomms_print.o)
 .ARM.attributes
                0x00000000000000b6       0x2a D:/devkitPro/libgba/lib\libgba.a(pcx.o)
 .ARM.attributes
                0x00000000000000e0       0x2a D:/devkitPro/libgba/lib\libgba.a(interrupt.o)
 .ARM.attributes
                0x000000000000010a       0x2a D:/devkitPro/libgba/lib\libgba.a(xcomms.o)
 .ARM.attributes
                0x0000000000000134       0x2a D:/devkitPro/libgba/lib\libgba.a(fade.o)
 .ARM.attributes
                0x000000000000015e       0x2a D:/devkitPro/libgba/lib\libgba.a(input.o)
 .ARM.attributes
                0x0000000000000188       0x1a D:/devkitPro/libgba/lib\libgba.a(InterruptDispatcher.o)
 .ARM.attributes
                0x00000000000001a2       0x1c d:/devkitpro/devkitarm/bin/../lib/gcc/arm-none-eabi/9.1.0/thumb\libgcc.a(_divsi3.o)
 .ARM.attributes
                0x00000000000001be       0x1c d:/devkitpro/devkitarm/bin/../lib/gcc/arm-none-eabi/9.1.0/thumb\libgcc.a(_dvmd_tls.o)
 .ARM.attributes
                0x00000000000001da       0x2a d:/devkitpro/devkitarm/bin/../lib/gcc/arm-none-eabi/9.1.0/../../../../arm-none-eabi/lib/thumb\libg.a(lib_a-init.o)
 .ARM.attributes
                0x0000000000000204       0x2a d:/devkitpro/devkitarm/bin/../lib/gcc/arm-none-eabi/9.1.0/../../../../arm-none-eabi/lib/thumb\libg.a(lib_a-malloc.o)
 .ARM.attributes
                0x000000000000022e       0x2a d:/devkitpro/devkitarm/bin/../lib/gcc/arm-none-eabi/9.1.0/../../../../arm-none-eabi/lib/thumb\libg.a(lib_a-mallocr.o)
 .ARM.attributes
                0x0000000000000258       0x2a d:/devkitpro/devkitarm/bin/../lib/gcc/arm-none-eabi/9.1.0/../../../../arm-none-eabi/lib/thumb\libg.a(lib_a-memset.o)
 .ARM.attributes
                0x0000000000000282       0x2a d:/devkitpro/devkitarm/bin/../lib/gcc/arm-none-eabi/9.1.0/../../../../arm-none-eabi/lib/thumb\libg.a(lib_a-mlock.o)
 .ARM.attributes
                0x00000000000002ac       0x2a d:/devkitpro/devkitarm/bin/../lib/gcc/arm-none-eabi/9.1.0/../../../../arm-none-eabi/lib/thumb\libg.a(lib_a-strlen-stub.o)
 .ARM.attributes
                0x00000000000002d6       0x2a d:/devkitpro/devkitarm/bin/../lib/gcc/arm-none-eabi/9.1.0/../../../../arm-none-eabi/lib/thumb\libg.a(lib_a-vsnprintf.o)
 .ARM.attributes
                0x0000000000000300       0x2a d:/devkitpro/devkitarm/bin/../lib/gcc/arm-none-eabi/9.1.0/../../../../arm-none-eabi/lib/thumb\libg.a(lib_a-freer.o)
 .ARM.attributes
                0x000000000000032a       0x2a d:/devkitpro/devkitarm/bin/../lib/gcc/arm-none-eabi/9.1.0/../../../../arm-none-eabi/lib/thumb\libg.a(lib_a-svfprintf.o)
 .ARM.attributes
                0x0000000000000354       0x2a d:/devkitpro/devkitarm/bin/../lib/gcc/arm-none-eabi/9.1.0/../../../../arm-none-eabi/lib/thumb\libg.a(lib_a-wcrtomb.o)
 .ARM.attributes
                0x000000000000037e       0x2a d:/devkitpro/devkitarm/bin/../lib/gcc/arm-none-eabi/9.1.0/../../../../arm-none-eabi/lib/thumb\libg.a(lib_a-wcsrtombs.o)
 .ARM.attributes
                0x00000000000003a8       0x2a d:/devkitpro/devkitarm/bin/../lib/gcc/arm-none-eabi/9.1.0/../../../../arm-none-eabi/lib/thumb\libg.a(lib_a-dtoa.o)
 .ARM.attributes
                0x00000000000003d2       0x2a d:/devkitpro/devkitarm/bin/../lib/gcc/arm-none-eabi/9.1.0/../../../../arm-none-eabi/lib/thumb\libg.a(lib_a-localeconv.o)
 .ARM.attributes
                0x00000000000003fc       0x2a d:/devkitpro/devkitarm/bin/../lib/gcc/arm-none-eabi/9.1.0/../../../../arm-none-eabi/lib/thumb\libg.a(lib_a-locale.o)
 .ARM.attributes
                0x0000000000000426       0x2a d:/devkitpro/devkitarm/bin/../lib/gcc/arm-none-eabi/9.1.0/../../../../arm-none-eabi/lib/thumb\libg.a(lib_a-mbtowc_r.o)
 .ARM.attributes
                0x0000000000000450       0x2a d:/devkitpro/devkitarm/bin/../lib/gcc/arm-none-eabi/9.1.0/../../../../arm-none-eabi/lib/thumb\libg.a(lib_a-memchr-stub.o)
 .ARM.attributes
                0x000000000000047a       0x2a d:/devkitpro/devkitarm/bin/../lib/gcc/arm-none-eabi/9.1.0/../../../../arm-none-eabi/lib/thumb\libg.a(lib_a-memcpy-stub.o)
 .ARM.attributes
                0x00000000000004a4       0x2a d:/devkitpro/devkitarm/bin/../lib/gcc/arm-none-eabi/9.1.0/../../../../arm-none-eabi/lib/thumb\libg.a(lib_a-mprec.o)
 .ARM.attributes
                0x00000000000004ce       0x2a d:/devkitpro/devkitarm/bin/../lib/gcc/arm-none-eabi/9.1.0/../../../../arm-none-eabi/lib/thumb\libg.a(lib_a-s_frexp.o)
 .ARM.attributes
                0x00000000000004f8       0x2a d:/devkitpro/devkitarm/bin/../lib/gcc/arm-none-eabi/9.1.0/../../../../arm-none-eabi/lib/thumb\libg.a(lib_a-strncpy.o)
 .ARM.attributes
                0x0000000000000522       0x2a d:/devkitpro/devkitarm/bin/../lib/gcc/arm-none-eabi/9.1.0/../../../../arm-none-eabi/lib/thumb\libg.a(lib_a-svfiprintf.o)
 .ARM.attributes
                0x000000000000054c       0x2a d:/devkitpro/devkitarm/bin/../lib/gcc/arm-none-eabi/9.1.0/../../../../arm-none-eabi/lib/thumb\libg.a(lib_a-wcsnrtombs.o)
 .ARM.attributes
                0x0000000000000576       0x2a d:/devkitpro/devkitarm/bin/../lib/gcc/arm-none-eabi/9.1.0/../../../../arm-none-eabi/lib/thumb\libg.a(lib_a-wctomb_r.o)
 .ARM.attributes
                0x00000000000005a0       0x2a d:/devkitpro/devkitarm/bin/../lib/gcc/arm-none-eabi/9.1.0/../../../../arm-none-eabi/lib/thumb\libg.a(lib_a-callocr.o)
 .ARM.attributes
                0x00000000000005ca       0x2a d:/devkitpro/devkitarm/bin/../lib/gcc/arm-none-eabi/9.1.0/../../../../arm-none-eabi/lib/thumb\libg.a(lib_a-ctype_.o)
 .ARM.attributes
                0x00000000000005f4       0x2a d:/devkitpro/devkitarm/bin/../lib/gcc/arm-none-eabi/9.1.0/../../../../arm-none-eabi/lib/thumb\libg.a(lib_a-memmove.o)
 .ARM.attributes
                0x000000000000061e       0x2a d:/devkitpro/devkitarm/bin/../lib/gcc/arm-none-eabi/9.1.0/../../../../arm-none-eabi/lib/thumb\libg.a(lib_a-reallocr.o)
 .ARM.attributes
                0x0000000000000648       0x2a d:/devkitpro/devkitarm/bin/../lib/gcc/arm-none-eabi/9.1.0/../../../../arm-none-eabi/lib/thumb\libsysbase.a(sbrk.o)
 .ARM.attributes
                0x0000000000000672       0x30 d:/devkitpro/devkitarm/bin/../lib/gcc/arm-none-eabi/9.1.0/../../../../arm-none-eabi/lib/thumb\libsysbase.a(malloc_vars.o)
 .ARM.attributes
                0x00000000000006a2       0x2a d:/devkitpro/devkitarm/bin/../lib/gcc/arm-none-eabi/9.1.0/../../../../arm-none-eabi/lib/thumb\libsysbase.a(syscall_support.o)
 .ARM.attributes
                0x00000000000006cc       0x2a d:/devkitpro/devkitarm/bin/../lib/gcc/arm-none-eabi/9.1.0/../../../../arm-none-eabi/lib/thumb\libsysbase.a(getreent.o)
 .ARM.attributes
                0x00000000000006f6       0x1c d:/devkitpro/devkitarm/bin/../lib/gcc/arm-none-eabi/9.1.0/thumb\libgcc.a(_thumb1_case_uqi.o)
 .ARM.attributes
                0x0000000000000712       0x1c d:/devkitpro/devkitarm/bin/../lib/gcc/arm-none-eabi/9.1.0/thumb\libgcc.a(_thumb1_case_uhi.o)
 .ARM.attributes
                0x000000000000072e       0x1c d:/devkitpro/devkitarm/bin/../lib/gcc/arm-none-eabi/9.1.0/thumb\libgcc.a(_udivsi3.o)
 .ARM.attributes
                0x000000000000074a       0x1c d:/devkitpro/devkitarm/bin/../lib/gcc/arm-none-eabi/9.1.0/thumb\libgcc.a(_arm_addsubdf3.o)
 .ARM.attributes
                0x0000000000000766       0x1c d:/devkitpro/devkitarm/bin/../lib/gcc/arm-none-eabi/9.1.0/thumb\libgcc.a(_arm_muldivdf3.o)
 .ARM.attributes
                0x0000000000000782       0x1c d:/devkitpro/devkitarm/bin/../lib/gcc/arm-none-eabi/9.1.0/thumb\libgcc.a(_arm_cmpdf2.o)
 .ARM.attributes
                0x000000000000079e       0x1c d:/devkitpro/devkitarm/bin/../lib/gcc/arm-none-eabi/9.1.0/thumb\libgcc.a(_arm_unorddf2.o)
 .ARM.attributes
                0x00000000000007ba       0x1c d:/devkitpro/devkitarm/bin/../lib/gcc/arm-none-eabi/9.1.0/thumb\libgcc.a(_arm_fixdfsi.o)
 .ARM.attributes
                0x00000000000007d6       0x1c d:/devkitpro/devkitarm/bin/../lib/gcc/arm-none-eabi/9.1.0/thumb\libgcc.a(_aeabi_uldivmod.o)
 .ARM.attributes
                0x00000000000007f2       0x2a d:/devkitpro/devkitarm/bin/../lib/gcc/arm-none-eabi/9.1.0/thumb\libgcc.a(_udivmoddi4.o)
 .ARM.attributes
                0x000000000000081c       0x1c d:/devkitpro/devkitarm/bin/../lib/gcc/arm-none-eabi/9.1.0/thumb\libgcc.a(_clzdi2.o)
 .ARM.attributes
                0x0000000000000838       0x1c d:/devkitpro/devkitarm/bin/../lib/gcc/arm-none-eabi/9.1.0/thumb\libgcc.a(_clzsi2.o)
 .ARM.attributes
                0x0000000000000854       0x30 d:/devkitpro/devkitarm/bin/../lib/gcc/arm-none-eabi/9.1.0/../../../../arm-none-eabi/lib/thumb\libg.a(lib_a-impure.o)
 .ARM.attributes
                0x0000000000000884       0x30 d:/devkitpro/devkitarm/bin/../lib/gcc/arm-none-eabi/9.1.0/thumb/crtend.o
 .ARM.attributes
                0x00000000000008b4       0x1c d:/devkitpro/devkitarm/bin/../lib/gcc/arm-none-eabi/9.1.0/thumb/crtn.o

.debug
 *(.debug)

.line
 *(.line)

.debug_srcinfo
 *(.debug_srcinfo)

.debug_sfnames
 *(.debug_sfnames)

.debug_aranges  0x0000000000000000      0x108
 *(.debug_aranges)
 .debug_aranges
                0x0000000000000000       0x28 XbooLoad.o
 .debug_aranges
                0x0000000000000028       0x20 D:/devkitPro/libgba/lib\libgba.a(xcomms_print.o)
 .debug_aranges
                0x0000000000000048       0x20 D:/devkitPro/libgba/lib\libgba.a(pcx.o)
 .debug_aranges
                0x0000000000000068       0x20 D:/devkitPro/libgba/lib\libgba.a(interrupt.o)
 .debug_aranges
                0x0000000000000088       0x20 D:/devkitPro/libgba/lib\libgba.a(xcomms.o)
 .debug_aranges
                0x00000000000000a8       0x20 D:/devkitPro/libgba/lib\libgba.a(fade.o)
 .debug_aranges
                0x00000000000000c8       0x20 D:/devkitPro/libgba/lib\libgba.a(input.o)
 .debug_aranges
                0x00000000000000e8       0x20 D:/devkitPro/libgba/lib\libgba.a(InterruptDispatcher.o)

.debug_pubnames
 *(.debug_pubnames)

.debug_info     0x0000000000000000     0x3ed4
 *(.debug_info)
 .debug_info    0x0000000000000000      0xf58 XbooLoad.o
 .debug_info    0x0000000000000f58      0xace D:/devkitPro/libgba/lib\libgba.a(xcomms_print.o)
 .debug_info    0x0000000000001a26      0x3bd D:/devkitPro/libgba/lib\libgba.a(pcx.o)
 .debug_info    0x0000000000001de3      0x41b D:/devkitPro/libgba/lib\libgba.a(interrupt.o)
 .debug_info    0x00000000000021fe     0x14f9 D:/devkitPro/libgba/lib\libgba.a(xcomms.o)
 .debug_info    0x00000000000036f7      0x550 D:/devkitPro/libgba/lib\libgba.a(fade.o)
 .debug_info    0x0000000000003c47      0x267 D:/devkitPro/libgba/lib\libgba.a(input.o)
 .debug_info    0x0000000000003eae       0x26 D:/devkitPro/libgba/lib\libgba.a(InterruptDispatcher.o)

.debug_abbrev   0x0000000000000000     0x1027
 *(.debug_abbrev)
 .debug_abbrev  0x0000000000000000      0x346 XbooLoad.o
 .debug_abbrev  0x0000000000000346      0x295 D:/devkitPro/libgba/lib\libgba.a(xcomms_print.o)
 .debug_abbrev  0x00000000000005db      0x137 D:/devkitPro/libgba/lib\libgba.a(pcx.o)
 .debug_abbrev  0x0000000000000712      0x1ee D:/devkitPro/libgba/lib\libgba.a(interrupt.o)
 .debug_abbrev  0x0000000000000900      0x409 D:/devkitPro/libgba/lib\libgba.a(xcomms.o)
 .debug_abbrev  0x0000000000000d09      0x1e4 D:/devkitPro/libgba/lib\libgba.a(fade.o)
 .debug_abbrev  0x0000000000000eed      0x126 D:/devkitPro/libgba/lib\libgba.a(input.o)
 .debug_abbrev  0x0000000000001013       0x14 D:/devkitPro/libgba/lib\libgba.a(InterruptDispatcher.o)

.debug_line     0x0000000000000000     0x24e2
 *(.debug_line)
 .debug_line    0x0000000000000000      0x2f2 XbooLoad.o
 .debug_line    0x00000000000002f2      0x267 D:/devkitPro/libgba/lib\libgba.a(xcomms_print.o)
 .debug_line    0x0000000000000559      0x34f D:/devkitPro/libgba/lib\libgba.a(pcx.o)
 .debug_line    0x00000000000008a8      0x5ae D:/devkitPro/libgba/lib\libgba.a(interrupt.o)
 .debug_line    0x0000000000000e56      0xd49 D:/devkitPro/libgba/lib\libgba.a(xcomms.o)
 .debug_line    0x0000000000001b9f      0x5fa D:/devkitPro/libgba/lib\libgba.a(fade.o)
 .debug_line    0x0000000000002199      0x297 D:/devkitPro/libgba/lib\libgba.a(input.o)
 .debug_line    0x0000000000002430       0xb2 D:/devkitPro/libgba/lib\libgba.a(InterruptDispatcher.o)

.debug_frame    0x0000000000000000      0x440
 *(.debug_frame)
 .debug_frame   0x0000000000000000       0x44 XbooLoad.o
 .debug_frame   0x0000000000000044       0x30 D:/devkitPro/libgba/lib\libgba.a(xcomms_print.o)
 .debug_frame   0x0000000000000074       0x3c D:/devkitPro/libgba/lib\libgba.a(pcx.o)
 .debug_frame   0x00000000000000b0       0xb0 D:/devkitPro/libgba/lib\libgba.a(interrupt.o)
 .debug_frame   0x0000000000000160      0x1b4 D:/devkitPro/libgba/lib\libgba.a(xcomms.o)
 .debug_frame   0x0000000000000314       0xac D:/devkitPro/libgba/lib\libgba.a(fade.o)
 .debug_frame   0x00000000000003c0       0x80 D:/devkitPro/libgba/lib\libgba.a(input.o)

.debug_str      0x0000000000000000      0xe99
 *(.debug_str)
 .debug_str     0x0000000000000000      0x8bc XbooLoad.o
                                        0x940 (size before relaxing)
 .debug_str     0x00000000000008bc      0x127 D:/devkitPro/libgba/lib\libgba.a(xcomms_print.o)
                                        0x620 (size before relaxing)
 .debug_str     0x00000000000009e3      0x10d D:/devkitPro/libgba/lib\libgba.a(pcx.o)
                                        0x263 (size before relaxing)
 .debug_str     0x0000000000000af0       0xf9 D:/devkitPro/libgba/lib\libgba.a(interrupt.o)
                                        0x310 (size before relaxing)
 .debug_str     0x0000000000000be9       0xe7 D:/devkitPro/libgba/lib\libgba.a(xcomms.o)
                                        0x70c (size before relaxing)
 .debug_str     0x0000000000000cd0       0xb2 D:/devkitPro/libgba/lib\libgba.a(fade.o)
                                        0x248 (size before relaxing)
 .debug_str     0x0000000000000d82       0xb7 D:/devkitPro/libgba/lib\libgba.a(input.o)
                                        0x21b (size before relaxing)
 .debug_str     0x0000000000000e39       0x60 D:/devkitPro/libgba/lib\libgba.a(InterruptDispatcher.o)
                                         0xa0 (size before relaxing)

.debug_loc      0x0000000000000000     0x1ec3
 *(.debug_loc)
 .debug_loc     0x0000000000000000       0xb6 XbooLoad.o
 .debug_loc     0x00000000000000b6       0x76 D:/devkitPro/libgba/lib\libgba.a(xcomms_print.o)
 .debug_loc     0x000000000000012c      0x6a9 D:/devkitPro/libgba/lib\libgba.a(pcx.o)
 .debug_loc     0x00000000000007d5      0x446 D:/devkitPro/libgba/lib\libgba.a(interrupt.o)
 .debug_loc     0x0000000000000c1b      0xb8e D:/devkitPro/libgba/lib\libgba.a(xcomms.o)
 .debug_loc     0x00000000000017a9      0x6db D:/devkitPro/libgba/lib\libgba.a(fade.o)
 .debug_loc     0x0000000000001e84       0x3f D:/devkitPro/libgba/lib\libgba.a(input.o)

.debug_macinfo
 *(.debug_macinfo)

.debug_weaknames
 *(.debug_weaknames)

.debug_funcnames
 *(.debug_funcnames)

.debug_typenames
 *(.debug_typenames)

.debug_varnames
 *(.debug_varnames)

.stack          0x0000000000080000        0x0
                0x0000000000080000                _stack = .
 *(.stack)
LOAD d:/devkitpro/devkitarm/bin/../lib/gcc/arm-none-eabi/9.1.0/../../../../arm-none-eabi/lib/thumb/gba_crt0.o
LOAD d:/devkitpro/devkitarm/bin/../lib/gcc/arm-none-eabi/9.1.0/thumb/crti.o
LOAD d:/devkitpro/devkitarm/bin/../lib/gcc/arm-none-eabi/9.1.0/thumb/crtbegin.o
LOAD XbooLoad.o
LOAD D:/devkitPro/libgba/lib\libgba.a
START GROUP
LOAD d:/devkitpro/devkitarm/bin/../lib/gcc/arm-none-eabi/9.1.0/thumb\libgcc.a
LOAD d:/devkitpro/devkitarm/bin/../lib/gcc/arm-none-eabi/9.1.0/../../../../arm-none-eabi/lib/thumb\libg.a
LOAD d:/devkitpro/devkitarm/bin/../lib/gcc/arm-none-eabi/9.1.0/../../../../arm-none-eabi/lib/thumb\libc.a
LOAD d:/devkitpro/devkitarm/bin/../lib/gcc/arm-none-eabi/9.1.0/../../../../arm-none-eabi/lib/thumb\libsysbase.a
END GROUP
LOAD d:/devkitpro/devkitarm/bin/../lib/gcc/arm-none-eabi/9.1.0/thumb/crtend.o
LOAD d:/devkitpro/devkitarm/bin/../lib/gcc/arm-none-eabi/9.1.0/thumb/crtn.o
OUTPUT(D:/devkitPRO/examples/gba/xboo/XbooLoad/XbooLoad_mb.elf elf32-littlearm)

.debug_ranges   0x0000000000000000      0x318
 .debug_ranges  0x0000000000000000       0x48 XbooLoad.o
 .debug_ranges  0x0000000000000048       0x28 D:/devkitPro/libgba/lib\libgba.a(pcx.o)
 .debug_ranges  0x0000000000000070       0x70 D:/devkitPro/libgba/lib\libgba.a(interrupt.o)
 .debug_ranges  0x00000000000000e0      0x1e8 D:/devkitPro/libgba/lib\libgba.a(xcomms.o)
 .debug_ranges  0x00000000000002c8       0x50 D:/devkitPro/libgba/lib\libgba.a(fade.o)
